# kflip gap in [0.125,0.375) cs=120000 maxsteps=2000000 accept=0.5020 censored=0 parity_identity_B-B0==t_mod2: HOLDS
#  k     n_k      a_k=E(-1)^tau_k   s_k=E(-1)^{B_k}   r_k=E(-1)^{dtau}   c_k=E[sig0 sig_k]   E[dtau]   E[gap_k]  E[s_k]   Cgap_k   Cs_k
    1   120000   -0.13060          +0.13060          -0.13060          -0.13060            5.53  0.2430  0.7777  +0.10893  +0.29013
    2   120000   +0.02628          -0.02628          -0.16278          +0.02628            6.03  0.2468  0.7913  +0.02495  +0.08587
    3   120000   -0.00997          +0.00997          -0.16438          -0.00997            6.12  0.2480  0.7960  +0.00758  +0.01363
    4   120000   +0.00113          -0.00113          -0.17337          +0.00113            6.06  0.2495  0.7980  +0.00878  -0.01352
    5   120000   +0.00242          -0.00242          -0.16782          +0.00242            6.00  0.2499  0.7988  +0.00550  -0.02673
    6   120000   -0.00168          +0.00168          -0.17300          -0.00168            6.00  0.2498  0.7992  +0.00143  -0.02603
    7   120000   +0.00085          -0.00085          -0.17313          +0.00085            6.01  0.2498  0.7992  -0.00097  -0.03318
    8   120000   +0.00040          -0.00040          -0.16695          +0.00040            6.01  0.2493  0.7992  -0.00088  -0.03463
    9   120000   -0.00113          +0.00113          -0.17153          -0.00113            6.02  0.2500  0.7998  +0.00120  -0.03363
   10   120000   -0.00012          +0.00012          -0.16785          -0.00012            5.96  0.2497  0.8007  +0.00443  -0.03548
   11   120000   +0.00005          -0.00005          -0.17057          +0.00005            6.05  0.2499  0.8001  +0.00185  -0.03590
   12   120000   +0.00137          -0.00137          -0.16735          +0.00137            6.02  0.2502  0.8003  -0.00215  -0.03548
   13   120000   +0.00442          -0.00442          -0.17082          +0.00442            5.94  0.2505  0.8001  +0.00133  -0.03215
   14   120000   +0.00263          -0.00263          -0.16922          +0.00263            5.95  0.2499  0.7995  +0.00450  -0.02722
   15   120000   -0.00365          +0.00365          -0.16932          -0.00365            5.98  0.2502  0.7997  +0.00333  -0.03668
   16   120000   -0.00498          +0.00498          -0.17003          -0.00498            5.98  0.2501  0.8008  -0.00222  -0.03767
# se ~ 0.00289
# tail of tau_k - tau_{k-1}, k=1 (n=120000):  t   P(dtau>=t)  t^2*P
          512  1.6667e-05      4.37
          256  5.8333e-05      3.82
          128  4.2500e-04      6.96
           64  1.9583e-03      8.02
           32  1.1417e-02     11.69
           16  5.9592e-02     15.26
            8  2.1218e-01     13.58
            4  4.8123e-01      7.70
            2  7.7246e-01      3.09
            1  1.0000e+00      1.00
# tail of tau_k - tau_{k-1}, k=2 (n=120000):  t   P(dtau>=t)  t^2*P
          512  8.3333e-06      2.18
          256  1.7500e-04     11.47
          128  7.3333e-04     12.01
           64  3.7417e-03     15.33
           32  1.8333e-02     18.77
           16  7.6958e-02     19.70
            8  2.2666e-01     14.51
            4  4.7040e-01      7.53
            2  7.4492e-01      2.98
            1  1.0000e+00      1.00
# tail of tau_k - tau_{k-1}, k=4 (n=120000):  t   P(dtau>=t)  t^2*P
         1024  8.3333e-06      8.74
          512  2.5000e-05      6.55
          256  1.8333e-04     12.01
          128  7.9167e-04     12.97
           64  4.2250e-03     17.31
           32  1.9608e-02     20.08
           16  7.8683e-02     20.14
            8  2.2379e-01     14.32
            4  4.6192e-01      7.39
            2  7.3466e-01      2.94
            1  1.0000e+00      1.00
# tail of tau_k - tau_{k-1}, k=8 (n=120000):  t   P(dtau>=t)  t^2*P
          512  4.1667e-05     10.92
          256  1.8333e-04     12.01
          128  8.5000e-04     13.93
           64  3.8417e-03     15.74
           32  1.8742e-02     19.19
           16  7.8175e-02     20.01
            8  2.2382e-01     14.32
            4  4.6063e-01      7.37
            2  7.3523e-01      2.94
            1  1.0000e+00      1.00
