# kflip gap in [0.001,0.01) cs=40000 maxsteps=2000000 accept=0.0356 censored=0 parity_identity_B-B0==t_mod2: HOLDS
#  k     n_k      a_k=E(-1)^tau_k   s_k=E(-1)^{B_k}   r_k=E(-1)^{dtau}   c_k=E[sig0 sig_k]   E[dtau]   E[gap_k]  E[s_k]   Cgap_k   Cs_k
    1    40000   -0.00090          +0.00090          -0.00090          -0.00090          134.05  0.1995  0.7152  +0.31730  +0.08020
    2    40000   +0.00175          -0.00175          -0.12355          +0.00175            9.94  0.2375  0.7742  +0.09035  -0.03830
    3    40000   +0.00240          -0.00240          -0.16355          +0.00240            6.52  0.2468  0.7902  +0.02230  -0.07750
    4    40000   +0.00055          -0.00055          -0.16565          +0.00055            6.07  0.2484  0.7971  +0.01210  -0.09525
    5    40000   -0.00170          +0.00170          -0.16505          -0.00170            6.04  0.2491  0.7981  +0.01045  -0.09675
    6    40000   -0.00025          +0.00025          -0.16835          -0.00025            6.01  0.2487  0.7980  +0.01070  -0.09800
    7    40000   +0.00940          -0.00940          -0.17045          +0.00940            6.07  0.2505  0.7995  -0.00490  -0.11145
    8    40000   -0.00875          +0.00875          -0.17935          -0.00875            6.08  0.2499  0.7997  +0.00020  -0.10295
    9    40000   +0.00430          -0.00430          -0.16355          +0.00430            5.89  0.2509  0.8001  -0.00240  -0.10870
   10    40000   -0.00325          +0.00325          -0.17595          -0.00325            5.85  0.2513  0.8011  -0.00760  -0.10820
   11    40000   -0.00025          +0.00025          -0.17300          -0.00025            5.86  0.2495  0.7996  +0.00560  -0.10600
   12    40000   -0.00160          +0.00160          -0.17355          -0.00160            6.06  0.2499  0.8003  +0.00325  -0.10300
   13    40000   -0.00450          +0.00450          -0.17270          -0.00450            5.99  0.2503  0.8008  -0.00165  -0.10720
   14    40000   -0.00750          +0.00750          -0.17580          -0.00750            5.95  0.2495  0.8012  +0.00275  -0.11950
   15    40000   -0.00630          +0.00630          -0.16780          -0.00630            6.09  0.2498  0.7994  -0.00130  -0.10460
   16    40000   +0.00780          -0.00780          -0.16700          +0.00780            5.98  0.2497  0.8004  +0.00060  -0.09895
# se ~ 0.00500
# tail of tau_k - tau_{k-1}, k=1 (n=40000):  t   P(dtau>=t)  t^2*P
         2048  2.5000e-04   1048.58
         1024  7.5750e-03   7942.96
          512  3.9475e-02  10348.13
          256  1.3553e-01   8881.77
          128  3.2027e-01   5247.39
           64  5.6063e-01   2296.32
           32  7.5830e-01    776.50
           16  8.8548e-01    226.68
            8  9.5230e-01     60.95
            4  9.8203e-01     15.71
            2  9.9450e-01      3.98
            1  1.0000e+00      1.00
# tail of tau_k - tau_{k-1}, k=2 (n=40000):  t   P(dtau>=t)  t^2*P
         2048  5.0000e-05    209.72
         1024  1.5000e-04    157.29
          512  5.7500e-04    150.73
          256  1.8500e-03    121.24
          128  6.0000e-03     98.30
           64  1.8100e-02     74.14
           32  5.0775e-02     51.99
           16  1.3810e-01     35.35
            8  3.1365e-01     20.07
            4  5.5130e-01      8.82
            2  7.9353e-01      3.17
            1  1.0000e+00      1.00
# tail of tau_k - tau_{k-1}, k=4 (n=40000):  t   P(dtau>=t)  t^2*P
          256  1.2500e-04      8.19
          128  9.7500e-04     15.97
           64  4.2500e-03     17.41
           32  1.9675e-02     20.15
           16  7.9250e-02     20.29
            8  2.2590e-01     14.46
            4  4.6590e-01      7.45
            2  7.3865e-01      2.95
            1  1.0000e+00      1.00
# tail of tau_k - tau_{k-1}, k=8 (n=40000):  t   P(dtau>=t)  t^2*P
         2048  2.5000e-05    104.86
         1024  2.5000e-05     26.21
          512  7.5000e-05     19.66
          256  2.5000e-04     16.38
          128  1.0000e-03     16.38
           64  3.9250e-03     16.08
           32  1.9150e-02     19.61
           16  7.6150e-02     19.49
            8  2.2132e-01     14.16
            4  4.5590e-01      7.29
            2  7.3085e-01      2.92
            1  1.0000e+00      1.00
