# start: together, s0=1 arcs (0.5,0.5), env block 0 ; B0=1
# lambda(x): measured=0.041530 (83061/2000000)  exact formula (1/3)sum r^4 = 0.041667  a-priori 1/(3(B+1)^3)=0.041667
# E[tau]=3.265  censored=0/200000
#  theta/pi    |E[z^tau]|    bound_measured_lambda   bound_apriori_1/(3(B+1)^3)
   0.1000      0.77499       0.99148   ok          0.99145   ok   (1-Re z^2=0.191)
   0.2000      0.63068       0.97015   ok          0.97005   ok   (1-Re z^2=0.691)
   0.3000      0.54264       0.94561   ok          0.94543   ok   (1-Re z^2=1.309)
   0.4000      0.48437       0.92705   ok          0.92682   ok   (1-Re z^2=1.809)
   0.5000      0.44576       0.92025   ok          0.92000   ok   (1-Re z^2=2.000)
   0.6000      0.42206       0.92705   ok          0.92682   ok   (1-Re z^2=1.809)
   0.7000      0.40684       0.94561   ok          0.94543   ok   (1-Re z^2=1.309)
   0.8000      0.40033       0.97015   ok          0.97005   ok   (1-Re z^2=0.691)
   0.9000      0.40062       0.99148   ok          0.99145   ok   (1-Re z^2=0.191)

# start: together, s0=0.6 arcs (0.1,0.5), env block 0.4 ; B0=2
# lambda(x): measured=0.029459 (58919/2000000)  exact formula (1/3)sum r^4 = 0.029400  a-priori 1/(3(B+1)^3)=0.012346
# E[tau]=8.027  censored=0/200000
#  theta/pi    |E[z^tau]|    bound_measured_lambda   bound_apriori_1/(3(B+1)^3)
   0.1000      0.43016       0.99408   ok          0.99759   ok   (1-Re z^2=0.191)
   0.2000      0.24058       0.97907   ok          0.99137   ok   (1-Re z^2=0.691)
   0.3000      0.16835       0.96141   ok          0.98383   ok   (1-Re z^2=1.309)
   0.4000      0.12795       0.94781   ok          0.97786   ok   (1-Re z^2=1.809)
   0.5000      0.10108       0.94277   ok          0.97561   ok   (1-Re z^2=2.000)
   0.6000      0.07839       0.94781   ok          0.97786   ok   (1-Re z^2=1.809)
   0.7000      0.06668       0.96141   ok          0.98383   ok   (1-Re z^2=1.309)
   0.8000      0.04861       0.97907   ok          0.99137   ok   (1-Re z^2=0.691)
   0.9000      0.03050       0.99408   ok          0.99759   ok   (1-Re z^2=0.191)

# start: together, s0=0.5 arcs (0.02,0.48), env block 0.5 ; B0=2
# lambda(x): measured=0.038556 (77112/2000000)  exact formula (1/3)sum r^4 = 0.038528  a-priori 1/(3(B+1)^3)=0.012346
# E[tau]=29.358  censored=0/200000
#  theta/pi    |E[z^tau]|    bound_measured_lambda   bound_apriori_1/(3(B+1)^3)
   0.1000      0.09930       0.99213   ok          0.99759   ok   (1-Re z^2=0.191)
   0.2000      0.05005       0.97237   ok          0.99137   ok   (1-Re z^2=0.691)
   0.3000      0.03523       0.94950   ok          0.98383   ok   (1-Re z^2=1.309)
   0.4000      0.02814       0.93214   ok          0.97786   ok   (1-Re z^2=1.809)
   0.5000      0.02167       0.92575   ok          0.97561   ok   (1-Re z^2=2.000)
   0.6000      0.01542       0.93214   ok          0.97786   ok   (1-Re z^2=1.809)
   0.7000      0.01087       0.94950   ok          0.98383   ok   (1-Re z^2=1.309)
   0.8000      0.01072       0.97237   ok          0.99137   ok   (1-Re z^2=0.691)
   0.9000      0.00698       0.99213   ok          0.99759   ok   (1-Re z^2=0.191)

