E2: k=5: 10395 configurations
  by r (num separating): (count, E|bias|, max|bias|, mean bias)
    0: n=  2190  E|b|=0.5000  max|b|=0.5000  mean=+0.5000
    1: n=  2745  E|b|=0.1805  max|b|=0.4688  mean=+0.1805
    2: n=  2760  E|b|=0.1195  max|b|=0.4375  mean=+0.0284
    3: n=  1860  E|b|=0.1239  max|b|=0.3750  mean=-0.0527
    4: n=   720  E|b|=0.1352  max|b|=0.4375  mean=-0.0984
    5: n=   120  E|b|=0.1440  max|b|=0.4688  mean=-0.1242
  by (r, min sep-cross by ALL): (count, E|bias|, max|bias|, mean bias)
    (0, -1): n=  2190  E|b|=0.5000  max|b|=0.5000  mean=+0.5000
    (1, 0): n=   691  E|b|=0.0000  max|b|=0.0000  mean=+0.0000
    (1, 1): n=   912  E|b|=0.1819  max|b|=0.2500  mean=+0.1819
    (1, 2): n=   742  E|b|=0.2707  max|b|=0.3750  mean=+0.2707
    (1, 3): n=   336  E|b|=0.3177  max|b|=0.4375  mean=+0.3177
    (1, 4): n=    64  E|b|=0.3433  max|b|=0.4688  mean=+0.3433
    (2, 0): n=   712  E|b|=0.1627  max|b|=0.2500  mean=-0.1627
    (2, 1): n=  1218  E|b|=0.0432  max|b|=0.2188  mean=+0.0314
    (2, 2): n=   652  E|b|=0.1734  max|b|=0.3438  mean=+0.1657
    (2, 3): n=   162  E|b|=0.2639  max|b|=0.4062  mean=+0.2623
    (2, 4): n=    16  E|b|=0.3438  max|b|=0.4375  mean=+0.3438
    (3, 0): n=   551  E|b|=0.2443  max|b|=0.3750  mean=-0.2443
    (3, 1): n=   716  E|b|=0.0636  max|b|=0.1875  mean=-0.0155
    (3, 2): n=   498  E|b|=0.0614  max|b|=0.3125  mean=+0.0579
    (3, 3): n=    90  E|b|=0.2000  max|b|=0.3750  mean=+0.1903
    (3, 4): n=     5  E|b|=0.3250  max|b|=0.3750  mean=+0.3250
    (4, 0): n=   236  E|b|=0.2858  max|b|=0.4375  mean=-0.2858
    (4, 1): n=   274  E|b|=0.0684  max|b|=0.2500  mean=-0.0479
    (4, 2): n=   158  E|b|=0.0542  max|b|=0.2500  mean=+0.0447
    (4, 3): n=    50  E|b|=0.0425  max|b|=0.3125  mean=+0.0425
    (4, 4): n=     2  E|b|=0.2500  max|b|=0.2500  mean=+0.2500
    (5, 0): n=    43  E|b|=0.3074  max|b|=0.4688  mean=-0.3074
    (5, 1): n=    46  E|b|=0.0652  max|b|=0.2500  mean=-0.0598
    (5, 2): n=    23  E|b|=0.0462  max|b|=0.1875  mean=+0.0462
    (5, 3): n=     7  E|b|=0.0000  max|b|=0.0000  mean=+0.0000
    (5, 4): n=     1  E|b|=0.0000  max|b|=0.0000  mean=+0.0000
  by (r, min sep-cross by SEP): (count, E|bias|, max|bias|, mean bias)
    (0, -1): n=  2190  E|b|=0.5000  max|b|=0.5000  mean=+0.5000
    (1, 0): n=  2745  E|b|=0.1805  max|b|=0.4688  mean=+0.1805
    (2, 0): n=  1380  E|b|=0.1471  max|b|=0.4062  mean=-0.0317
    (2, 1): n=  1380  E|b|=0.0919  max|b|=0.4375  mean=+0.0885
    (3, 0): n=   930  E|b|=0.1874  max|b|=0.3750  mean=-0.1427
    (3, 1): n=   620  E|b|=0.0674  max|b|=0.3750  mean=+0.0344
    (3, 2): n=   310  E|b|=0.0460  max|b|=0.3750  mean=+0.0431
    (4, 0): n=   300  E|b|=0.2467  max|b|=0.4375  mean=-0.2338
    (4, 1): n=   270  E|b|=0.0634  max|b|=0.2500  mean=-0.0204
    (4, 2): n=   120  E|b|=0.0479  max|b|=0.3125  mean=+0.0354
    (4, 3): n=    30  E|b|=0.0167  max|b|=0.2500  mean=+0.0167
    (5, 0): n=    43  E|b|=0.3074  max|b|=0.4688  mean=-0.3074
    (5, 1): n=    46  E|b|=0.0652  max|b|=0.2500  mean=-0.0598
    (5, 2): n=    23  E|b|=0.0462  max|b|=0.1875  mean=+0.0462
    (5, 3): n=     7  E|b|=0.0000  max|b|=0.0000  mean=+0.0000
    (5, 4): n=     1  E|b|=0.0000  max|b|=0.0000  mean=+0.0000
  by (r, conn_sep): (count, E|bias|, max|bias|, mean bias)
    (0, 1): n=  2190  E|b|=0.5000  max|b|=0.5000  mean=+0.5000
    (1, 1): n=  2745  E|b|=0.1805  max|b|=0.4688  mean=+0.1805
    (2, 0): n=  1380  E|b|=0.1471  max|b|=0.4062  mean=-0.0317
    (2, 1): n=  1380  E|b|=0.0919  max|b|=0.4375  mean=+0.0885
    (3, 0): n=   930  E|b|=0.1874  max|b|=0.3750  mean=-0.1427
    (3, 1): n=   930  E|b|=0.0603  max|b|=0.3750  mean=+0.0373
    (4, 0): n=   330  E|b|=0.2419  max|b|=0.4375  mean=-0.2286
    (4, 1): n=   390  E|b|=0.0450  max|b|=0.3125  mean=+0.0117
    (5, 0): n=    49  E|b|=0.3004  max|b|=0.4688  mean=-0.3004
    (5, 1): n=    71  E|b|=0.0361  max|b|=0.1875  mean=-0.0026
  by (r, rank_sep): (count, E|bias|, max|bias|, mean bias)
    (0, 0): n=  2190  E|b|=0.5000  max|b|=0.5000  mean=+0.5000
    (1, 0): n=  2745  E|b|=0.1805  max|b|=0.4688  mean=+0.1805
    (2, 0): n=  1380  E|b|=0.1471  max|b|=0.4062  mean=-0.0317
    (2, 2): n=  1380  E|b|=0.0919  max|b|=0.4375  mean=+0.0885
    (3, 0): n=   310  E|b|=0.2335  max|b|=0.3750  mean=-0.2030
    (3, 2): n=  1550  E|b|=0.1019  max|b|=0.3750  mean=-0.0227
    (4, 0): n=    30  E|b|=0.3542  max|b|=0.4375  mean=-0.3500
    (4, 2): n=   450  E|b|=0.1586  max|b|=0.3750  mean=-0.1219
    (4, 4): n=   240  E|b|=0.0641  max|b|=0.2500  mean=-0.0229
    (5, 0): n=     1  E|b|=0.4688  max|b|=0.4688  mean=-0.4688
    (5, 2): n=    35  E|b|=0.2393  max|b|=0.4375  mean=-0.2179
    (5, 4): n=    84  E|b|=0.1004  max|b|=0.3750  mean=-0.0811
  by (r, r - rank_sep): (count, E|bias|, max|bias|, mean bias)
    (0, 0): n=  2190  E|b|=0.5000  max|b|=0.5000  mean=+0.5000
    (1, 1): n=  2745  E|b|=0.1805  max|b|=0.4688  mean=+0.1805
    (2, 0): n=  1380  E|b|=0.0919  max|b|=0.4375  mean=+0.0885
    (2, 2): n=  1380  E|b|=0.1471  max|b|=0.4062  mean=-0.0317
    (3, 1): n=  1550  E|b|=0.1019  max|b|=0.3750  mean=-0.0227
    (3, 3): n=   310  E|b|=0.2335  max|b|=0.3750  mean=-0.2030
    (4, 0): n=   240  E|b|=0.0641  max|b|=0.2500  mean=-0.0229
    (4, 2): n=   450  E|b|=0.1586  max|b|=0.3750  mean=-0.1219
    (4, 4): n=    30  E|b|=0.3542  max|b|=0.4375  mean=-0.3500
    (5, 1): n=    84  E|b|=0.1004  max|b|=0.3750  mean=-0.0811
    (5, 3): n=    35  E|b|=0.2393  max|b|=0.4375  mean=-0.2179
    (5, 5): n=     1  E|b|=0.4688  max|b|=0.4688  mean=-0.4688
