E2: k=6: 135135 configurations
  by r (num separating): (count, E|bias|, max|bias|, mean bias)
    0: n= 23535  E|b|=0.5000  max|b|=0.5000  mean=+0.5000
    1: n= 29610  E|b|=0.1932  max|b|=0.4844  mean=+0.1932
    2: n= 33030  E|b|=0.1231  max|b|=0.4688  mean=+0.0510
    3: n= 27720  E|b|=0.1198  max|b|=0.4375  mean=-0.0242
    4: n= 15480  E|b|=0.1265  max|b|=0.4375  mean=-0.0680
    5: n=  5040  E|b|=0.1329  max|b|=0.4688  mean=-0.0946
    6: n=   720  E|b|=0.1375  max|b|=0.4844  mean=-0.1109
  by (r, min sep-cross by ALL): (count, E|bias|, max|bias|, mean bias)
    (0, -1): n= 23535  E|b|=0.5000  max|b|=0.5000  mean=+0.5000
    (1, 0): n=  5880  E|b|=0.0000  max|b|=0.0000  mean=+0.0000
    (1, 1): n=  8166  E|b|=0.1709  max|b|=0.2500  mean=+0.1709
    (1, 2): n=  8076  E|b|=0.2529  max|b|=0.3750  mean=+0.2529
    (1, 3): n=  5232  E|b|=0.2968  max|b|=0.4375  mean=+0.2968
    (1, 4): n=  1944  E|b|=0.3218  max|b|=0.4688  mean=+0.3218
    (1, 5): n=   312  E|b|=0.3364  max|b|=0.4844  mean=+0.3364
    (2, 0): n=  6756  E|b|=0.1544  max|b|=0.2500  mean=-0.1544
    (2, 1): n= 12970  E|b|=0.0456  max|b|=0.2344  mean=+0.0292
    (2, 2): n=  9039  E|b|=0.1561  max|b|=0.3594  mean=+0.1479
    (2, 3): n=  3481  E|b|=0.2284  max|b|=0.4219  mean=+0.2254
    (2, 4): n=   720  E|b|=0.2862  max|b|=0.4531  mean=+0.2855
    (2, 5): n=    64  E|b|=0.3433  max|b|=0.4688  mean=+0.3433
    (3, 0): n=  6428  E|b|=0.2306  max|b|=0.3750  mean=-0.2306
    (3, 1): n= 10012  E|b|=0.0713  max|b|=0.2656  mean=-0.0219
    (3, 2): n=  8448  E|b|=0.0707  max|b|=0.3438  mean=+0.0633
    (3, 3): n=  2492  E|b|=0.1760  max|b|=0.4062  mean=+0.1636
    (3, 4): n=   324  E|b|=0.2576  max|b|=0.4375  mean=+0.2551
    (3, 5): n=    16  E|b|=0.3438  max|b|=0.4375  mean=+0.3438
    (4, 0): n=  4002  E|b|=0.2703  max|b|=0.4375  mean=-0.2703
    (4, 1): n=  5621  E|b|=0.0816  max|b|=0.2812  mean=-0.0539
    (4, 2): n=  4019  E|b|=0.0663  max|b|=0.3125  mean=+0.0472
    (4, 3): n=  1663  E|b|=0.0695  max|b|=0.3750  mean=+0.0651
    (4, 4): n=   170  E|b|=0.1998  max|b|=0.4062  mean=+0.1862
    (4, 5): n=     5  E|b|=0.3250  max|b|=0.3750  mean=+0.3250
    (5, 0): n=  1436  E|b|=0.2920  max|b|=0.4688  mean=-0.2920
    (5, 1): n=  1868  E|b|=0.0837  max|b|=0.3125  mean=-0.0690
    (5, 2): n=  1176  E|b|=0.0573  max|b|=0.2656  mean=+0.0420
    (5, 3): n=   468  E|b|=0.0484  max|b|=0.3438  mean=+0.0383
    (5, 4): n=    90  E|b|=0.0389  max|b|=0.2500  mean=+0.0389
    (5, 5): n=     2  E|b|=0.2500  max|b|=0.2500  mean=+0.2500
    (6, 0): n=   223  E|b|=0.3039  max|b|=0.4844  mean=-0.3039
    (6, 1): n=   269  E|b|=0.0806  max|b|=0.3750  mean=-0.0741
    (6, 2): n=   155  E|b|=0.0475  max|b|=0.2500  mean=+0.0370
    (6, 3): n=    60  E|b|=0.0359  max|b|=0.2812  mean=+0.0359
    (6, 4): n=    12  E|b|=0.0052  max|b|=0.0625  mean=-0.0052
    (6, 5): n=     1  E|b|=0.0000  max|b|=0.0000  mean=+0.0000
  by (r, min sep-cross by SEP): (count, E|bias|, max|bias|, mean bias)
    (0, -1): n= 23535  E|b|=0.5000  max|b|=0.5000  mean=+0.5000
    (1, 0): n= 29610  E|b|=0.1932  max|b|=0.4844  mean=+0.1932
    (2, 0): n= 16515  E|b|=0.1407  max|b|=0.4531  mean=+0.0005
    (2, 1): n= 16515  E|b|=0.1056  max|b|=0.4688  mean=+0.1015
    (3, 0): n= 13860  E|b|=0.1647  max|b|=0.4062  mean=-0.0984
    (3, 1): n=  9240  E|b|=0.0815  max|b|=0.4375  mean=+0.0468
    (3, 2): n=  4620  E|b|=0.0618  max|b|=0.4375  mean=+0.0564
    (4, 0): n=  6450  E|b|=0.2082  max|b|=0.4375  mean=-0.1798
    (4, 1): n=  5805  E|b|=0.0754  max|b|=0.3750  mean=-0.0031
    (4, 2): n=  2580  E|b|=0.0605  max|b|=0.4062  mean=+0.0409
    (4, 3): n=   645  E|b|=0.0324  max|b|=0.3750  mean=+0.0295
    (5, 0): n=  1806  E|b|=0.2557  max|b|=0.4688  mean=-0.2466
    (5, 1): n=  1932  E|b|=0.0759  max|b|=0.3125  mean=-0.0399
    (5, 2): n=   966  E|b|=0.0564  max|b|=0.3438  mean=+0.0434
    (5, 3): n=   294  E|b|=0.0218  max|b|=0.2500  mean=+0.0099
    (5, 4): n=    42  E|b|=0.0119  max|b|=0.2500  mean=+0.0119
    (6, 0): n=   223  E|b|=0.3039  max|b|=0.4844  mean=-0.3039
    (6, 1): n=   269  E|b|=0.0806  max|b|=0.3750  mean=-0.0741
    (6, 2): n=   155  E|b|=0.0475  max|b|=0.2500  mean=+0.0370
    (6, 3): n=    60  E|b|=0.0359  max|b|=0.2812  mean=+0.0359
    (6, 4): n=    12  E|b|=0.0052  max|b|=0.0625  mean=-0.0052
    (6, 5): n=     1  E|b|=0.0000  max|b|=0.0000  mean=+0.0000
  by (r, conn_sep): (count, E|bias|, max|bias|, mean bias)
    (0, 1): n= 23535  E|b|=0.5000  max|b|=0.5000  mean=+0.5000
    (1, 1): n= 29610  E|b|=0.1932  max|b|=0.4844  mean=+0.1932
    (2, 0): n= 16515  E|b|=0.1407  max|b|=0.4531  mean=+0.0005
    (2, 1): n= 16515  E|b|=0.1056  max|b|=0.4688  mean=+0.1015
    (3, 0): n= 13860  E|b|=0.1647  max|b|=0.4062  mean=-0.0984
    (3, 1): n= 13860  E|b|=0.0749  max|b|=0.4375  mean=+0.0500
    (4, 0): n=  7095  E|b|=0.2040  max|b|=0.4375  mean=-0.1748
    (4, 1): n=  8385  E|b|=0.0608  max|b|=0.4062  mean=+0.0223
    (5, 0): n=  2058  E|b|=0.2489  max|b|=0.4688  mean=-0.2394
    (5, 1): n=  2982  E|b|=0.0528  max|b|=0.3438  mean=+0.0053
    (6, 0): n=   259  E|b|=0.2969  max|b|=0.4844  mean=-0.2969
    (6, 1): n=   461  E|b|=0.0480  max|b|=0.2812  mean=-0.0065
  by (r, rank_sep): (count, E|bias|, max|bias|, mean bias)
    (0, 0): n= 23535  E|b|=0.5000  max|b|=0.5000  mean=+0.5000
    (1, 0): n= 29610  E|b|=0.1932  max|b|=0.4844  mean=+0.1932
    (2, 0): n= 16515  E|b|=0.1407  max|b|=0.4531  mean=+0.0005
    (2, 2): n= 16515  E|b|=0.1056  max|b|=0.4688  mean=+0.1015
    (3, 0): n=  4620  E|b|=0.1993  max|b|=0.3906  mean=-0.1502
    (3, 2): n= 23100  E|b|=0.1039  max|b|=0.4375  mean=+0.0010
    (4, 0): n=   645  E|b|=0.2955  max|b|=0.4375  mean=-0.2816
    (4, 2): n=  9675  E|b|=0.1432  max|b|=0.4062  mean=-0.0878
    (4, 4): n=  5160  E|b|=0.0741  max|b|=0.3750  mean=-0.0042
    (5, 0): n=    42  E|b|=0.3966  max|b|=0.4688  mean=-0.3951
    (5, 2): n=  1470  E|b|=0.2056  max|b|=0.4375  mean=-0.1742
    (5, 4): n=  3528  E|b|=0.0995  max|b|=0.3750  mean=-0.0579
    (6, 0): n=     1  E|b|=0.4844  max|b|=0.4844  mean=-0.4844
    (6, 2): n=    70  E|b|=0.2808  max|b|=0.4688  mean=-0.2603
    (6, 4): n=   469  E|b|=0.1434  max|b|=0.4375  mean=-0.1150
    (6, 6): n=   180  E|b|=0.0648  max|b|=0.3750  mean=-0.0401
  by (r, r - rank_sep): (count, E|bias|, max|bias|, mean bias)
    (0, 0): n= 23535  E|b|=0.5000  max|b|=0.5000  mean=+0.5000
    (1, 1): n= 29610  E|b|=0.1932  max|b|=0.4844  mean=+0.1932
    (2, 0): n= 16515  E|b|=0.1056  max|b|=0.4688  mean=+0.1015
    (2, 2): n= 16515  E|b|=0.1407  max|b|=0.4531  mean=+0.0005
    (3, 1): n= 23100  E|b|=0.1039  max|b|=0.4375  mean=+0.0010
    (3, 3): n=  4620  E|b|=0.1993  max|b|=0.3906  mean=-0.1502
    (4, 0): n=  5160  E|b|=0.0741  max|b|=0.3750  mean=-0.0042
    (4, 2): n=  9675  E|b|=0.1432  max|b|=0.4062  mean=-0.0878
    (4, 4): n=   645  E|b|=0.2955  max|b|=0.4375  mean=-0.2816
    (5, 1): n=  3528  E|b|=0.0995  max|b|=0.3750  mean=-0.0579
    (5, 3): n=  1470  E|b|=0.2056  max|b|=0.4375  mean=-0.1742
    (5, 5): n=    42  E|b|=0.3966  max|b|=0.4688  mean=-0.3951
    (6, 0): n=   180  E|b|=0.0648  max|b|=0.3750  mean=-0.0401
    (6, 2): n=   469  E|b|=0.1434  max|b|=0.4375  mean=-0.1150
    (6, 4): n=    70  E|b|=0.2808  max|b|=0.4688  mean=-0.2603
    (6, 6): n=     1  E|b|=0.4844  max|b|=0.4844  mean=-0.4844
