SM psibar d=  128 cs=30000 fs=300 burn=16384: psi=8.256e-03 psi*d=1.0568 (se_floor~3.3e-04)
  gap bins: [state] b mass psi|bin contrib
  [apart]  1  0.12850  +0.0004  +4.622e-05
  [apart]  2  0.15173  -0.0007  -1.018e-04
  [apart]  3  0.10050  +0.0002  +2.111e-05
  [apart]  4  0.05647  +0.0022  +1.253e-04
  [apart]  5  0.03030  +0.0016  +4.933e-05
  [apart]  6  0.01547  +0.0052  +7.978e-05
  [apart]  7  0.00890  +0.0642  +5.713e-04
  [apart]  8  0.00457  +0.2322  +1.060e-03
  [apart]  9  0.00177  +0.4925  +8.700e-04
  [apart] 10  0.00097  +0.6938  +6.707e-04
  [apart] 11  0.00047  +0.8114  +3.787e-04
  [apart] 12  0.00023  +0.8933  +2.084e-04
  [apart] 13  0.00003  +0.9800  +3.267e-05
  [apart] 14  0.00003  +0.9667  +3.222e-05
  [apart] 15  0.00003  +0.9933  +3.311e-05
  [tog ]  1  0.12503  +0.0006  +7.556e-05
  [tog ]  2  0.15583  -0.0004  -6.067e-05
  [tog ]  3  0.09873  +0.0017  +1.678e-04
  [tog ]  4  0.05777  +0.0030  +1.716e-04
  [tog ]  5  0.03240  +0.0012  +3.800e-05
  [tog ]  6  0.01480  +0.0051  +7.578e-05
  [tog ]  7  0.00753  +0.0614  +4.624e-04
  [tog ]  8  0.00443  +0.2313  +1.025e-03
  [tog ]  9  0.00193  +0.5077  +9.816e-04
  [tog ] 10  0.00080  +0.6844  +5.476e-04
  [tog ] 11  0.00030  +0.8437  +2.531e-04
  [tog ] 12  0.00020  +0.9167  +1.833e-04
  [tog ] 13  0.00020  +0.9667  +1.933e-04
  [tog ] 14  0.00007  +0.9667  +6.444e-05
SM psibar d=  512 cs=50000 fs=500 burn=16384: psi=1.823e-03 psi*d=0.9334 (se_floor~2.0e-04)
  gap bins: [state] b mass psi|bin contrib
  [apart]  1  0.12496  +0.0006  +7.136e-05
  [apart]  2  0.15780  -0.0010  -1.538e-04
  [apart]  3  0.10424  -0.0010  -1.058e-04
  [apart]  4  0.05558  -0.0002  -1.216e-05
  [apart]  5  0.02994  +0.0009  +2.704e-05
  [apart]  6  0.01484  -0.0016  -2.424e-05
  [apart]  7  0.00766  +0.0045  +3.456e-05
  [apart]  8  0.00394  +0.0047  +1.840e-05
  [apart]  9  0.00190  +0.0525  +9.968e-05
  [apart] 10  0.00082  +0.2286  +1.874e-04
  [apart] 11  0.00062  +0.4747  +2.943e-04
  [apart] 12  0.00046  +0.6937  +3.191e-04
  [apart] 13  0.00012  +0.8553  +1.026e-04
  [apart] 14  0.00002  +0.9120  +1.824e-05
  [apart] 15  0.00004  +0.9680  +3.872e-05
  [tog ]  1  0.12360  -0.0003  -4.096e-05
  [tog ]  2  0.15328  -0.0005  -7.000e-05
  [tog ]  3  0.10274  +0.0006  +6.368e-05
  [tog ]  4  0.05764  +0.0002  +1.440e-05
  [tog ]  5  0.02882  -0.0015  -4.368e-05
  [tog ]  6  0.01554  +0.0026  +4.096e-05
  [tog ]  7  0.00790  -0.0002  -1.600e-06
  [tog ]  8  0.00362  +0.0046  +1.680e-05
  [tog ]  9  0.00194  +0.0578  +1.121e-04
  [tog ] 10  0.00104  +0.2155  +2.241e-04
  [tog ] 11  0.00042  +0.4758  +1.998e-04
  [tog ] 12  0.00030  +0.6832  +2.050e-04
  [tog ] 13  0.00016  +0.8225  +1.316e-04
  [tog ] 14  0.00004  +0.8940  +3.576e-05
  [tog ] 16  0.00002  +0.9840  +1.968e-05
SM psibar d=  256 cs=40000 fs=300 burn=16384: psi=4.338e-03 psi*d=1.1106 (se_floor~2.9e-04)
  gap bins: [state] b mass psi|bin contrib
  [apart]  1  0.12452  -0.0002  -2.600e-05
  [apart]  2  0.15787  +0.0013  +2.028e-04
  [apart]  3  0.10210  +0.0003  +3.367e-05
  [apart]  4  0.05663  -0.0012  -6.817e-05
  [apart]  5  0.02995  -0.0002  -6.333e-06
  [apart]  6  0.01515  -0.0047  -7.083e-05
  [apart]  7  0.00762  +0.0078  +5.950e-05
  [apart]  8  0.00400  +0.0530  +2.118e-04
  [apart]  9  0.00230  +0.2341  +5.383e-04
  [apart] 10  0.00080  +0.4625  +3.700e-04
  [apart] 11  0.00040  +0.7154  +2.862e-04
  [apart] 12  0.00052  +0.8387  +4.403e-04
  [apart] 13  0.00013  +0.9253  +1.157e-04
  [apart] 14  0.00010  +0.9217  +9.217e-05
  [tog ]  1  0.12525  -0.0001  -1.517e-05
  [tog ]  2  0.15452  +0.0006  +9.650e-05
  [tog ]  3  0.10175  -0.0001  -1.000e-05
  [tog ]  4  0.05572  +0.0006  +3.433e-05
  [tog ]  5  0.03025  +0.0005  +1.600e-05
  [tog ]  6  0.01512  +0.0013  +1.950e-05
  [tog ]  7  0.00797  +0.0095  +7.583e-05
  [tog ]  8  0.00352  +0.0609  +2.147e-04
  [tog ]  9  0.00180  +0.2477  +4.458e-04
  [tog ] 10  0.00068  +0.4746  +3.203e-04
  [tog ] 11  0.00085  +0.6708  +5.702e-04
  [tog ] 12  0.00025  +0.8300  +2.075e-04
  [tog ] 13  0.00013  +0.8920  +1.115e-04
  [tog ] 14  0.00007  +0.9600  +7.200e-05
