SM psibar d= 1024 cs=50000 fs=500 burn=16384: psi=8.504e-04 psi*d=0.8708 (se_floor~2.0e-04)
  gap bins: [state] b mass psi|bin contrib
  [apart]  1  0.12664  -0.0003  -3.936e-05
  [apart]  2  0.15496  -0.0002  -3.216e-05
  [apart]  3  0.10004  +0.0008  +7.840e-05
  [apart]  4  0.05440  +0.0008  +4.264e-05
  [apart]  5  0.03018  +0.0002  +6.480e-06
  [apart]  6  0.01630  +0.0012  +1.952e-05
  [apart]  7  0.00740  +0.0027  +2.008e-05
  [apart]  8  0.00396  -0.0003  -1.280e-06
  [apart]  9  0.00182  +0.0000  +8.000e-08
  [apart] 10  0.00074  +0.0564  +4.176e-05
  [apart] 11  0.00042  +0.2295  +9.640e-05
  [apart] 12  0.00024  +0.4487  +1.077e-04
  [apart] 13  0.00010  +0.6776  +6.776e-05
  [apart] 14  0.00004  +0.8200  +3.280e-05
  [tog ]  1  0.12676  -0.0003  -3.688e-05
  [tog ]  2  0.15852  +0.0004  +6.776e-05
  [tog ]  3  0.10100  -0.0007  -6.704e-05
  [tog ]  4  0.05750  +0.0005  +2.608e-05
  [tog ]  5  0.02910  +0.0000  +1.600e-07
  [tog ]  6  0.01574  +0.0007  +1.104e-05
  [tog ]  7  0.00736  +0.0011  +8.240e-06
  [tog ]  8  0.00346  -0.0032  -1.112e-05
  [tog ]  9  0.00162  +0.0073  +1.176e-05
  [tog ] 10  0.00080  +0.0557  +4.456e-05
  [tog ] 11  0.00052  +0.2552  +1.327e-04
  [tog ] 12  0.00026  +0.5095  +1.325e-04
  [tog ] 13  0.00008  +0.6780  +5.424e-05
  [tog ] 14  0.00002  +0.8520  +1.704e-05
  [tog ] 15  0.00002  +0.9280  +1.856e-05
