n=100 squares=300 marks/square=3 M=8 seed=3 maxtog=60 instances=900  separation check: 30599/30599
  empirical hazard: j, N(1..j-1 bad), P[j good | 1..j-1 bad], P[1..j all bad]
    j=1: N=900 P[good|prefix bad]=0.400  P[all bad up to j]=0.6000
    j=2: N=520 P[good|prefix bad]=0.413  P[all bad up to j]=0.3519
    j=3: N=292 P[good|prefix bad]=0.408  P[all bad up to j]=0.2085
    j=4: N=168 P[good|prefix bad]=0.357  P[all bad up to j]=0.1340
    j=5: N=100 P[good|prefix bad]=0.350  P[all bad up to j]=0.0871
    j=6: N=62 P[good|prefix bad]=0.387  P[all bad up to j]=0.0534
    j=7: N=35 P[good|prefix bad]=0.543  P[all bad up to j]=0.0244
    j=8: N=16 P[good|prefix bad]=0.438  P[all bad up to j]=0.0137
  bad candidates split: j=1: joined 455 / separated-inadmissible 85, j=2: joined 257 / separated-inadmissible 48, j=3: joined 145 / separated-inadmissible 28, j=4: joined 91 / separated-inadmissible 17, j=5: joined 55 / separated-inadmissible 10, j=6: joined 31 / separated-inadmissible 7, j=7: joined 15 / separated-inadmissible 1, j=8: joined 6 / separated-inadmissible 3
  toggles for candidate j given 1..j bad: mean #good-pair toggles d, mean #ok (j becomes good), mean #preserving (1..j-1 still bad),
  fraction preserving among ok, distribution of #earlier candidates flipped, mean footprint length/n
    j=1: N=455 d=406.1 ok=286.5 pres=286.5 pres/ok=1.000 flips={0: 1.0} footprint/n=0.342
    j=2: N=257 d=362.4 ok=254.7 pres=242.9 pres/ok=0.954 flips={0: 0.954, 1: 0.046} footprint/n=0.342
    j=3: N=145 d=410.0 ok=285.1 pres=264.1 pres/ok=0.926 flips={0: 0.926, 1: 0.071, 2: 0.003} footprint/n=0.342
    j=4: N=91 d=411.8 ok=299.2 pres=266.2 pres/ok=0.890 flips={0: 0.89, 1: 0.103, 2: 0.007} footprint/n=0.346
    j=5: N=55 d=372.5 ok=281.8 pres=236.6 pres/ok=0.840 flips={0: 0.84, 1: 0.152, 2: 0.009} footprint/n=0.344
    j=6: N=31 d=440.6 ok=286.9 pres=233.5 pres/ok=0.814 flips={0: 0.814, 1: 0.167, 2: 0.02} footprint/n=0.331
    j=7: N=15 d=417.6 ok=310.9 pres=234.1 pres/ok=0.753 flips={0: 0.753, 1: 0.218, 2: 0.021, 3: 0.008} footprint/n=0.345
    j=8: N=6 d=555.7 ok=400.1 pres=282.2 pres/ok=0.705 flips={0: 0.705, 1: 0.241, 2: 0.049, 3: 0.004} footprint/n=0.340
  flip rate per earlier candidate by footprint length bin (len/n in [b/10,(b+1)/10)): bin: rate (#ok toggles)
    0.0: 0.007 (2159)  0.1: 0.026 (2407)  0.2: 0.043 (2155)  0.3: 0.062 (1829)  0.4: 0.063 (1560)  0.5: 0.057 (1348)  0.6: 0.060 (967)  0.7: 0.054 (736)  0.8: 0.035 (450)  0.9: 0.022 (150)
  merging switches: joined x1,y1 in 24392/24392 cases
  identity check: j, E[f_j|E_j] (all of E_j), E[b_j|F_j], mean #merging switches |F_j, mean |Z||Z'| |F_j, ratio E[b|F]/E[f|E], N(E_j)/N(F_j)
    j=1: E[f|E]=241.4 E[b|F]=373.4 merging=373.4 |Z||Z'|=752.5 b/n^2=0.0373 ratio=1.547 N(E)/N(F)=1.500
    j=2: E[f|E]=204.7 E[b|F]=375.5 merging=394.8 |Z||Z'|=777.6 b/n^2=0.0375 ratio=1.834 N(E)/N(F)=1.419
    j=3: E[f|E]=221.4 E[b|F]=308.8 merging=334.0 |Z||Z'|=680.3 b/n^2=0.0309 ratio=1.395 N(E)/N(F)=1.454
    j=4: E[f|E]=224.3 E[b|F]=317.9 merging=360.7 |Z||Z'|=721.3 b/n^2=0.0318 ratio=1.417 N(E)/N(F)=1.800
    j=5: E[f|E]=200.2 E[b|F]=298.3 merging=362.9 |Z||Z'|=710.6 b/n^2=0.0298 ratio=1.490 N(E)/N(F)=1.857
    j=6: E[f|E]=190.5 E[b|F]=308.0 merging=388.5 |Z||Z'|=778.5 b/n^2=0.0308 ratio=1.617 N(E)/N(F)=1.583
    j=7: E[f|E]=219.5 E[b|F]=228.6 merging=293.1 |Z||Z'|=550.3 b/n^2=0.0229 ratio=1.041 N(E)/N(F)=0.842
    j=8: E[f|E]=188.1 E[b|F]=261.9 merging=342.3 |Z||Z'|=746.7 b/n^2=0.0262 ratio=1.392 N(E)/N(F)=1.286
