n=100: squares=500 instances=3000
  P[B]-P[A] = -0.0300 (+-0.0183);  P[B,Flip=0]-P[A,Flip=0] = -0.0067;  P[Flip=0] = 0.0413;  E[2^-(K0-1)] = 0.0382
  ladder coins flippable: 0.4993 of 51040
  K0 : count  P[Flip=0 | K0]  2^-(K0-1)
    2 :   121   0.5455         0.5000
    3 :   103   0.2427         0.2500
    4 :   102   0.1275         0.1250
    5 :   130   0.0692         0.0625
    6 :   128   0.0625         0.0312
    7 :   122   0.0082         0.0156
    8 :    94   0.0000         0.0078
    9 :   111   0.0180         0.0039
   10 :    85   0.0000         0.0020
   11 :   103   0.0000         0.0010
   12 :    77   0.0000         0.0005
   13 :    80   0.0000         0.0002
   14 :   104   0.0000         0.0001
   15 :    86   0.0000         0.0001
   16 :   107   0.0000         0.0000
   17 :    93   0.0000         0.0000
   18 :    79   0.0000         0.0000
   19 :    73   0.0000         0.0000
   20 :    67   0.0000         0.0000
   21 :    74   0.0000         0.0000
   22 :    63   0.0000         0.0000
   23 :    82   0.0000         0.0000
   24 :    56   0.0000         0.0000
   25 :    51   0.0000         0.0000
   26 :    61   0.0000         0.0000
   27 :    54   0.0000         0.0000
   28 :    67   0.0000         0.0000
   29 :    43   0.0000         0.0000
   30 :    54   0.0000         0.0000
   31 :    51   0.0000         0.0000
   32 :    46   0.0000         0.0000
   33 :    40   0.0000         0.0000
   34 :    39   0.0000         0.0000
   35 :    54   0.0000         0.0000
   36 :    46   0.0000         0.0000
   37 :    33   0.0000         0.0000
   38 :    42   0.0000         0.0000
   39 :    26   0.0000         0.0000
   40+:   153   0.0000         0.0000
  ladder j-cycle length <= l (fraction of pairs): 1:0.0000, 2:0.0096, 3:0.0198, 5:0.0409, 10:0.0919, 20:0.1926, 50:0.4907, 100:1.0000
  instances with K0 >= 25: 860; of these, fraction having a flippable ladder pair whose j-cycle has length <= l: 2:0.2570, 3:0.4791, 5:0.7186, 10:0.9465, 20:0.9977, 50:1.0000, 100:1.0000
  first flippable ladder index k: 1:1534, 2:685, 3:330, 4:162, 5:84, 6:38, 7:24, 8:13, 9:3, 10:2, 13:1
