n=50: squares=1200 instances=7200
  P[B]-P[A] = +0.0083 (+-0.0118);  P[B,Flip=0]-P[A,Flip=0] = +0.0050;  P[Flip=0] = 0.0789;  E[2^-(K0-1)] = 0.0767
  ladder coins flippable: 0.5002 of 62082
  K0 : count  P[Flip=0 | K0]  2^-(K0-1)
    2 :   563   0.4796         0.5000
    3 :   581   0.2651         0.2500
    4 :   515   0.1417         0.1250
    5 :   542   0.0701         0.0625
    6 :   445   0.0360         0.0312
    7 :   429   0.0303         0.0156
    8 :   452   0.0022         0.0078
    9 :   427   0.0047         0.0039
   10 :   363   0.0000         0.0020
   11 :   387   0.0026         0.0010
   12 :   355   0.0000         0.0005
   13 :   297   0.0000         0.0002
   14 :   271   0.0000         0.0001
   15 :   273   0.0000         0.0001
   16 :   234   0.0000         0.0000
   17 :   227   0.0000         0.0000
   18 :   178   0.0000         0.0000
   19 :   166   0.0000         0.0000
   20 :   157   0.0000         0.0000
   21 :   122   0.0000         0.0000
   22 :    95   0.0000         0.0000
   23 :    60   0.0000         0.0000
   24 :    44   0.0000         0.0000
   25 :    17   0.0000         0.0000
  ladder j-cycle length <= l (fraction of pairs): 1:0.0000, 2:0.0210, 3:0.0408, 5:0.0814, 10:0.1818, 20:0.3809, 50:1.0000
  instances with K0 >= 12: 2496; of these, fraction having a flippable ladder pair whose j-cycle has length <= l: 2:0.2696, 3:0.4631, 5:0.7067, 10:0.9283, 20:0.9956, 50:1.0000
  first flippable ladder index k: 1:3628, 2:1639, 3:741, 4:355, 5:147, 6:75, 7:31, 8:6, 9:3, 10:3, 11:1, 12:1
