# fixed 3 nsamp=20000000 seed=11
#  k    n        a_k=E(-1)^tau_k     se        b_k=E[a_k(x)^2]   se
    1  20000000   -0.40011   0.00022    +0.16021   0.00022
    2  20000000   +0.15261   0.00022    +0.02360   0.00022
    3  20000000   -0.06685   0.00022    +0.00464   0.00022
    4  20000000   +0.03306   0.00022    +0.00127   0.00022
    5  20000000   -0.01832   0.00022    +0.00040   0.00022
    6  20000000   +0.01108   0.00022    +0.00023   0.00022
    7  20000000   -0.00669   0.00022    -0.00016   0.00022
    8  20000000   +0.00492   0.00022    +0.00001   0.00022
    9  20000000   -0.00309   0.00022    -0.00000   0.00022
   10  20000000   +0.00268   0.00022    +0.00047   0.00022
   11  20000000   -0.00200   0.00022    -0.00024   0.00022
   12  20000000   +0.00189   0.00022    -0.00016   0.00022
   13  20000000   -0.00123   0.00022    +0.00004   0.00022
   14  20000000   +0.00082   0.00022    +0.00021   0.00022
   15  20000000   -0.00051   0.00022    -0.00036   0.00022
   16  20000000   +0.00098   0.00022    -0.00011   0.00022
   17  20000000   -0.00075   0.00022    +0.00008   0.00022
   18  20000000   +0.00073   0.00022    +0.00011   0.00022
   19  20000000   -0.00023   0.00022    +0.00004   0.00022
   20  20000000   +0.00034   0.00022    -0.00015   0.00022
   21  20000000   +0.00013   0.00022    -0.00049   0.00022
   22  20000000   +0.00003   0.00022    +0.00003   0.00022
   23  20000000   -0.00067   0.00022    +0.00002   0.00022
   24  20000000   +0.00008   0.00022    -0.00047   0.00022
