# fixed 2 nsamp=20000000 seed=12
#  k    n        a_k=E(-1)^tau_k     se        b_k=E[a_k(x)^2]   se
    1  20000000   -0.00379   0.00022    +0.00050   0.00022
    2  20000000   -0.06063   0.00022    +0.00354   0.00022
    3  20000000   +0.03851   0.00022    +0.00177   0.00022
    4  20000000   -0.02187   0.00022    +0.00034   0.00022
    5  20000000   +0.01322   0.00022    +0.00033   0.00022
    6  20000000   -0.00860   0.00022    +0.00003   0.00022
    7  20000000   +0.00595   0.00022    -0.00023   0.00022
    8  20000000   -0.00409   0.00022    +0.00011   0.00022
    9  20000000   +0.00314   0.00022    +0.00008   0.00022
   10  20000000   -0.00196   0.00022    +0.00027   0.00022
   11  20000000   +0.00177   0.00022    -0.00012   0.00022
   12  20000000   -0.00140   0.00022    +0.00028   0.00022
   13  20000000   +0.00105   0.00022    +0.00038   0.00022
   14  20000000   -0.00116   0.00022    +0.00021   0.00022
   15  20000000   +0.00063   0.00022    +0.00008   0.00022
   16  20000000   -0.00075   0.00022    +0.00011   0.00022
   17  20000000   +0.00022   0.00022    -0.00003   0.00022
   18  20000000   -0.00050   0.00022    +0.00019   0.00022
   19  20000000   +0.00069   0.00022    +0.00003   0.00022
   20  20000000   -0.00052   0.00022    +0.00035   0.00022
   21  20000000   +0.00048   0.00022    -0.00027   0.00022
   22  20000000   +0.00010   0.00022    -0.00005   0.00022
   23  20000000   +0.00051   0.00022    +0.00013   0.00022
   24  20000000   -0.00039   0.00022    +0.00050   0.00022
