# fixed 0 nsamp=20000000 seed=11
#  k    n        a_k=E(-1)^tau_k     se        b_k=E[a_k(x)^2]   se
    1  20000000   -0.40028   0.00022    +0.16029   0.00022
    2  20000000   +0.15304   0.00022    +0.02325   0.00022
    3  20000000   -0.06738   0.00022    +0.00468   0.00022
    4  20000000   +0.03346   0.00022    +0.00136   0.00022
    5  20000000   -0.01861   0.00022    +0.00069   0.00022
    6  20000000   +0.01112   0.00022    -0.00004   0.00022
    7  20000000   -0.00733   0.00022    +0.00002   0.00022
    8  20000000   +0.00484   0.00022    +0.00008   0.00022
    9  20000000   -0.00341   0.00022    +0.00005   0.00022
   10  20000000   +0.00220   0.00022    +0.00002   0.00022
   11  20000000   -0.00191   0.00022    -0.00065   0.00022
   12  20000000   +0.00147   0.00022    +0.00014   0.00022
   13  20000000   -0.00128   0.00022    +0.00009   0.00022
   14  20000000   +0.00093   0.00022    -0.00019   0.00022
   15  20000000   -0.00057   0.00022    -0.00008   0.00022
   16  20000000   +0.00055   0.00022    +0.00008   0.00022
   17  20000000   -0.00033   0.00022    -0.00007   0.00022
   18  20000000   +0.00020   0.00022    +0.00003   0.00022
   19  20000000   -0.00044   0.00022    -0.00002   0.00022
   20  20000000   +0.00073   0.00022    +0.00046   0.00022
   21  20000000   -0.00031   0.00022    -0.00016   0.00022
   22  20000000   +0.00030   0.00022    -0.00009   0.00022
   23  20000000   -0.00015   0.00022    +0.00030   0.00022
   24  20000000   -0.00046   0.00022    -0.00037   0.00022
