# fixed 4 nsamp=20000000 seed=12
#  k    n        a_k=E(-1)^tau_k     se        b_k=E[a_k(x)^2]   se
    1  20000000   -0.00451   0.00022    -0.00011   0.00022
    2  20000000   -0.06070   0.00022    +0.00333   0.00022
    3  20000000   +0.03831   0.00022    +0.00214   0.00022
    4  20000000   -0.02189   0.00022    +0.00024   0.00022
    5  20000000   +0.01326   0.00022    +0.00022   0.00022
    6  20000000   -0.00810   0.00022    +0.00027   0.00022
    7  20000000   +0.00552   0.00022    -0.00004   0.00022
    8  20000000   -0.00406   0.00022    +0.00035   0.00022
    9  20000000   +0.00302   0.00022    -0.00007   0.00022
   10  20000000   -0.00230   0.00022    -0.00017   0.00022
   11  20000000   +0.00163   0.00022    +0.00002   0.00022
   12  20000000   -0.00168   0.00022    +0.00026   0.00022
   13  20000000   +0.00140   0.00022    -0.00021   0.00022
   14  20000000   -0.00077   0.00022    -0.00019   0.00022
   15  20000000   +0.00039   0.00022    +0.00029   0.00022
   16  20000000   -0.00036   0.00022    -0.00002   0.00022
   17  20000000   +0.00052   0.00022    -0.00009   0.00022
   18  20000000   -0.00043   0.00022    -0.00014   0.00022
   19  20000000   +0.00057   0.00022    -0.00020   0.00022
   20  20000000   -0.00036   0.00022    -0.00010   0.00022
   21  20000000   +0.00042   0.00022    -0.00022   0.00022
   22  20000000   -0.00004   0.00022    +0.00004   0.00022
   23  20000000   +0.00024   0.00022    -0.00012   0.00022
   24  20000000   -0.00029   0.00022    +0.00003   0.00022
