# stat 0.125 nsamp=5000000 seed=13
#  k    n        a_k=E(-1)^tau_k     se        b_k=E[a_k(x)^2]   se
    1   5000000   -0.13811   0.00045    +0.02598   0.00045
    2   5000000   +0.02272   0.00045    +0.00180   0.00045
    3   5000000   -0.00443   0.00045    +0.00098   0.00045
    4   5000000   +0.00121   0.00045    +0.00040   0.00045
    5   5000000   +0.00035   0.00045    -0.00038   0.00045
    6   5000000   -0.00019   0.00045    +0.00042   0.00045
    7   5000000   -0.00048   0.00045    +0.00010   0.00045
    8   5000000   -0.00021   0.00045    +0.00085   0.00045
    9   5000000   -0.00107   0.00045    +0.00026   0.00045
   10   5000000   -0.00037   0.00045    -0.00038   0.00045
   11   5000000   +0.00049   0.00045    -0.00029   0.00045
   12   5000000   +0.00012   0.00045    +0.00058   0.00045
   13   5000000   +0.00033   0.00045    +0.00017   0.00045
   14   5000000   -0.00041   0.00045    -0.00031   0.00045
   15   5000000   +0.00072   0.00045    -0.00022   0.00045
   16   5000000   -0.00021   0.00045    +0.00024   0.00045
   17   5000000   -0.00081   0.00045    +0.00002   0.00045
   18   5000000   +0.00050   0.00045    -0.00053   0.00045
   19   5000000   +0.00105   0.00045    +0.00024   0.00045
   20   5000000   -0.00059   0.00045    -0.00093   0.00045
   21   5000000   +0.00018   0.00045    +0.00039   0.00045
   22   5000000   -0.00066   0.00045    +0.00030   0.00045
   23   5000000   +0.00019   0.00045    -0.00045   0.00045
   24   5000000   +0.00027   0.00045    +0.00043   0.00045
