# which=6 nsamp=100000000: per k: a_k total, then for B=1..7,>=8: P(B_k=b)  E[(-1)^tau_k; B_k=b]
k= 1 a_k=-0.09668 | B=1: 0.0042 +0.00418 | B=2: 0.0201 -0.02008 | B=3: 0.0507 +0.05068 | B=4: 0.0915 -0.09154 | B=5: 0.1358 +0.13580 | B=6: 0.1786 -0.17860 | B=7: 0.2175 +0.21749 | B>=8: 0.3016 -0.21461 |
k= 2 a_k=+0.00698 | B=1: 0.0000 +0.00000 | B=2: 0.0135 -0.01355 | B=3: 0.0572 +0.05723 | B=4: 0.1223 -0.12230 | B=5: 0.1774 +0.17740 | B=6: 0.1982 -0.19820 | B=7: 0.1815 +0.18146 | B>=8: 0.2499 -0.07506 |
k= 3 a_k=+0.00008 | B=1: 0.0240 +0.02405 | B=2: 0.0923 -0.09229 | B=3: 0.1747 +0.17469 | B=4: 0.2180 -0.21800 | B=5: 0.2020 +0.20199 | B=6: 0.1471 -0.14709 | B=7: 0.0859 +0.08588 | B>=8: 0.0560 -0.02915 |
k= 4 a_k=-0.00080 | B=1: 0.0000 +0.00000 | B=2: 0.0326 -0.03257 | B=3: 0.1165 +0.11651 | B=4: 0.2033 -0.20329 | B=5: 0.2308 +0.23079 | B=6: 0.1914 -0.19142 | B=7: 0.1231 +0.12309 | B>=8: 0.1023 -0.04391 |
k= 5 a_k=+0.00093 | B=1: 0.0380 +0.03800 | B=2: 0.1298 -0.12976 | B=3: 0.2154 +0.21543 | B=4: 0.2322 -0.23219 | B=5: 0.1826 +0.18258 | B=6: 0.1118 -0.11178 | B=7: 0.0554 +0.05544 | B>=8: 0.0348 -0.01679 |
k= 6 a_k=-0.00134 | B=1: 0.0000 +0.00000 | B=2: 0.0405 -0.04051 | B=3: 0.1347 +0.13472 | B=4: 0.2183 -0.21828 | B=5: 0.2301 +0.23008 | B=6: 0.1782 -0.17824 | B=7: 0.1084 +0.10839 | B>=8: 0.0898 -0.03751 |
k= 7 a_k=+0.00145 | B=1: 0.0409 +0.04085 | B=2: 0.1343 -0.13428 | B=3: 0.2162 +0.21620 | B=4: 0.2276 -0.22758 | B=5: 0.1773 +0.17726 | B=6: 0.1093 -0.10931 | B=7: 0.0558 +0.05583 | B>=8: 0.0387 -0.01752 |
k= 8 a_k=-0.00145 | B=1: 0.0000 +0.00000 | B=2: 0.0398 -0.03980 | B=3: 0.1308 +0.13081 | B=4: 0.2117 -0.21167 | B=5: 0.2253 +0.22533 | B=6: 0.1783 -0.17834 | B=7: 0.1123 +0.11232 | B>=8: 0.1017 -0.04010 |
k= 9 a_k=+0.00131 | B=1: 0.0379 +0.03791 | B=2: 0.1258 -0.12579 | B=3: 0.2062 +0.20615 | B=4: 0.2232 -0.22315 | B=5: 0.1804 +0.18039 | B=6: 0.1164 -0.11640 | B=7: 0.0627 +0.06269 | B>=8: 0.0475 -0.02049 |
k=10 a_k=-0.00111 | B=1: 0.0000 +0.00000 | B=2: 0.0357 -0.03566 | B=3: 0.1201 +0.12009 | B=4: 0.2002 -0.20021 | B=5: 0.2212 +0.22117 | B=6: 0.1827 -0.18274 | B=7: 0.1208 +0.12082 | B>=8: 0.1193 -0.04458 |
k=11 a_k=+0.00113 | B=1: 0.0334 +0.03337 | B=2: 0.1143 -0.11426 | B=3: 0.1942 +0.19419 | B=4: 0.2191 -0.21908 | B=5: 0.1852 +0.18517 | B=6: 0.1253 -0.12527 | B=7: 0.0709 +0.07085 | B>=8: 0.0578 -0.02385 |
k=12 a_k=-0.00097 | B=1: 0.0000 +0.00000 | B=2: 0.0311 -0.03112 | B=3: 0.1086 +0.10860 | B=4: 0.1883 -0.18828 | B=5: 0.2170 +0.21700 | B=6: 0.1874 -0.18744 | B=7: 0.1295 +0.12952 | B>=8: 0.1380 -0.04925 |
k=13 a_k=+0.00085 | B=1: 0.0290 +0.02900 | B=2: 0.1032 -0.10320 | B=3: 0.1826 +0.18257 | B=4: 0.2148 -0.21480 | B=5: 0.1894 +0.18943 | B=6: 0.1337 -0.13367 | B=7: 0.0788 +0.07884 | B>=8: 0.0685 -0.02731 |
k=14 a_k=-0.00065 | B=1: 0.0000 +0.00000 | B=2: 0.0271 -0.02708 | B=3: 0.0982 +0.09816 | B=4: 0.1771 -0.17706 | B=5: 0.2126 +0.21263 | B=6: 0.1912 -0.19117 | B=7: 0.1375 +0.13750 | B>=8: 0.1564 -0.05364 |
k=15 a_k=+0.00068 | B=1: 0.0253 +0.02530 | B=2: 0.0935 -0.09350 | B=3: 0.1719 +0.17194 | B=4: 0.2103 -0.21034 | B=5: 0.1926 +0.19264 | B=6: 0.1410 -0.14102 | B=7: 0.0862 +0.08615 | B>=8: 0.0791 -0.03051 |
k=16 a_k=-0.00043 | B=1: 0.0000 +0.00000 | B=2: 0.0237 -0.02371 | B=3: 0.0892 +0.08921 | B=4: 0.1671 -0.16706 | B=5: 0.2081 +0.20808 | B=6: 0.1938 -0.19377 | B=7: 0.1443 +0.14427 | B>=8: 0.1739 -0.05745 |
k=17 a_k=+0.00057 | B=1: 0.0223 +0.02227 | B=2: 0.0853 -0.08528 | B=3: 0.1625 +0.16252 | B=4: 0.2056 -0.20563 | B=5: 0.1947 +0.19471 | B=6: 0.1473 -0.14727 | B=7: 0.0928 +0.09280 | B>=8: 0.0895 -0.03354 |
k=18 a_k=-0.00028 | B=1: 0.0000 +0.00000 | B=2: 0.0210 -0.02103 | B=3: 0.0817 +0.08171 | B=4: 0.1581 -0.15809 | B=5: 0.2033 +0.20328 | B=6: 0.1954 -0.19539 | B=7: 0.1500 +0.15003 | B>=8: 0.1905 -0.06080 |
k=19 a_k=+0.00055 | B=1: 0.0199 +0.01988 | B=2: 0.0784 -0.07838 | B=3: 0.1540 +0.15403 | B=4: 0.2008 -0.20084 | B=5: 0.1960 +0.19602 | B=6: 0.1525 -0.15251 | B=7: 0.0987 +0.09873 | B>=8: 0.0996 -0.03638 |
k=20 a_k=-0.00038 | B=1: 0.0000 +0.00000 | B=2: 0.0188 -0.01883 | B=3: 0.0754 +0.07538 | B=4: 0.1501 -0.15013 | B=5: 0.1985 +0.19846 | B=6: 0.1963 -0.19632 | B=7: 0.1548 +0.15484 | B>=8: 0.2060 -0.06378 |
