# which=0 nsamp=100000000: per k: a_k total, then for B=1..7,>=8: P(B_k=b)  E[(-1)^tau_k; B_k=b]
k= 1 a_k=-0.40036 | B=1: 0.0000 +0.00000 | B=2: 0.5768 -0.57684 | B=3: 0.2516 +0.25163 | B=4: 0.1056 -0.10557 | B=5: 0.0420 +0.04196 | B=6: 0.0157 -0.01569 | B=7: 0.0056 +0.00556 | B>=8: 0.0028 -0.00141 |
k= 2 a_k=+0.15286 | B=1: 0.3333 +0.33327 | B=2: 0.3049 -0.30493 | B=3: 0.1919 +0.19191 | B=4: 0.0986 -0.09863 | B=5: 0.0440 +0.04403 | B=6: 0.0176 -0.01757 | B=7: 0.0064 +0.00643 | B>=8: 0.0032 -0.00166 |
k= 3 a_k=-0.06684 | B=1: 0.0000 +0.00000 | B=2: 0.2154 -0.21539 | B=3: 0.2880 +0.28800 | B=4: 0.2319 -0.23192 | B=5: 0.1420 +0.14196 | B=6: 0.0720 -0.07204 | B=7: 0.0317 +0.03165 | B>=8: 0.0190 -0.00910 |
k= 4 a_k=+0.03312 | B=1: 0.1524 +0.15242 | B=2: 0.2584 -0.25842 | B=3: 0.2465 +0.24646 | B=4: 0.1714 -0.17137 | B=5: 0.0959 +0.09592 | B=6: 0.0456 -0.04560 | B=7: 0.0190 +0.01903 | B>=8: 0.0108 -0.00531 |
k= 5 a_k=-0.01845 | B=1: 0.0000 +0.00000 | B=2: 0.1152 -0.11516 | B=3: 0.2299 +0.22987 | B=4: 0.2486 -0.24862 | B=5: 0.1908 +0.19079 | B=6: 0.1156 -0.11561 | B=7: 0.0587 +0.05867 | B>=8: 0.0413 -0.01838 |
k= 6 a_k=+0.01112 | B=1: 0.0912 +0.09120 | B=2: 0.2055 -0.20550 | B=3: 0.2447 +0.24472 | B=4: 0.2032 -0.20325 | B=5: 0.1316 +0.13163 | B=6: 0.0706 -0.07060 | B=7: 0.0326 +0.03255 | B>=8: 0.0206 -0.00963 |
k= 7 a_k=-0.00719 | B=1: 0.0000 +0.00000 | B=2: 0.0748 -0.07485 | B=3: 0.1851 +0.18509 | B=4: 0.2381 -0.23812 | B=5: 0.2111 +0.21108 | B=6: 0.1445 -0.14454 | B=7: 0.0813 +0.08134 | B>=8: 0.0650 -0.02719 |
k= 8 a_k=+0.00495 | B=1: 0.0631 +0.06308 | B=2: 0.1681 -0.16811 | B=3: 0.2304 +0.23038 | B=4: 0.2157 -0.21574 | B=5: 0.1550 +0.15499 | B=6: 0.0909 -0.09087 | B=7: 0.0453 +0.04534 | B>=8: 0.0315 -0.01414 |
k= 9 a_k=-0.00349 | B=1: 0.0000 +0.00000 | B=2: 0.0543 -0.05432 | B=3: 0.1538 +0.15383 | B=4: 0.2223 -0.22233 | B=5: 0.2182 +0.21823 | B=6: 0.1634 -0.16341 | B=7: 0.0995 +0.09945 | B>=8: 0.0884 -0.03494 |
k=10 a_k=+0.00271 | B=1: 0.0476 +0.04756 | B=2: 0.1418 -0.14179 | B=3: 0.2144 +0.21442 | B=4: 0.2191 -0.21911 | B=5: 0.1703 +0.17028 | B=6: 0.1071 -0.10706 | B=7: 0.0569 +0.05690 | B>=8: 0.0429 -0.01848 |
k=11 a_k=-0.00195 | B=1: 0.0000 +0.00000 | B=2: 0.0422 -0.04223 | B=3: 0.1315 +0.13151 | B=4: 0.2068 -0.20678 | B=5: 0.2190 +0.21905 | B=6: 0.1758 -0.17580 | B=7: 0.1139 +0.11393 | B>=8: 0.1107 -0.04163 |
k=12 a_k=+0.00142 | B=1: 0.0379 +0.03793 | B=2: 0.1227 -0.12266 | B=3: 0.1995 +0.19954 | B=4: 0.2182 -0.21825 | B=5: 0.1803 +0.18028 | B=6: 0.1200 -0.12000 | B=7: 0.0671 +0.06707 | B>=8: 0.0543 -0.02248 |
k=13 a_k=-0.00115 | B=1: 0.0000 +0.00000 | B=2: 0.0344 -0.03439 | B=3: 0.1149 +0.11488 | B=4: 0.1928 -0.19277 | B=5: 0.2169 +0.21693 | B=6: 0.1839 -0.18393 | B=7: 0.1255 +0.12546 | B>=8: 0.1316 -0.04732 |
k=14 a_k=+0.00107 | B=1: 0.0314 +0.03142 | B=2: 0.1081 -0.10809 | B=3: 0.1865 +0.18649 | B=4: 0.2152 -0.21523 | B=5: 0.1869 +0.18692 | B=6: 0.1303 -0.13028 | B=7: 0.0760 +0.07604 | B>=8: 0.0655 -0.02621 |
k=15 a_k=-0.00095 | B=1: 0.0000 +0.00000 | B=2: 0.0289 -0.02891 | B=3: 0.1021 +0.10211 | B=4: 0.1806 -0.18056 | B=5: 0.2132 +0.21323 | B=6: 0.1893 -0.18932 | B=7: 0.1347 +0.13466 | B>=8: 0.1512 -0.05217 |
k=16 a_k=+0.00091 | B=1: 0.0268 +0.02676 | B=2: 0.0968 -0.09681 | B=3: 0.1750 +0.17502 | B=4: 0.2110 -0.21102 | B=5: 0.1912 +0.19118 | B=6: 0.1387 -0.13866 | B=7: 0.0841 +0.08405 | B>=8: 0.0765 -0.02962 |
k=17 a_k=-0.00079 | B=1: 0.0000 +0.00000 | B=2: 0.0249 -0.02493 | B=3: 0.0920 +0.09200 | B=4: 0.1698 -0.16981 | B=5: 0.2088 +0.20881 | B=6: 0.1927 -0.19272 | B=7: 0.1422 +0.14220 | B>=8: 0.1695 -0.05635 |
k=18 a_k=+0.00055 | B=1: 0.0233 +0.02331 | B=2: 0.0877 -0.08772 | B=3: 0.1650 +0.16496 | B=4: 0.2066 -0.20656 | B=5: 0.1938 +0.19385 | B=6: 0.1455 -0.14548 | B=7: 0.0910 +0.09104 | B>=8: 0.0871 -0.03285 |
k=19 a_k=-0.00045 | B=1: 0.0000 +0.00000 | B=2: 0.0218 -0.02183 | B=3: 0.0839 +0.08385 | B=4: 0.1605 -0.16045 | B=5: 0.2041 +0.20414 | B=6: 0.1947 -0.19474 | B=7: 0.1485 +0.14846 | B>=8: 0.1865 -0.05988 |
k=20 a_k=+0.00035 | B=1: 0.0206 +0.02056 | B=2: 0.0803 -0.08029 | B=3: 0.1561 +0.15611 | B=4: 0.2019 -0.20187 | B=5: 0.1954 +0.19540 | B=6: 0.1511 -0.15114 | B=7: 0.0973 +0.09729 | B>=8: 0.0974 -0.03571 |
