# kflip gap in [0.125,0.375) cs=20000 maxsteps=2000000 accept=0.5008 censored=0 parity_identity_B-B0==t_mod2: HOLDS
#  k     n_k      a_k=E(-1)^tau_k   s_k=E(-1)^{B_k}   r_k=E(-1)^{dtau}   c_k=E[sig0 sig_k]   E[dtau]   E[gap_k]  E[s_k]   Cgap_k   Cs_k
    1    20000   -0.13590          +0.13590          -0.13590          -0.13590            5.59  0.2420  0.7783  +0.10790  +0.29450
    2    20000   +0.03070          -0.03070          -0.16540          +0.03070            6.02  0.2453  0.7913  +0.02870  +0.09180
    3    20000   -0.02170          +0.02170          -0.15500          -0.02170            6.03  0.2482  0.7974  +0.00520  +0.01460
    4    20000   -0.00480          +0.00480          -0.17490          -0.00480            5.98  0.2496  0.7973  -0.00300  -0.01370
    5    20000   +0.01450          -0.01450          -0.16730          +0.01450            5.99  0.2513  0.7987  -0.00640  -0.02640
    6    20000   -0.01590          +0.01590          -0.16860          -0.01590            5.97  0.2508  0.7990  -0.00940  -0.03300
    7    20000   +0.00840          -0.00840          -0.16150          +0.00840            6.00  0.2505  0.7989  -0.01230  -0.04860
    8    20000   -0.00880          +0.00880          -0.15860          -0.00880            5.97  0.2485  0.7968  +0.00730  -0.03330
    9    20000   +0.00590          -0.00590          -0.15870          +0.00590            6.01  0.2493  0.7994  +0.00080  -0.03080
   10    20000   -0.00550          +0.00550          -0.17460          -0.00550            5.89  0.2495  0.8016  +0.00920  -0.03510
   11    20000   +0.00640          -0.00640          -0.17530          +0.00640            6.06  0.2493  0.7995  +0.00510  -0.02990
   12    20000   +0.00150          -0.00150          -0.16730          +0.00150            6.13  0.2498  0.7991  -0.00830  -0.03580
   13    20000   +0.00760          -0.00760          -0.16530          +0.00760            5.94  0.2515  0.8011  -0.01010  -0.02600
   14    20000   -0.00710          +0.00710          -0.16430          -0.00710            6.03  0.2510  0.8002  +0.00450  -0.03230
   15    20000   -0.01450          +0.01450          -0.16660          -0.01450            6.03  0.2505  0.7990  +0.00480  -0.03880
   16    20000   +0.00440          -0.00440          -0.17770          +0.00440            5.96  0.2507  0.8006  +0.00000  -0.03160
# se ~ 0.00707
# tail of tau_k - tau_{k-1}, k=1 (n=20000):  t   P(dtau>=t)  t^2*P
          512  5.0000e-05     13.11
          256  1.0000e-04      6.55
          128  3.0000e-04      4.92
           64  2.0000e-03      8.19
           32  1.2250e-02     12.54
           16  6.1300e-02     15.69
            8  2.1190e-01     13.56
            4  4.8555e-01      7.77
            2  7.7275e-01      3.09
            1  1.0000e+00      1.00
# tail of tau_k - tau_{k-1}, k=2 (n=20000):  t   P(dtau>=t)  t^2*P
          256  1.0000e-04      6.55
          128  4.0000e-04      6.55
           64  3.0500e-03     12.49
           32  1.9050e-02     19.51
           16  7.6450e-02     19.57
            8  2.2855e-01     14.63
            4  4.7525e-01      7.60
            2  7.4650e-01      2.99
            1  1.0000e+00      1.00
# tail of tau_k - tau_{k-1}, k=4 (n=20000):  t   P(dtau>=t)  t^2*P
          512  5.0000e-05     13.11
          256  2.5000e-04     16.38
          128  7.0000e-04     11.47
           64  3.9500e-03     16.18
           32  1.8600e-02     19.05
           16  7.4600e-02     19.10
            8  2.2175e-01     14.19
            4  4.6120e-01      7.38
            2  7.2945e-01      2.92
            1  1.0000e+00      1.00
# tail of tau_k - tau_{k-1}, k=8 (n=20000):  t   P(dtau>=t)  t^2*P
          256  5.0000e-05      3.28
          128  6.0000e-04      9.83
           64  4.5500e-03     18.64
           32  1.8500e-02     18.94
           16  7.7700e-02     19.89
            8  2.2270e-01     14.25
            4  4.5965e-01      7.35
            2  7.3760e-01      2.95
            1  1.0000e+00      1.00
