n=100: squares=20000 instances=80000 type=[4, 2, 2, 2, 2, 2, 2, 2, 2, 2, 2, 2, 2, 2, 2, 2, 2, 2, 2, 2, 2, 2, 2, 2, 2, 2, 2, 2, 2, 2, 2, 2, 2, 2, 2, 2, 2, 2, 2, 2, 2, 2, 2, 2, 2, 2, 2, 2, 2] marks/square=4 classes=[(4, 2)]
(i) LADDER.  first-pair witness rate w1: {4: 0.0307, 8: 0.0693, 16: 0.1419, 24: 0.2081}
   K : N(K0-1>=K) | P[Flip=0] vs 2^-K | for l'=4,8,16,24: P[no witness in first K] vs (1-w1)^K
     1:   80000 | 0.49891 vs 0.50000 |  0.9694 vs 0.9694  0.9307 vs 0.9307  0.8581 vs 0.8581  0.7919 vs 0.7919
     2:   76664 | 0.24982 vs 0.25000 |  0.9402 vs 0.9396  0.8668 vs 0.8661  0.7366 vs 0.7364  0.6291 vs 0.6271
     3:   73426 | 0.12693 vs 0.12500 |  0.9118 vs 0.9108  0.8087 vs 0.8061  0.6355 vs 0.6319  0.5025 vs 0.4967
     4:   70418 | 0.06287 vs 0.06250 |  0.8838 vs 0.8829  0.7513 vs 0.7502  0.5453 vs 0.5423  0.3978 vs 0.3933
     6:   64454 | 0.01584 vs 0.01562 |  0.8309 vs 0.8296  0.6515 vs 0.6498  0.4004 vs 0.3993  0.2505 vs 0.2467
     8:   58812 | 0.00391 vs 0.00391 |  0.7811 vs 0.7796  0.5651 vs 0.5628  0.2969 vs 0.2940  0.1590 vs 0.1547
    10:   53394 | 0.00103 vs 0.00098 |  0.7353 vs 0.7325  0.4898 vs 0.4874  0.2188 vs 0.2165  0.0996 vs 0.0970
    12:   48148 | 0.00023 vs 0.00024 |  0.6916 vs 0.6883  0.4227 vs 0.4222  0.1605 vs 0.1594  0.0619 vs 0.0608
    15:   40838 | 0.00000 vs 0.00003 |  0.6316 vs 0.6269  0.3403 vs 0.3403  0.1017 vs 0.1008  0.0306 vs 0.0302
    20:   29922 | 0.00000 vs 0.00000 |  0.5437 vs 0.5366  0.2390 vs 0.2376  0.0468 vs 0.0469  0.0096 vs 0.0094
    25:   20960 | 0.00000 vs 0.00000 |  0.4670 vs 0.4592  0.1664 vs 0.1659  0.0218 vs 0.0218  0.0026 vs 0.0029
    30:   13354 | 0.00000 vs 0.00000 |  0.4028 vs 0.3930  0.1191 vs 0.1158  0.0111 vs 0.0102  0.0006 vs 0.0009
    40:    3490 | 0.00000 vs 0.00000 |  0.2894 vs 0.2879  0.0570 vs 0.0565  0.0017 vs 0.0022  0.0000 vs 0.0001
   hazard P[witness at k | none before k], k=1..12:
     l'= 4: 0.031 0.030 0.030 0.030 0.031 0.030 0.031 0.029 0.029 0.030 0.031 0.030   (den at k=12: 34329)
     l'= 8: 0.069 0.069 0.067 0.071 0.069 0.069 0.069 0.067 0.069 0.068 0.070 0.072   (den at k=12: 21925)
     l'=16: 0.142 0.142 0.138 0.142 0.142 0.144 0.141 0.135 0.140 0.138 0.143 0.146   (den at k=12: 9043)
     l'=24: 0.208 0.206 0.202 0.208 0.205 0.207 0.205 0.200 0.209 0.206 0.209 0.215   (den at k=12: 3794)
(ii) DIAGONALS (B, l=d12, |C1|>=n/2+l).  per l: N; for each l': per-pair rate, E[G]/#diag, P[G=0] vs binomial, P[G<E[G]/2] vs binomial
   l= 2 N=  436 #diag= 49: | l'=4: 0.027 0.027 P0=0.2592/0.2596 low=0.259/0.260 | l'=8: 0.064 0.064 P0=0.0252/0.0385 low=0.147/0.168 | l'=16: 0.137 0.137 P0=0.0023/0.0007 low=0.083/0.081 | l'=24: 0.205 0.205 P0=0.0000/0.0000 low=0.041/0.046
   l= 3 N=  399 #diag= 48: | l'=4: 0.030 0.060 P0=0.0702/0.0513 low=0.226/0.209 | l'=8: 0.069 0.135 P0=0.0000/0.0010 low=0.098/0.098 | l'=16: 0.142 0.264 P0=0.0000/0.0000 low=0.010/0.016 | l'=24: 0.205 0.369 P0=0.0000/0.0000 low=0.003/0.002
   l= 4 N=  378 #diag= 47: | l'=4: 0.030 0.087 P0=0.0212/0.0136 low=0.190/0.209 | l'=8: 0.068 0.191 P0=0.0000/0.0000 low=0.045/0.040 | l'=16: 0.139 0.360 P0=0.0000/0.0000 low=0.003/0.004 | l'=24: 0.207 0.500 P0=0.0000/0.0000 low=0.000/0.000
   l= 5 N=  383 #diag= 46: | l'=4: 0.029 0.112 P0=0.0052/0.0042 low=0.125/0.097 | l'=8: 0.069 0.247 P0=0.0000/0.0000 low=0.026/0.017 | l'=16: 0.141 0.453 P0=0.0000/0.0000 low=0.000/0.001 | l'=24: 0.208 0.604 P0=0.0000/0.0000 low=0.000/0.000
   l= 6 N=  336 #diag= 45: | l'=4: 0.030 0.143 P0=0.0000/0.0009 low=0.086/0.097 | l'=8: 0.069 0.300 P0=0.0000/0.0000 low=0.012/0.008 | l'=16: 0.142 0.537 P0=0.0000/0.0000 low=0.000/0.000 | l'=24: 0.209 0.691 P0=0.0000/0.0000 low=0.000/0.000
   l= 7 N=  357 #diag= 44: | l'=4: 0.029 0.163 P0=0.0000/0.0004 low=0.059/0.058 | l'=8: 0.068 0.344 P0=0.0000/0.0000 low=0.003/0.005 | l'=16: 0.141 0.598 P0=0.0000/0.0000 low=0.000/0.000 | l'=24: 0.205 0.751 P0=0.0000/0.0000 low=0.000/0.000
   l= 8 N=  361 #diag= 43: | l'=4: 0.031 0.198 P0=0.0000/0.0001 low=0.050/0.054 | l'=8: 0.070 0.394 P0=0.0000/0.0000 low=0.003/0.003 | l'=16: 0.143 0.660 P0=0.0000/0.0000 low=0.000/0.000 | l'=24: 0.208 0.804 P0=0.0000/0.0000 low=0.000/0.000
   l= 9 N=  355 #diag= 42: | l'=4: 0.030 0.216 P0=0.0000/0.0000 low=0.031/0.035 | l'=8: 0.068 0.434 P0=0.0000/0.0000 low=0.000/0.003 | l'=16: 0.141 0.706 P0=0.0000/0.0000 low=0.000/0.000 | l'=24: 0.207 0.847 P0=0.0000/0.0000 low=0.000/0.000
   l=10 N=  323 #diag= 41: | l'=4: 0.030 0.238 P0=0.0000/0.0000 low=0.022/0.020 | l'=8: 0.068 0.467 P0=0.0000/0.0000 low=0.003/0.001 | l'=16: 0.141 0.747 P0=0.0000/0.0000 low=0.000/0.000 | l'=24: 0.208 0.880 P0=0.0000/0.0000 low=0.000/0.000
   l=11 N=  358 #diag= 40: | l'=4: 0.029 0.253 P0=0.0000/0.0000 low=0.025/0.039 | l'=8: 0.067 0.499 P0=0.0000/0.0000 low=0.000/0.000 | l'=16: 0.140 0.778 P0=0.0000/0.0000 low=0.000/0.000 | l'=24: 0.205 0.900 P0=0.0000/0.0000 low=0.000/0.000
   l=12 N=  328 #diag= 39: | l'=4: 0.030 0.286 P0=0.0000/0.0000 low=0.034/0.018 | l'=8: 0.068 0.539 P0=0.0000/0.0000 low=0.000/0.000 | l'=16: 0.140 0.815 P0=0.0000/0.0000 low=0.000/0.000 | l'=24: 0.205 0.919 P0=0.0000/0.0000 low=0.000/0.000
   l=13 N=  315 #diag= 38: | l'=4: 0.030 0.303 P0=0.0000/0.0000 low=0.019/0.013 | l'=8: 0.068 0.570 P0=0.0000/0.0000 low=0.000/0.000 | l'=16: 0.141 0.837 P0=0.0000/0.0000 low=0.000/0.000 | l'=24: 0.207 0.937 P0=0.0000/0.0000 low=0.000/0.000
   l=14 N=  317 #diag= 37: | l'=4: 0.030 0.321 P0=0.0000/0.0000 low=0.000/0.009 | l'=8: 0.068 0.594 P0=0.0000/0.0000 low=0.000/0.000 | l'=16: 0.141 0.860 P0=0.0000/0.0000 low=0.000/0.000 | l'=24: 0.206 0.950 P0=0.0000/0.0000 low=0.000/0.000
   l=15 N=  308 #diag= 36: | l'=4: 0.031 0.353 P0=0.0000/0.0000 low=0.006/0.012 | l'=8: 0.069 0.632 P0=0.0000/0.0000 low=0.000/0.000 | l'=16: 0.142 0.882 P0=0.0000/0.0000 low=0.000/0.000 | l'=24: 0.207 0.962 P0=0.0000/0.0000 low=0.000/0.000
   l=16 N=  314 #diag= 35: | l'=4: 0.030 0.365 P0=0.0000/0.0000 low=0.013/0.011 | l'=8: 0.068 0.657 P0=0.0000/0.0000 low=0.000/0.000 | l'=16: 0.140 0.900 P0=0.0000/0.0000 low=0.000/0.000 | l'=24: 0.205 0.969 P0=0.0000/0.0000 low=0.000/0.000
   l=17 N=  311 #diag= 34: | l'=4: 0.030 0.382 P0=0.0000/0.0000 low=0.013/0.009 | l'=8: 0.068 0.677 P0=0.0000/0.0000 low=0.000/0.000 | l'=16: 0.140 0.910 P0=0.0000/0.0000 low=0.000/0.000 | l'=24: 0.206 0.977 P0=0.0000/0.0000 low=0.000/0.000
   l=18 N=  279 #diag= 33: | l'=4: 0.030 0.405 P0=0.0000/0.0000 low=0.000/0.006 | l'=8: 0.068 0.702 P0=0.0000/0.0000 low=0.000/0.000 | l'=16: 0.140 0.925 P0=0.0000/0.0000 low=0.000/0.000 | l'=24: 0.206 0.980 P0=0.0000/0.0000 low=0.000/0.000
   l=19 N=  275 #diag= 32: | l'=4: 0.031 0.425 P0=0.0000/0.0000 low=0.015/0.004 | l'=8: 0.069 0.716 P0=0.0000/0.0000 low=0.000/0.000 | l'=16: 0.140 0.936 P0=0.0000/0.0000 low=0.000/0.000 | l'=24: 0.206 0.984 P0=0.0000/0.0000 low=0.000/0.000
   l=20 N=  271 #diag= 31: | l'=4: 0.030 0.438 P0=0.0000/0.0000 low=0.004/0.004 | l'=8: 0.069 0.742 P0=0.0000/0.0000 low=0.000/0.000 | l'=16: 0.141 0.942 P0=0.0000/0.0000 low=0.000/0.000 | l'=24: 0.206 0.987 P0=0.0000/0.0000 low=0.000/0.000
   l=21 N=  300 #diag= 30: | l'=4: 0.030 0.462 P0=0.0000/0.0000 low=0.007/0.003 | l'=8: 0.069 0.761 P0=0.0000/0.0000 low=0.000/0.000 | l'=16: 0.141 0.948 P0=0.0000/0.0000 low=0.000/0.000 | l'=24: 0.206 0.989 P0=0.0000/0.0000 low=0.000/0.000
   l=22 N=  228 #diag= 29: | l'=4: 0.030 0.464 P0=0.0000/0.0000 low=0.000/0.004 | l'=8: 0.068 0.767 P0=0.0000/0.0000 low=0.000/0.000 | l'=16: 0.142 0.959 P0=0.0000/0.0000 low=0.000/0.000 | l'=24: 0.206 0.991 P0=0.0000/0.0000 low=0.000/0.000
   l=23 N=  225 #diag= 28: | l'=4: 0.030 0.482 P0=0.0000/0.0000 low=0.004/0.003 | l'=8: 0.068 0.786 P0=0.0000/0.0000 low=0.000/0.000 | l'=16: 0.140 0.963 P0=0.0000/0.0000 low=0.000/0.000 | l'=24: 0.206 0.993 P0=0.0000/0.0000 low=0.000/0.000
   l=24 N=  205 #diag= 27: | l'=4: 0.030 0.502 P0=0.0000/0.0000 low=0.000/0.003 | l'=8: 0.068 0.807 P0=0.0000/0.0000 low=0.000/0.000 | l'=16: 0.141 0.971 P0=0.0000/0.0000 low=0.000/0.000 | l'=24: 0.207 0.995 P0=0.0000/0.0000 low=0.000/0.000
   l=25 N=  211 #diag= 26: | l'=4: 0.030 0.512 P0=0.0000/0.0000 low=0.000/0.003 | l'=8: 0.068 0.820 P0=0.0000/0.0000 low=0.000/0.000 | l'=16: 0.140 0.974 P0=0.0000/0.0000 low=0.000/0.000 | l'=24: 0.206 0.997 P0=0.0000/0.0000 low=0.000/0.000
