n=100: squares=20000 instances=80000 type=[100] marks/square=4 classes=[(100, 2), (100, 50)]
(i) LADDER.  first-pair witness rate w1: {4: 0.0299, 8: 0.0679, 16: 0.1399, 24: 0.2079}
   K : N(K0-1>=K) | P[Flip=0] vs 2^-K | for l'=4,8,16,24: P[no witness in first K] vs (1-w1)^K
     1:   80000 | 0.49576 vs 0.50000 |  0.9701 vs 0.9701  0.9321 vs 0.9321  0.8600 vs 0.8600  0.7921 vs 0.7921
     2:   76810 | 0.24731 vs 0.25000 |  0.9428 vs 0.9411  0.8687 vs 0.8688  0.7388 vs 0.7397  0.6282 vs 0.6274
     3:   73732 | 0.12364 vs 0.12500 |  0.9150 vs 0.9130  0.8099 vs 0.8099  0.6350 vs 0.6362  0.4985 vs 0.4969
     4:   70661 | 0.06163 vs 0.06250 |  0.8874 vs 0.8857  0.7539 vs 0.7549  0.5442 vs 0.5471  0.3952 vs 0.3936
     6:   64679 | 0.01661 vs 0.01562 |  0.8365 vs 0.8336  0.6548 vs 0.6559  0.4023 vs 0.4047  0.2481 vs 0.2469
     8:   58990 | 0.00370 vs 0.00391 |  0.7876 vs 0.7845  0.5673 vs 0.5698  0.2984 vs 0.2994  0.1580 vs 0.1549
    10:   53564 | 0.00099 vs 0.00098 |  0.7391 vs 0.7383  0.4915 vs 0.4951  0.2198 vs 0.2214  0.0976 vs 0.0972
    12:   48357 | 0.00029 vs 0.00024 |  0.6962 vs 0.6948  0.4270 vs 0.4302  0.1627 vs 0.1638  0.0620 vs 0.0610
    15:   40998 | 0.00007 vs 0.00003 |  0.6364 vs 0.6344  0.3457 vs 0.3484  0.1028 vs 0.1042  0.0300 vs 0.0303
    20:   30256 | 0.00000 vs 0.00000 |  0.5456 vs 0.5451  0.2418 vs 0.2451  0.0492 vs 0.0490  0.0099 vs 0.0094
    25:   21148 | 0.00000 vs 0.00000 |  0.4686 vs 0.4683  0.1664 vs 0.1725  0.0239 vs 0.0231  0.0031 vs 0.0029
    30:   13579 | 0.00000 vs 0.00000 |  0.4034 vs 0.4024  0.1198 vs 0.1214  0.0105 vs 0.0109  0.0011 vs 0.0009
    40:    3507 | 0.00000 vs 0.00000 |  0.3000 vs 0.2971  0.0647 vs 0.0601  0.0023 vs 0.0024  0.0003 vs 0.0001
   hazard P[witness at k | none before k], k=1..12:
     l'= 4: 0.030 0.028 0.029 0.030 0.030 0.029 0.029 0.030 0.031 0.031 0.030 0.028   (den at k=12: 34650)
     l'= 8: 0.068 0.069 0.067 0.069 0.069 0.068 0.068 0.070 0.068 0.072 0.067 0.068   (den at k=12: 22159)
     l'=16: 0.140 0.141 0.140 0.143 0.141 0.141 0.138 0.139 0.139 0.144 0.138 0.142   (den at k=12: 9170)
     l'=24: 0.208 0.207 0.206 0.207 0.210 0.207 0.203 0.200 0.210 0.218 0.206 0.204   (den at k=12: 3768)
(ii) DIAGONALS (B, l=d12, |C1|>=n/2+l).  per l: N; for each l': per-pair rate, E[G]/#diag, P[G=0] vs binomial, P[G<E[G]/2] vs binomial
   l= 2 N=  411 #diag= 49: | l'=4: 0.028 0.028 P0=0.2409/0.2486 low=0.241/0.249 | l'=8: 0.068 0.068 P0=0.0365/0.0321 low=0.134/0.146 | l'=16: 0.139 0.139 P0=0.0000/0.0006 low=0.097/0.076 | l'=24: 0.206 0.206 P0=0.0000/0.0000 low=0.049/0.044
   l= 3 N=  424 #diag= 48: | l'=4: 0.030 0.059 P0=0.0660/0.0553 low=0.224/0.220 | l'=8: 0.068 0.131 P0=0.0024/0.0012 low=0.111/0.110 | l'=16: 0.139 0.259 P0=0.0000/0.0000 low=0.017/0.020 | l'=24: 0.203 0.366 P0=0.0000/0.0000 low=0.000/0.002
   l= 4 N=  404 #diag= 47: | l'=4: 0.031 0.090 P0=0.0198/0.0118 low=0.205/0.192 | l'=8: 0.073 0.203 P0=0.0000/0.0000 low=0.025/0.026 | l'=16: 0.146 0.374 P0=0.0000/0.0000 low=0.005/0.002 | l'=24: 0.210 0.504 P0=0.0000/0.0000 low=0.000/0.000
   l= 5 N=  382 #diag= 46: | l'=4: 0.030 0.114 P0=0.0079/0.0038 low=0.079/0.091 | l'=8: 0.069 0.248 P0=0.0000/0.0000 low=0.021/0.016 | l'=16: 0.142 0.458 P0=0.0000/0.0000 low=0.000/0.001 | l'=24: 0.208 0.606 P0=0.0000/0.0000 low=0.000/0.000
   l= 6 N=  398 #diag= 45: | l'=4: 0.030 0.142 P0=0.0025/0.0010 low=0.108/0.102 | l'=8: 0.069 0.299 P0=0.0000/0.0000 low=0.010/0.008 | l'=16: 0.140 0.530 P0=0.0000/0.0000 low=0.000/0.000 | l'=24: 0.206 0.682 P0=0.0000/0.0000 low=0.000/0.000
   l= 7 N=  383 #diag= 44: | l'=4: 0.030 0.168 P0=0.0026/0.0003 low=0.055/0.049 | l'=8: 0.069 0.349 P0=0.0000/0.0000 low=0.010/0.004 | l'=16: 0.141 0.598 P0=0.0000/0.0000 low=0.000/0.000 | l'=24: 0.206 0.748 P0=0.0000/0.0000 low=0.000/0.000
   l= 8 N=  339 #diag= 43: | l'=4: 0.030 0.191 P0=0.0000/0.0001 low=0.059/0.067 | l'=8: 0.068 0.390 P0=0.0000/0.0000 low=0.003/0.003 | l'=16: 0.139 0.649 P0=0.0000/0.0000 low=0.000/0.000 | l'=24: 0.204 0.793 P0=0.0000/0.0000 low=0.000/0.000
   l= 9 N=  338 #diag= 42: | l'=4: 0.030 0.216 P0=0.0000/0.0000 low=0.038/0.035 | l'=8: 0.069 0.433 P0=0.0000/0.0000 low=0.003/0.003 | l'=16: 0.141 0.702 P0=0.0000/0.0000 low=0.000/0.000 | l'=24: 0.207 0.846 P0=0.0000/0.0000 low=0.000/0.000
   l=10 N=  346 #diag= 41: | l'=4: 0.030 0.241 P0=0.0000/0.0000 low=0.009/0.018 | l'=8: 0.069 0.476 P0=0.0000/0.0000 low=0.000/0.001 | l'=16: 0.141 0.745 P0=0.0000/0.0000 low=0.000/0.000 | l'=24: 0.206 0.872 P0=0.0000/0.0000 low=0.000/0.000
   l=11 N=  341 #diag= 40: | l'=4: 0.030 0.258 P0=0.0000/0.0000 low=0.018/0.034 | l'=8: 0.068 0.509 P0=0.0000/0.0000 low=0.000/0.001 | l'=16: 0.141 0.784 P0=0.0000/0.0000 low=0.000/0.000 | l'=24: 0.207 0.904 P0=0.0000/0.0000 low=0.000/0.000
   l=12 N=  352 #diag= 39: | l'=4: 0.030 0.290 P0=0.0000/0.0000 low=0.014/0.015 | l'=8: 0.068 0.546 P0=0.0000/0.0000 low=0.000/0.000 | l'=16: 0.141 0.815 P0=0.0000/0.0000 low=0.000/0.000 | l'=24: 0.207 0.921 P0=0.0000/0.0000 low=0.000/0.000
   l=13 N=  324 #diag= 38: | l'=4: 0.030 0.309 P0=0.0000/0.0000 low=0.006/0.010 | l'=8: 0.069 0.574 P0=0.0000/0.0000 low=0.000/0.000 | l'=16: 0.142 0.834 P0=0.0000/0.0000 low=0.000/0.000 | l'=24: 0.207 0.934 P0=0.0000/0.0000 low=0.000/0.000
   l=14 N=  305 #diag= 37: | l'=4: 0.030 0.328 P0=0.0000/0.0000 low=0.013/0.020 | l'=8: 0.068 0.599 P0=0.0000/0.0000 low=0.003/0.000 | l'=16: 0.139 0.857 P0=0.0000/0.0000 low=0.000/0.000 | l'=24: 0.205 0.950 P0=0.0000/0.0000 low=0.000/0.000
   l=15 N=  304 #diag= 36: | l'=4: 0.030 0.346 P0=0.0000/0.0000 low=0.007/0.015 | l'=8: 0.068 0.627 P0=0.0000/0.0000 low=0.000/0.000 | l'=16: 0.140 0.879 P0=0.0000/0.0000 low=0.000/0.000 | l'=24: 0.206 0.960 P0=0.0000/0.0000 low=0.000/0.000
   l=16 N=  296 #diag= 35: | l'=4: 0.030 0.369 P0=0.0000/0.0000 low=0.007/0.009 | l'=8: 0.069 0.657 P0=0.0000/0.0000 low=0.000/0.000 | l'=16: 0.141 0.899 P0=0.0000/0.0000 low=0.000/0.000 | l'=24: 0.207 0.974 P0=0.0000/0.0000 low=0.000/0.000
   l=17 N=  308 #diag= 34: | l'=4: 0.030 0.383 P0=0.0000/0.0000 low=0.003/0.008 | l'=8: 0.068 0.677 P0=0.0000/0.0000 low=0.000/0.000 | l'=16: 0.140 0.915 P0=0.0000/0.0000 low=0.000/0.000 | l'=24: 0.207 0.978 P0=0.0000/0.0000 low=0.000/0.000
   l=18 N=  274 #diag= 33: | l'=4: 0.030 0.401 P0=0.0000/0.0000 low=0.004/0.006 | l'=8: 0.070 0.707 P0=0.0000/0.0000 low=0.000/0.000 | l'=16: 0.142 0.927 P0=0.0000/0.0000 low=0.000/0.000 | l'=24: 0.207 0.981 P0=0.0000/0.0000 low=0.000/0.000
   l=19 N=  266 #diag= 32: | l'=4: 0.031 0.427 P0=0.0000/0.0000 low=0.015/0.004 | l'=8: 0.069 0.730 P0=0.0000/0.0000 low=0.000/0.000 | l'=16: 0.141 0.936 P0=0.0000/0.0000 low=0.000/0.000 | l'=24: 0.207 0.984 P0=0.0000/0.0000 low=0.000/0.000
   l=20 N=  253 #diag= 31: | l'=4: 0.030 0.439 P0=0.0000/0.0000 low=0.000/0.004 | l'=8: 0.068 0.737 P0=0.0000/0.0000 low=0.000/0.000 | l'=16: 0.141 0.946 P0=0.0000/0.0000 low=0.000/0.000 | l'=24: 0.206 0.987 P0=0.0000/0.0000 low=0.000/0.000
   l=21 N=  262 #diag= 30: | l'=4: 0.030 0.462 P0=0.0000/0.0000 low=0.004/0.003 | l'=8: 0.069 0.765 P0=0.0000/0.0000 low=0.000/0.000 | l'=16: 0.143 0.956 P0=0.0000/0.0000 low=0.000/0.000 | l'=24: 0.209 0.990 P0=0.0000/0.0000 low=0.000/0.000
   l=22 N=  245 #diag= 29: | l'=4: 0.030 0.470 P0=0.0000/0.0000 low=0.004/0.003 | l'=8: 0.068 0.777 P0=0.0000/0.0000 low=0.000/0.000 | l'=16: 0.140 0.959 P0=0.0000/0.0000 low=0.000/0.000 | l'=24: 0.206 0.993 P0=0.0000/0.0000 low=0.000/0.000
   l=23 N=  246 #diag= 28: | l'=4: 0.030 0.488 P0=0.0000/0.0000 low=0.000/0.003 | l'=8: 0.067 0.783 P0=0.0000/0.0000 low=0.000/0.000 | l'=16: 0.140 0.962 P0=0.0000/0.0000 low=0.000/0.000 | l'=24: 0.205 0.993 P0=0.0000/0.0000 low=0.000/0.000
   l=24 N=  225 #diag= 27: | l'=4: 0.031 0.502 P0=0.0000/0.0000 low=0.000/0.003 | l'=8: 0.069 0.807 P0=0.0000/0.0000 low=0.000/0.000 | l'=16: 0.141 0.968 P0=0.0000/0.0000 low=0.000/0.000 | l'=24: 0.206 0.995 P0=0.0000/0.0000 low=0.000/0.000
   l=25 N=  220 #diag= 26: | l'=4: 0.031 0.538 P0=0.0000/0.0000 low=0.005/0.001 | l'=8: 0.069 0.825 P0=0.0000/0.0000 low=0.000/0.000 | l'=16: 0.142 0.977 P0=0.0000/0.0000 low=0.000/0.000 | l'=24: 0.206 0.996 P0=0.0000/0.0000 low=0.000/0.000
