n=30: squares=120000 instances=720000 type=[30] marks/square=6 classes=[(30, 2), (30, 15)]
(i) LADDER.  first-pair witness rate w1: {4: 0.1002, 8: 0.2159, 16: 0.3878, 24: 0.4817}
   K : N(K0-1>=K) | P[Flip=0] vs 2^-K | for l'=4,8,16,24: P[no witness in first K] vs (1-w1)^K
     1:  720000 | 0.50030 vs 0.50000 |  0.8998 vs 0.8998  0.7841 vs 0.7841  0.6122 vs 0.6122  0.5183 vs 0.5183
     2:  622706 | 0.25021 vs 0.25000 |  0.8101 vs 0.8096  0.6150 vs 0.6148  0.3740 vs 0.3748  0.2685 vs 0.2686
     3:  531927 | 0.12532 vs 0.12500 |  0.7287 vs 0.7285  0.4815 vs 0.4821  0.2288 vs 0.2295  0.1392 vs 0.1392
     4:  448091 | 0.06246 vs 0.06250 |  0.6565 vs 0.6555  0.3771 vs 0.3780  0.1395 vs 0.1405  0.0719 vs 0.0721
     6:  302684 | 0.01542 vs 0.01562 |  0.5317 vs 0.5307  0.2328 vs 0.2324  0.0522 vs 0.0527  0.0192 vs 0.0194
     8:  185395 | 0.00399 vs 0.00391 |  0.4317 vs 0.4297  0.1429 vs 0.1429  0.0197 vs 0.0197  0.0052 vs 0.0052
    10:   96895 | 0.00109 vs 0.00098 |  0.3490 vs 0.3479  0.0880 vs 0.0879  0.0078 vs 0.0074  0.0016 vs 0.0014
    12:   36454 | 0.00019 vs 0.00024 |  0.2824 vs 0.2816  0.0537 vs 0.0540  0.0028 vs 0.0028  0.0004 vs 0.0004
   hazard P[witness at k | none before k], k=1..12:
     l'= 4: 0.100 0.100 0.100 0.099 0.100 0.100 0.100 0.099 0.100 0.101 0.102 0.101   (den at k=12: 11447)
     l'= 8: 0.216 0.216 0.217 0.216 0.214 0.214 0.216 0.215 0.211 0.216 0.217 0.215   (den at k=12: 2495)
     l'=16: 0.388 0.390 0.388 0.390 0.389 0.388 0.390 0.378 0.384 0.386 0.387   -     (den at k=12: 171)
     l'=24: 0.482 0.483 0.482 0.483 0.484 0.480 0.477 0.491 0.467   -     -     -     (den at k=12: 29)
(ii) DIAGONALS (B, l=d12, |C1|>=n/2+l).  per l: N; for each l': per-pair rate, E[G]/#diag, P[G=0] vs binomial, P[G<E[G]/2] vs binomial
   l= 2 N=13423 #diag= 14: | l'=4: 0.099 0.099 P0=0.2315/0.2326 low=0.231/0.233 | l'=8: 0.216 0.216 P0=0.0326/0.0333 low=0.159/0.161 | l'=16: 0.389 0.389 P0=0.0013/0.0010 low=0.044/0.047 | l'=24: 0.482 0.482 P0=0.0001/0.0001 low=0.037/0.039
   l= 3 N=12434 #diag= 13: | l'=4: 0.101 0.191 P0=0.0641/0.0632 low=0.260/0.258 | l'=8: 0.216 0.385 P0=0.0019/0.0018 low=0.071/0.072 | l'=16: 0.388 0.625 P0=0.0000/0.0000 low=0.020/0.020 | l'=24: 0.482 0.731 P0=0.0000/0.0000 low=0.002/0.002
   l= 4 N=11548 #diag= 12: | l'=4: 0.099 0.269 P0=0.0252/0.0235 low=0.129/0.127 | l'=8: 0.215 0.515 P0=0.0000/0.0002 low=0.060/0.059 | l'=16: 0.388 0.769 P0=0.0000/0.0000 low=0.002/0.002 | l'=24: 0.482 0.860 P0=0.0000/0.0000 low=0.000/0.000
   l= 5 N=10669 #diag= 11: | l'=4: 0.100 0.343 P0=0.0102/0.0098 low=0.066/0.066 | l'=8: 0.216 0.621 P0=0.0000/0.0000 low=0.019/0.021 | l'=16: 0.389 0.861 P0=0.0000/0.0000 low=0.000/0.000 | l'=24: 0.483 0.928 P0=0.0000/0.0000 low=0.000/0.000
   l= 6 N= 9724 #diag= 10: | l'=4: 0.099 0.407 P0=0.0048/0.0054 low=0.159/0.156 | l'=8: 0.215 0.702 P0=0.0000/0.0000 low=0.012/0.010 | l'=16: 0.388 0.914 P0=0.0000/0.0000 low=0.000/0.000 | l'=24: 0.482 0.962 P0=0.0000/0.0000 low=0.000/0.000
   l= 7 N= 8737 #diag=  9: | l'=4: 0.100 0.468 P0=0.0032/0.0034 low=0.123/0.126 | l'=8: 0.215 0.767 P0=0.0000/0.0000 low=0.006/0.007 | l'=16: 0.388 0.948 P0=0.0000/0.0000 low=0.000/0.000 | l'=24: 0.482 0.982 P0=0.0000/0.0000 low=0.000/0.000
