n=50: squares=60000 instances=360000 type=[50] marks/square=6 classes=[(50, 2), (50, 25)]
(i) LADDER.  first-pair witness rate w1: {4: 0.0604, 8: 0.1338, 16: 0.2615, 24: 0.3618}
   K : N(K0-1>=K) | P[Flip=0] vs 2^-K | for l'=4,8,16,24: P[no witness in first K] vs (1-w1)^K
     1:  360000 | 0.50004 vs 0.50000 |  0.9395 vs 0.9395  0.8662 vs 0.8662  0.7385 vs 0.7385  0.6382 vs 0.6382
     2:  331237 | 0.25010 vs 0.25000 |  0.8827 vs 0.8828  0.7489 vs 0.7504  0.5445 vs 0.5454  0.4068 vs 0.4073
     3:  303528 | 0.12468 vs 0.12500 |  0.8296 vs 0.8294  0.6484 vs 0.6500  0.4025 vs 0.4028  0.2596 vs 0.2599
     4:  276788 | 0.06205 vs 0.06250 |  0.7792 vs 0.7793  0.5620 vs 0.5630  0.2967 vs 0.2975  0.1656 vs 0.1659
     6:  226944 | 0.01548 vs 0.01562 |  0.6884 vs 0.6879  0.4211 vs 0.4225  0.1615 vs 0.1622  0.0669 vs 0.0676
     8:  182022 | 0.00375 vs 0.00391 |  0.6075 vs 0.6072  0.3152 vs 0.3170  0.0882 vs 0.0885  0.0274 vs 0.0275
    10:  142351 | 0.00091 vs 0.00098 |  0.5378 vs 0.5360  0.2362 vs 0.2379  0.0477 vs 0.0483  0.0110 vs 0.0112
    12:  107446 | 0.00024 vs 0.00024 |  0.4746 vs 0.4732  0.1781 vs 0.1785  0.0264 vs 0.0263  0.0045 vs 0.0046
    15:   64147 | 0.00006 vs 0.00003 |  0.3935 vs 0.3925  0.1138 vs 0.1160  0.0109 vs 0.0106  0.0012 vs 0.0012
    20:   16822 | 0.00000 vs 0.00000 |  0.2906 vs 0.2873  0.0546 vs 0.0566  0.0026 vs 0.0023  0.0002 vs 0.0001
   hazard P[witness at k | none before k], k=1..12:
     l'= 4: 0.060 0.061 0.060 0.060 0.060 0.060 0.060 0.060 0.058 0.060 0.060 0.059   (den at k=12: 54211)
     l'= 8: 0.134 0.135 0.134 0.133 0.134 0.136 0.135 0.133 0.134 0.133 0.131 0.132   (den at k=12: 22048)
     l'=16: 0.261 0.263 0.261 0.263 0.261 0.263 0.260 0.263 0.260 0.269 0.253 0.265   (den at k=12: 3857)
     l'=24: 0.362 0.362 0.361 0.362 0.364 0.367 0.359 0.360 0.361 0.373 0.349 0.380   (den at k=12: 779)
(ii) DIAGONALS (B, l=d12, |C1|>=n/2+l).  per l: N; for each l': per-pair rate, E[G]/#diag, P[G=0] vs binomial, P[G<E[G]/2] vs binomial
   l= 2 N= 3816 #diag= 24: | l'=4: 0.060 0.060 P0=0.2277/0.2268 low=0.228/0.227 | l'=8: 0.133 0.133 P0=0.0325/0.0325 low=0.158/0.152 | l'=16: 0.260 0.260 P0=0.0016/0.0007 low=0.095/0.095 | l'=24: 0.361 0.361 P0=0.0000/0.0000 low=0.035/0.034
   l= 3 N= 3694 #diag= 23: | l'=4: 0.061 0.118 P0=0.0598/0.0556 low=0.218/0.227 | l'=8: 0.134 0.250 P0=0.0011/0.0013 low=0.045/0.049 | l'=16: 0.263 0.456 P0=0.0000/0.0000 low=0.015/0.016 | l'=24: 0.363 0.594 P0=0.0000/0.0000 low=0.001/0.001
   l= 4 N= 3485 #diag= 22: | l'=4: 0.060 0.169 P0=0.0152/0.0172 low=0.099/0.094 | l'=8: 0.135 0.352 P0=0.0000/0.0001 low=0.023/0.024 | l'=16: 0.263 0.600 P0=0.0000/0.0000 low=0.003/0.002 | l'=24: 0.364 0.743 P0=0.0000/0.0000 low=0.000/0.000
   l= 5 N= 3354 #diag= 21: | l'=4: 0.061 0.223 P0=0.0072/0.0050 low=0.126/0.121 | l'=8: 0.134 0.437 P0=0.0000/0.0000 low=0.018/0.017 | l'=16: 0.261 0.701 P0=0.0000/0.0000 low=0.001/0.001 | l'=24: 0.362 0.835 P0=0.0000/0.0000 low=0.000/0.000
   l= 6 N= 3207 #diag= 20: | l'=4: 0.060 0.267 P0=0.0016/0.0020 low=0.069/0.068 | l'=8: 0.134 0.513 P0=0.0000/0.0000 low=0.018/0.016 | l'=16: 0.262 0.781 P0=0.0000/0.0000 low=0.000/0.000 | l'=24: 0.362 0.895 P0=0.0000/0.0000 low=0.000/0.000
   l= 7 N= 3177 #diag= 19: | l'=4: 0.060 0.310 P0=0.0003/0.0009 low=0.039/0.038 | l'=8: 0.135 0.577 P0=0.0000/0.0000 low=0.008/0.006 | l'=16: 0.263 0.838 P0=0.0000/0.0000 low=0.000/0.000 | l'=24: 0.363 0.933 P0=0.0000/0.0000 low=0.000/0.000
   l= 8 N= 2833 #diag= 18: | l'=4: 0.060 0.351 P0=0.0004/0.0004 low=0.073/0.077 | l'=8: 0.135 0.640 P0=0.0000/0.0000 low=0.001/0.002 | l'=16: 0.261 0.880 P0=0.0000/0.0000 low=0.000/0.000 | l'=24: 0.362 0.956 P0=0.0000/0.0000 low=0.000/0.000
   l= 9 N= 2816 #diag= 17: | l'=4: 0.060 0.388 P0=0.0000/0.0002 low=0.061/0.056 | l'=8: 0.133 0.682 P0=0.0000/0.0000 low=0.002/0.001 | l'=16: 0.261 0.910 P0=0.0000/0.0000 low=0.000/0.000 | l'=24: 0.362 0.972 P0=0.0000/0.0000 low=0.000/0.000
   l=10 N= 2602 #diag= 16: | l'=4: 0.060 0.430 P0=0.0000/0.0001 low=0.030/0.040 | l'=8: 0.134 0.725 P0=0.0000/0.0000 low=0.000/0.001 | l'=16: 0.262 0.937 P0=0.0000/0.0000 low=0.000/0.000 | l'=24: 0.362 0.983 P0=0.0000/0.0000 low=0.000/0.000
   l=11 N= 2521 #diag= 15: | l'=4: 0.060 0.460 P0=0.0000/0.0001 low=0.030/0.036 | l'=8: 0.134 0.762 P0=0.0000/0.0000 low=0.000/0.001 | l'=16: 0.261 0.953 P0=0.0000/0.0000 low=0.000/0.000 | l'=24: 0.361 0.989 P0=0.0000/0.0000 low=0.000/0.000
   l=12 N= 2218 #diag= 14: | l'=4: 0.060 0.494 P0=0.0000/0.0001 low=0.036/0.032 | l'=8: 0.134 0.794 P0=0.0000/0.0000 low=0.002/0.000 | l'=16: 0.261 0.964 P0=0.0000/0.0000 low=0.000/0.000 | l'=24: 0.361 0.993 P0=0.0000/0.0000 low=0.000/0.000
