n=50: squares=60000 instances=360000 type=[25, 25] marks/square=6 classes=[(25, 2), (25, 12)]
(i) LADDER.  first-pair witness rate w1: {4: 0.0602, 8: 0.1341, 16: 0.2618, 24: 0.3624}
   K : N(K0-1>=K) | P[Flip=0] vs 2^-K | for l'=4,8,16,24: P[no witness in first K] vs (1-w1)^K
     1:  360000 | 0.49983 vs 0.50000 |  0.9398 vs 0.9398  0.8659 vs 0.8659  0.7382 vs 0.7382  0.6376 vs 0.6376
     2:  331160 | 0.25068 vs 0.25000 |  0.8839 vs 0.8833  0.7503 vs 0.7497  0.5454 vs 0.5450  0.4075 vs 0.4066
     3:  303324 | 0.12557 vs 0.12500 |  0.8314 vs 0.8301  0.6511 vs 0.6491  0.4027 vs 0.4023  0.2607 vs 0.2592
     4:  277047 | 0.06284 vs 0.06250 |  0.7816 vs 0.7802  0.5634 vs 0.5621  0.2968 vs 0.2970  0.1657 vs 0.1653
     6:  227513 | 0.01614 vs 0.01562 |  0.6904 vs 0.6891  0.4228 vs 0.4214  0.1618 vs 0.1619  0.0678 vs 0.0672
     8:  182744 | 0.00392 vs 0.00391 |  0.6093 vs 0.6087  0.3170 vs 0.3159  0.0886 vs 0.0882  0.0280 vs 0.0273
    10:  142664 | 0.00098 vs 0.00098 |  0.5366 vs 0.5377  0.2371 vs 0.2368  0.0485 vs 0.0481  0.0115 vs 0.0111
    12:  107606 | 0.00023 vs 0.00024 |  0.4741 vs 0.4749  0.1779 vs 0.1776  0.0266 vs 0.0262  0.0048 vs 0.0045
    15:   64145 | 0.00005 vs 0.00003 |  0.3947 vs 0.3943  0.1152 vs 0.1153  0.0101 vs 0.0105  0.0012 vs 0.0012
    20:   16469 | 0.00006 vs 0.00000 |  0.2875 vs 0.2891  0.0560 vs 0.0561  0.0029 vs 0.0023  0.0003 vs 0.0001
   hazard P[witness at k | none before k], k=1..12:
     l'= 4: 0.060 0.060 0.059 0.060 0.060 0.060 0.060 0.060 0.062 0.061 0.060 0.060   (den at k=12: 54253)
     l'= 8: 0.134 0.133 0.132 0.135 0.134 0.134 0.134 0.135 0.135 0.135 0.133 0.135   (den at k=12: 22116)
     l'=16: 0.262 0.261 0.262 0.262 0.262 0.262 0.261 0.261 0.261 0.259 0.258 0.262   (den at k=12: 3882)
     l'=24: 0.362 0.361 0.360 0.363 0.365 0.356 0.360 0.354 0.363 0.357 0.367 0.342   (den at k=12: 789)
(ii) DIAGONALS (B, l=d12, |C1|>=n/2+l).  per l: N; for each l': per-pair rate, E[G]/#diag, P[G=0] vs binomial, P[G<E[G]/2] vs binomial
   l= 2 N= 3837 #diag= 24: | l'=4: 0.058 0.058 P0=0.2317/0.2370 low=0.232/0.237 | l'=8: 0.132 0.132 P0=0.0354/0.0333 low=0.161/0.155 | l'=16: 0.260 0.260 P0=0.0010/0.0007 low=0.100/0.096 | l'=24: 0.360 0.360 P0=0.0000/0.0000 low=0.036/0.034
   l= 3 N= 3622 #diag= 23: | l'=4: 0.060 0.117 P0=0.0541/0.0570 low=0.228/0.231 | l'=8: 0.135 0.251 P0=0.0011/0.0013 low=0.044/0.048 | l'=16: 0.262 0.456 P0=0.0000/0.0000 low=0.013/0.016 | l'=24: 0.363 0.595 P0=0.0000/0.0000 low=0.001/0.001
   l= 4 N= 3469 #diag= 22: | l'=4: 0.059 0.167 P0=0.0130/0.0178 low=0.097/0.097 | l'=8: 0.133 0.348 P0=0.0003/0.0001 low=0.020/0.026 | l'=16: 0.260 0.595 P0=0.0000/0.0000 low=0.003/0.002 | l'=24: 0.362 0.741 P0=0.0000/0.0000 low=0.000/0.000
   l= 5 N= 3379 #diag= 21: | l'=4: 0.060 0.220 P0=0.0062/0.0055 low=0.126/0.129 | l'=8: 0.135 0.441 P0=0.0000/0.0000 low=0.018/0.016 | l'=16: 0.263 0.706 P0=0.0000/0.0000 low=0.001/0.000 | l'=24: 0.364 0.837 P0=0.0000/0.0000 low=0.000/0.000
   l= 6 N= 3199 #diag= 20: | l'=4: 0.060 0.267 P0=0.0028/0.0020 low=0.066/0.068 | l'=8: 0.134 0.513 P0=0.0000/0.0000 low=0.019/0.016 | l'=16: 0.262 0.779 P0=0.0000/0.0000 low=0.000/0.000 | l'=24: 0.362 0.894 P0=0.0000/0.0000 low=0.000/0.000
   l= 7 N= 3009 #diag= 19: | l'=4: 0.060 0.308 P0=0.0013/0.0009 low=0.041/0.040 | l'=8: 0.134 0.578 P0=0.0000/0.0000 low=0.003/0.006 | l'=16: 0.262 0.837 P0=0.0000/0.0000 low=0.000/0.000 | l'=24: 0.363 0.931 P0=0.0000/0.0000 low=0.000/0.000
   l= 8 N= 2946 #diag= 18: | l'=4: 0.060 0.354 P0=0.0000/0.0004 low=0.072/0.074 | l'=8: 0.134 0.636 P0=0.0000/0.0000 low=0.003/0.002 | l'=16: 0.263 0.882 P0=0.0000/0.0000 low=0.000/0.000 | l'=24: 0.362 0.957 P0=0.0000/0.0000 low=0.000/0.000
   l= 9 N= 2699 #diag= 17: | l'=4: 0.060 0.388 P0=0.0004/0.0002 low=0.055/0.056 | l'=8: 0.134 0.683 P0=0.0000/0.0000 low=0.001/0.001 | l'=16: 0.262 0.910 P0=0.0000/0.0000 low=0.000/0.000 | l'=24: 0.362 0.971 P0=0.0000/0.0000 low=0.000/0.000
   l=10 N= 2613 #diag= 16: | l'=4: 0.060 0.426 P0=0.0000/0.0001 low=0.039/0.043 | l'=8: 0.134 0.724 P0=0.0000/0.0000 low=0.001/0.001 | l'=16: 0.261 0.935 P0=0.0000/0.0000 low=0.000/0.000 | l'=24: 0.361 0.983 P0=0.0000/0.0000 low=0.000/0.000
   l=11 N= 2536 #diag= 15: | l'=4: 0.060 0.464 P0=0.0000/0.0001 low=0.037/0.034 | l'=8: 0.134 0.761 P0=0.0000/0.0000 low=0.002/0.001 | l'=16: 0.262 0.952 P0=0.0000/0.0000 low=0.000/0.000 | l'=24: 0.362 0.988 P0=0.0000/0.0000 low=0.000/0.000
   l=12 N= 2237 #diag= 14: | l'=4: 0.060 0.492 P0=0.0000/0.0001 low=0.035/0.033 | l'=8: 0.135 0.795 P0=0.0000/0.0000 low=0.000/0.000 | l'=16: 0.263 0.965 P0=0.0000/0.0000 low=0.000/0.000 | l'=24: 0.363 0.993 P0=0.0000/0.0000 low=0.000/0.000
