n=50: squares=60000 instances=240000 type=[4, 2, 2, 2, 2, 2, 2, 2, 2, 2, 2, 2, 2, 2, 2, 2, 2, 2, 2, 2, 2, 2, 2, 2] marks/square=4 classes=[(4, 2)]
(i) LADDER.  first-pair witness rate w1: {4: 0.06, 8: 0.1336, 16: 0.2617, 24: 0.3627}
   K : N(K0-1>=K) | P[Flip=0] vs 2^-K | for l'=4,8,16,24: P[no witness in first K] vs (1-w1)^K
     1:  240000 | 0.49922 vs 0.50000 |  0.9400 vs 0.9400  0.8664 vs 0.8664  0.7383 vs 0.7383  0.6373 vs 0.6373
     2:  221132 | 0.25062 vs 0.25000 |  0.8833 vs 0.8836  0.7496 vs 0.7506  0.5453 vs 0.5450  0.4062 vs 0.4062
     3:  202434 | 0.12570 vs 0.12500 |  0.8304 vs 0.8306  0.6491 vs 0.6503  0.4044 vs 0.4024  0.2600 vs 0.2588
     4:  184690 | 0.06263 vs 0.06250 |  0.7804 vs 0.7807  0.5623 vs 0.5634  0.2983 vs 0.2971  0.1657 vs 0.1650
     6:  151906 | 0.01617 vs 0.01562 |  0.6889 vs 0.6899  0.4210 vs 0.4229  0.1630 vs 0.1619  0.0678 vs 0.0670
     8:  121640 | 0.00401 vs 0.00391 |  0.6057 vs 0.6095  0.3136 vs 0.3174  0.0885 vs 0.0882  0.0273 vs 0.0272
    10:   95138 | 0.00106 vs 0.00098 |  0.5376 vs 0.5386  0.2375 vs 0.2382  0.0491 vs 0.0481  0.0109 vs 0.0111
    12:   71904 | 0.00025 vs 0.00024 |  0.4743 vs 0.4759  0.1779 vs 0.1788  0.0274 vs 0.0262  0.0045 vs 0.0045
    15:   42686 | 0.00005 vs 0.00003 |  0.3935 vs 0.3953  0.1177 vs 0.1163  0.0112 vs 0.0105  0.0013 vs 0.0012
    20:   11180 | 0.00000 vs 0.00000 |  0.2967 vs 0.2901  0.0583 vs 0.0568  0.0027 vs 0.0023  0.0001 vs 0.0001
   hazard P[witness at k | none before k], k=1..12:
     l'= 4: 0.060 0.060 0.060 0.060 0.061 0.061 0.062 0.060 0.059 0.061 0.062 0.058   (den at k=12: 36208)
     l'= 8: 0.134 0.135 0.134 0.134 0.134 0.135 0.136 0.136 0.134 0.133 0.135 0.136   (den at k=12: 14805)
     l'=16: 0.262 0.261 0.258 0.262 0.259 0.262 0.267 0.261 0.260 0.258 0.254 0.256   (den at k=12: 2644)
     l'=24: 0.363 0.363 0.360 0.362 0.357 0.362 0.363 0.365 0.369 0.370 0.356 0.366   (den at k=12: 511)
(ii) DIAGONALS (B, l=d12, |C1|>=n/2+l).  per l: N; for each l': per-pair rate, E[G]/#diag, P[G=0] vs binomial, P[G<E[G]/2] vs binomial
   l= 2 N= 2420 #diag= 24: | l'=4: 0.059 0.059 P0=0.2310/0.2345 low=0.231/0.234 | l'=8: 0.130 0.130 P0=0.0339/0.0355 low=0.158/0.163 | l'=16: 0.258 0.258 P0=0.0008/0.0008 low=0.099/0.099 | l'=24: 0.358 0.358 P0=0.0000/0.0000 low=0.033/0.036
   l= 3 N= 2425 #diag= 23: | l'=4: 0.060 0.116 P0=0.0540/0.0579 low=0.234/0.234 | l'=8: 0.135 0.249 P0=0.0008/0.0014 low=0.050/0.050 | l'=16: 0.263 0.455 P0=0.0000/0.0000 low=0.013/0.017 | l'=24: 0.364 0.593 P0=0.0000/0.0000 low=0.000/0.001
   l= 4 N= 2330 #diag= 22: | l'=4: 0.061 0.173 P0=0.0172/0.0154 low=0.087/0.086 | l'=8: 0.135 0.353 P0=0.0000/0.0001 low=0.023/0.023 | l'=16: 0.263 0.602 P0=0.0000/0.0000 low=0.000/0.002 | l'=24: 0.364 0.744 P0=0.0000/0.0000 low=0.000/0.000
   l= 5 N= 2259 #diag= 21: | l'=4: 0.060 0.218 P0=0.0049/0.0057 low=0.127/0.132 | l'=8: 0.134 0.440 P0=0.0000/0.0000 low=0.013/0.016 | l'=16: 0.262 0.703 P0=0.0000/0.0000 low=0.000/0.001 | l'=24: 0.362 0.835 P0=0.0000/0.0000 low=0.000/0.000
   l= 6 N= 2096 #diag= 20: | l'=4: 0.060 0.267 P0=0.0014/0.0020 low=0.073/0.067 | l'=8: 0.134 0.514 P0=0.0000/0.0000 low=0.010/0.015 | l'=16: 0.263 0.782 P0=0.0000/0.0000 low=0.000/0.000 | l'=24: 0.362 0.893 P0=0.0000/0.0000 low=0.000/0.000
   l= 7 N= 2057 #diag= 19: | l'=4: 0.059 0.307 P0=0.0005/0.0009 low=0.045/0.040 | l'=8: 0.134 0.577 P0=0.0000/0.0000 low=0.006/0.006 | l'=16: 0.261 0.838 P0=0.0000/0.0000 low=0.000/0.000 | l'=24: 0.362 0.932 P0=0.0000/0.0000 low=0.000/0.000
   l= 8 N= 2006 #diag= 18: | l'=4: 0.060 0.352 P0=0.0005/0.0004 low=0.077/0.076 | l'=8: 0.134 0.634 P0=0.0000/0.0000 low=0.001/0.002 | l'=16: 0.263 0.882 P0=0.0000/0.0000 low=0.000/0.000 | l'=24: 0.363 0.959 P0=0.0000/0.0000 low=0.000/0.000
   l= 9 N= 1854 #diag= 17: | l'=4: 0.059 0.388 P0=0.0000/0.0002 low=0.063/0.057 | l'=8: 0.133 0.681 P0=0.0000/0.0000 low=0.001/0.001 | l'=16: 0.260 0.911 P0=0.0000/0.0000 low=0.000/0.000 | l'=24: 0.359 0.973 P0=0.0000/0.0000 low=0.000/0.000
   l=10 N= 1758 #diag= 16: | l'=4: 0.061 0.435 P0=0.0000/0.0001 low=0.042/0.037 | l'=8: 0.135 0.731 P0=0.0000/0.0000 low=0.000/0.001 | l'=16: 0.263 0.934 P0=0.0000/0.0000 low=0.000/0.000 | l'=24: 0.364 0.983 P0=0.0000/0.0000 low=0.000/0.000
   l=11 N= 1615 #diag= 15: | l'=4: 0.060 0.463 P0=0.0000/0.0001 low=0.034/0.034 | l'=8: 0.134 0.764 P0=0.0000/0.0000 low=0.002/0.000 | l'=16: 0.261 0.953 P0=0.0000/0.0000 low=0.000/0.000 | l'=24: 0.361 0.989 P0=0.0000/0.0000 low=0.000/0.000
   l=12 N= 1585 #diag= 14: | l'=4: 0.060 0.495 P0=0.0000/0.0001 low=0.036/0.031 | l'=8: 0.134 0.800 P0=0.0000/0.0000 low=0.000/0.000 | l'=16: 0.262 0.964 P0=0.0000/0.0000 low=0.000/0.000 | l'=24: 0.363 0.993 P0=0.0000/0.0000 low=0.000/0.000
