R = 0123456 / 1234560, j=0 jp=2, sigma(j)=6 sigma(jp)=1, hypothesis (1): holds
  jp = sigma^5(j) (same sigma-cycle)
|S(R)| = 6566400 completions
moves: 23596800 flippable trades, 42067200 non-flippable, 1647360 turns (393600 of odd cycles)
P[beta=1 | R] = 0.497076

== move set A (jp-trades + turns): 423 components, LHS of Question = 0.007566
  |K| =  6508560 (0.99119 of S(R))  p(K) = 0.4968  row-parity-1 fraction = 0.530  (row,col,sym,sgnpi) bins: 0010:766500 0011:764160 0100:766500 0101:764160 1000:863580 1001:860040 1110:863580 1111:860040
  |K| =      960 (0.00015 of S(R))  p(K) = 0.5000  row-parity-1 fraction = 0.000  (row,col,sym,sgnpi) bins: 0010:240 0011:240 0100:240 0101:240
  |K| =      600 (0.00009 of S(R))  p(K) = 0.6000  row-parity-1 fraction = 0.000  (row,col,sym,sgnpi) bins: 0010:180 0011:120 0100:180 0101:120
  |K| =      600 (0.00009 of S(R))  p(K) = 0.4000  row-parity-1 fraction = 0.000  (row,col,sym,sgnpi) bins: 0010:120 0011:180 0100:120 0101:180
  |K| =      480 (0.00007 of S(R))  p(K) = 0.7500  row-parity-1 fraction = 1.000  (row,col,sym,sgnpi) bins: 1000:180 1001:60 1110:180 1111:60
  |K| =      480 (0.00007 of S(R))  p(K) = 0.2500  row-parity-1 fraction = 0.000  (row,col,sym,sgnpi) bins: 0010:60 0011:180 0100:60 0101:180
  |K| =      480 (0.00007 of S(R))  p(K) = 0.5000  row-parity-1 fraction = 0.000  (row,col,sym,sgnpi) bins: 0010:120 0011:120 0100:120 0101:120
  |K| =      480 (0.00007 of S(R))  p(K) = 0.2500  row-parity-1 fraction = 0.000  (row,col,sym,sgnpi) bins: 0010:60 0011:180 0100:60 0101:180
  |K| =      480 (0.00007 of S(R))  p(K) = 0.7500  row-parity-1 fraction = 1.000  (row,col,sym,sgnpi) bins: 1000:180 1001:60 1110:180 1111:60
  |K| =      360 (0.00005 of S(R))  p(K) = 0.6667  row-parity-1 fraction = 0.000  (row,col,sym,sgnpi) bins: 0010:120 0011:60 0100:120 0101:60
  |K| =      360 (0.00005 of S(R))  p(K) = 0.6667  row-parity-1 fraction = 0.000  (row,col,sym,sgnpi) bins: 0010:120 0011:60 0100:120 0101:60
  |K| =      360 (0.00005 of S(R))  p(K) = 0.3333  row-parity-1 fraction = 0.000  (row,col,sym,sgnpi) bins: 0010:60 0011:120 0100:60 0101:120
DUMP size=120 p=0.000 square=0123456/1234560/2041635/3456012/4562301/5610243/6305124 pi=6501234 rho-cycle-lengths-through-jp:777777777777777777777 flippable(x,y>=2)=0
DUMP size=120 p=0.000 square=0123456/1234560/2041635/3456012/4605123/5360241/6512304 pi=4601235 rho-cycle-lengths-through-jp:777777772f777777777777 flippable(x,y>=2)=0
DUMP size=120 p=1.000 square=0123456/1234560/2041635/3456012/4615203/5360124/6502341 pi=6401235 rho-cycle-lengths-through-jp:7777777773f77777777777 flippable(x,y>=2)=0
DUMP size=120 p=1.000 square=0123456/1234560/2041635/3456201/4560123/5602314/6315042 pi=5601234 rho-cycle-lengths-through-jp:777777777777777777777 flippable(x,y>=2)=0
DUMP size=120 p=0.000 square=0123456/1234560/2041635/3456201/4605123/5362014/6510342 pi=4601235 rho-cycle-lengths-through-jp:777777772f777777777777 flippable(x,y>=2)=0
DUMP size=120 p=0.000 square=0123456/1234560/2041635/3456201/4605312/5360124/6512043 pi=4601235 rho-cycle-lengths-through-jp:7777777773f77777777777 flippable(x,y>=2)=0
DUMP size=480 p=0.250 square=0123456/1234560/2041635/3465021/4652103/5306214/6510342 pi=5601243 rho-cycle-lengths-through-jp:777777777773f777777777 flippable(x,y>=2)=1
DUMP size=120 p=0.000 square=0123456/1234560/2041635/3465102/4506213/5610324/6352041 pi=4501263 rho-cycle-lengths-through-jp:772f377772f377777777777 flippable(x,y>=2)=0
DUMP size=120 p=1.000 square=0123456/1234560/2041635/3465102/4650213/5316024/6502341 pi=6501243 rho-cycle-lengths-through-jp:772f777777777777777777 flippable(x,y>=2)=0
DUMP size=120 p=0.000 square=0123456/1234560/2041635/3465102/4650321/5306214/6512043 pi=5601243 rho-cycle-lengths-through-jp:772f2f77772f777777777777 flippable(x,y>=2)=0
DUMP size=120 p=0.000 square=0123456/1234560/2041635/3560214/4356021/5602143/6415302 pi=5601243 rho-cycle-lengths-through-jp:773f2f777372f77777777777 flippable(x,y>=2)=0
DUMP size=120 p=1.000 square=0123456/1234560/2041635/3605142/4356021/5460213/6512304 pi=3601245 rho-cycle-lengths-through-jp:7772f77777777777777777 flippable(x,y>=2)=0
DUMP size=120 p=1.000 square=0123456/1234560/2041635/3605214/4356021/5462103/6510342 pi=3601245 rho-cycle-lengths-through-jp:7772f3f77773f77777777777 flippable(x,y>=2)=0
DUMP size=120 p=0.000 square=0123456/1234560/2045613/3416025/4562301/5601234/6350142 pi=5301264 rho-cycle-lengths-through-jp:777777727777777777777 flippable(x,y>=2)=0
DUMP size=120 p=0.000 square=0123456/1234560/2045613/3456201/4561032/5610324/6302145 pi=6501234 rho-cycle-lengths-through-jp:7772f77772f377777777777 flippable(x,y>=2)=0
DUMP size=120 p=1.000 square=0123456/1234560/2045613/3460125/4516302/5601234/6352041 pi=5401263 rho-cycle-lengths-through-jp:773f777777777777777777 flippable(x,y>=2)=0
DUMP size=120 p=0.000 square=0123456/1234560/2045613/3461205/4506132/5610324/6352041 pi=4501263 rho-cycle-lengths-through-jp:777777777377777777777 flippable(x,y>=2)=0
DUMP size=120 p=1.000 square=0123456/1234560/2045613/3601245/4356021/5460132/6512304 pi=3601245 rho-cycle-lengths-through-jp:7772f2f77772f77777777777 flippable(x,y>=2)=0
DUMP size=120 p=0.000 square=0123456/1234560/2045613/3650241/4362105/5416032/6501324 pi=6501234 rho-cycle-lengths-through-jp:773f777777777777777777 flippable(x,y>=2)=0
DUMP size=120 p=0.000 square=0123456/1234560/2046135/3615204/4350621/5462013/6501342 pi=6301245 rho-cycle-lengths-through-jp:744f2f3f33f24f54f7777777777 flippable(x,y>=2)=0
DUMP size=120 p=0.000 square=0123456/1234560/2046135/3652041/4305612/5461203/6510324 pi=4601235 rho-cycle-lengths-through-jp:74545f3f3f43f3f57777777777 flippable(x,y>=2)=0
DUMP size=120 p=1.000 square=0123456/1234560/2046315/3450621/4561032/5602143/6315204 pi=5601234 rho-cycle-lengths-through-jp:772f2f77772f2f77777777777 flippable(x,y>=2)=0
DUMP size=120 p=0.000 square=0123456/1234560/2046315/3451602/4560123/5612034/6305241 pi=6501234 rho-cycle-lengths-through-jp:777777777777777777777 flippable(x,y>=2)=0
DUMP size=120 p=1.000 square=0123456/1234560/2046315/3465021/4512603/5601234/6350142 pi=5401263 rho-cycle-lengths-through-jp:777777777777777777777 flippable(x,y>=2)=0
DUMP size=120 p=0.000 square=0123456/1234560/2046315/3465102/4651023/5302641/6510234 pi=5601243 rho-cycle-lengths-through-jp:772f2f77773f737777777777 flippable(x,y>=2)=0
DUMP size=120 p=1.000 square=0123456/1234560/2046315/3501642/4365201/5612034/6450123 pi=3501264 rho-cycle-lengths-through-jp:777772f777777777777777 flippable(x,y>=2)=0
DUMP size=120 p=0.000 square=0123456/1234560/2046315/3510624/4365201/5602143/6451032 pi=5301264 rho-cycle-lengths-through-jp:773f7777272f77777777777 flippable(x,y>=2)=0
DUMP size=120 p=0.000 square=0123456/1234560/2046315/3560142/4305621/5612034/6451203 pi=4501263 rho-cycle-lengths-through-jp:772f777777777777777777 flippable(x,y>=2)=0
DUMP size=120 p=0.000 square=0123456/1234560/2046315/3560142/4352601/5601234/6415023 pi=5601243 rho-cycle-lengths-through-jp:772f777777777777777777 flippable(x,y>=2)=0
DUMP size=120 p=1.000 square=0123456/1234560/2046315/3561024/4315602/5602143/6450231 pi=5401263 rho-cycle-lengths-through-jp:7777777772f77777777777 flippable(x,y>=2)=0
DUMP size=120 p=1.000 square=0123456/1234560/2046315/3562041/4315602/5601234/6450123 pi=5401263 rho-cycle-lengths-through-jp:777772f777777777777777 flippable(x,y>=2)=0
DUMP size=120 p=1.000 square=0123456/1234560/2046315/3605142/4352601/5461023/6510234 pi=3601245 rho-cycle-lengths-through-jp:777777777737777777777 flippable(x,y>=2)=0
DUMP size=120 p=0.000 square=0123456/1234560/2046315/3651042/4305621/5462103/6510234 pi=4601235 rho-cycle-lengths-through-jp:77773f77773f37777777777 flippable(x,y>=2)=0
DUMP size=120 p=0.000 square=0123456/1234560/2051634/3416205/4605321/5360142/6542013 pi=4301625 rho-cycle-lengths-through-jp:753f52f53f255f5f7777777777 flippable(x,y>=2)=0
DUMP size=120 p=1.000 square=0123456/1234560/2051634/3465201/4602315/5316042/6540123 pi=4501623 rho-cycle-lengths-through-jp:754f44f4f3f43f53f7777777777 flippable(x,y>=2)=0
DUMP size=120 p=1.000 square=0123456/1234560/2051634/3546201/4362015/5610342/6405123 pi=6501324 rho-cycle-lengths-through-jp:752f5f3f53f5532f7777777777 flippable(x,y>=2)=0
DUMP size=120 p=1.000 square=0123456/1234560/2051634/3560241/4316025/5642103/6405312 pi=6401523 rho-cycle-lengths-through-jp:755f5f5f33f555f5f7777777777 flippable(x,y>=2)=0
DUMP size=120 p=0.000 square=0123456/1234560/2056134/3540612/4612305/5461023/6305241 pi=6401325 rho-cycle-lengths-through-jp:773f777777777777777777 flippable(x,y>=2)=0
DUMP size=120 p=1.000 square=0123456/1234560/2056134/3542601/4601325/5460213/6315042 pi=4601325 rho-cycle-lengths-through-jp:777777773f777777777777 flippable(x,y>=2)=0
DUMP size=240 p=0.500 square=0123456/1234560/2056134/3542601/4605312/5461023/6310245 pi=4601325 rho-cycle-lengths-through-jp:7777777777773f77777777 flippable(x,y>=2)=1
DUMP size=120 p=1.000 square=0123456/1234560/2056134/3601245/4562013/5340621/6415302 pi=3601524 rho-cycle-lengths-through-jp:7773f77777777777777777 flippable(x,y>=2)=0
DUMP size=120 p=0.000 square=0123456/1234560/2056134/3645012/4561203/5302641/6410325 pi=5601324 rho-cycle-lengths-through-jp:777777773f777777777777 flippable(x,y>=2)=0
DUMP size=240 p=0.000 square=0123456/1234560/2056143/3410625/4561302/5642031/6305214 pi=6301524 rho-cycle-lengths-through-jp:755f2f54525f4f5f7777777377 flippable(x,y>=2)=0
DUMP size=120 p=0.000 square=0123456/1234560/2056143/3615204/4562031/5340612/6401325 pi=6301524 rho-cycle-lengths-through-jp:754f5f3f4522f4f3f7777777777 flippable(x,y>=2)=0
DUMP size=240 p=0.500 square=0123456/1234560/2056143/3641205/4560321/5302614/6415032 pi=5601324 rho-cycle-lengths-through-jp:752f4f55534f4f373f77777777 flippable(x,y>=2)=1
DUMP size=120 p=1.000 square=0123456/1234560/2056143/3641205/4562031/5310624/6405312 pi=6501324 rho-cycle-lengths-through-jp:752f5f53532f55f7777777777 flippable(x,y>=2)=0
DUMP size=120 p=1.000 square=0123456/1234560/2056143/3642015/4561302/5310624/6405231 pi=6501324 rho-cycle-lengths-through-jp:7542f55555f547777777777 flippable(x,y>=2)=0
DUMP size=120 p=0.000 square=0123456/1234560/2056143/3645021/4561302/5302614/6410235 pi=5601324 rho-cycle-lengths-through-jp:7552f53f555f4f37777777777 flippable(x,y>=2)=0
DUMP size=120 p=1.000 square=0123456/1234560/2056314/3405621/4612035/5360142/6541203 pi=3401625 rho-cycle-lengths-through-jp:7445f2f2f2f355f57777777777 flippable(x,y>=2)=0
DUMP size=120 p=0.000 square=0123456/1234560/2056314/3462105/4615023/5301642/6540231 pi=5401623 rho-cycle-lengths-through-jp:7455f52f2f553f57777777777 flippable(x,y>=2)=0
DUMP size=120 p=0.000 square=0123456/1234560/2056314/3510642/4361205/5642031/6405123 pi=6301524 rho-cycle-lengths-through-jp:745f5552f25f4f2f7777777777 flippable(x,y>=2)=0
DUMP size=120 p=1.000 square=0123456/1234560/2056314/3541602/4360125/5612043/6405231 pi=6501324 rho-cycle-lengths-through-jp:743f3f4f52f33f447777777777 flippable(x,y>=2)=0
DUMP size=240 p=0.500 square=0123456/1234560/2056314/3560241/4301625/5642103/6415032 pi=4601523 rho-cycle-lengths-through-jp:745f55f52f55f5f33f777777777 flippable(x,y>=2)=1
DUMP size=120 p=1.000 square=0123456/1234560/2061345/3450621/4506132/5642013/6315204 pi=4601532 rho-cycle-lengths-through-jp:772f777777777777777777 flippable(x,y>=2)=0
DUMP size=120 p=0.000 square=0123456/1234560/2061345/3450621/4506213/5612034/6345102 pi=4501632 rho-cycle-lengths-through-jp:772f377772f777777777777 flippable(x,y>=2)=0
DUMP size=120 p=1.000 square=0123456/1234560/2061345/3456012/4502631/5640123/6315204 pi=4601532 rho-cycle-lengths-through-jp:7777777773f77777777777 flippable(x,y>=2)=0
DUMP size=120 p=0.000 square=0123456/1234560/2061345/3456012/4512603/5640231/6305124 pi=6401532 rho-cycle-lengths-through-jp:77772f7777777777777777 flippable(x,y>=2)=0
DUMP size=240 p=1.000 square=0123456/1234560/2061345/3506124/4315602/5640231/6452013 pi=3401562 rho-cycle-lengths-through-jp:77772f777773f7777777773 flippable(x,y>=2)=0
DUMP size=120 p=0.000 square=0123456/1234560/2061345/3615024/4350612/5406231/6542103 pi=5301642 rho-cycle-lengths-through-jp:777777727777777777777 flippable(x,y>=2)=0
DUMP size=120 p=1.000 square=0123456/1234560/2061345/3645012/4352601/5406123/6510234 pi=5601342 rho-cycle-lengths-through-jp:7777377772f37777777777 flippable(x,y>=2)=0
DUMP size=120 p=0.000 square=0123456/1234560/2065134/3610245/4502613/5346021/6451302 pi=4301562 rho-cycle-lengths-through-jp:755f5442f22f4f2f7777777777 flippable(x,y>=2)=0
DUMP size=120 p=1.000 square=0123456/1234560/2065134/3641205/4502613/5316042/6450321 pi=4501362 rho-cycle-lengths-through-jp:752f54f2f2f32f52f7777777777 flippable(x,y>=2)=0
DUMP size=120 p=0.000 square=0123456/1234560/2065134/3642015/4516203/5301642/6450321 pi=5401362 rho-cycle-lengths-through-jp:754552f2f553f2f7777777777 flippable(x,y>=2)=0
DUMP size=120 p=0.000 square=0123456/1234560/2065134/3652041/4516203/5340612/6401325 pi=6401532 rho-cycle-lengths-through-jp:75553f42f454f3f7777777777 flippable(x,y>=2)=0
DUMP size=120 p=0.000 square=0123456/1234560/2065143/3542601/4610235/5406312/6351024 pi=5401362 rho-cycle-lengths-through-jp:777772f777777777777777 flippable(x,y>=2)=0
DUMP size=120 p=0.000 square=0123456/1234560/2065143/3546021/4612305/5401632/6350214 pi=5401362 rho-cycle-lengths-through-jp:77777777773f7777777777 flippable(x,y>=2)=0
DUMP size=120 p=0.000 square=0123456/1234560/2065143/3640215/4352601/5416032/6501324 pi=6501342 rho-cycle-lengths-through-jp:772f777777777777777777 flippable(x,y>=2)=0
DUMP size=120 p=1.000 square=0123456/1234560/2065143/3641025/4350612/5406231/6512304 pi=5601342 rho-cycle-lengths-through-jp:777777737777777777777 flippable(x,y>=2)=0
DUMP size=120 p=1.000 square=0123456/1234560/2065143/3651204/4502631/5346012/6410325 pi=4601532 rho-cycle-lengths-through-jp:777777777777777777777 flippable(x,y>=2)=0
DUMP size=120 p=0.000 square=0123456/1234560/2065143/3652014/4516302/5340621/6401235 pi=6401532 rho-cycle-lengths-through-jp:777777777777777777777 flippable(x,y>=2)=0
DUMP size=960 p=0.500 square=0123456/1234560/2065314/3416025/4502631/5641203/6350142 pi=4301562 rho-cycle-lengths-through-jp:77772f772777777773f7777 flippable(x,y>=2)=1
DUMP size=360 p=0.333 square=0123456/1234560/2301645/3065124/4516302/5640231/6452013 pi=2401563 rho-cycle-lengths-through-jp:72772f777773f7777777773 flippable(x,y>=2)=0
DUMP size=360 p=0.333 square=0123456/1234560/2301645/3645012/4560123/5016234/6452301 pi=2501364 rho-cycle-lengths-through-jp:72777777772f73f77777737 flippable(x,y>=2)=1
DUMP size=120 p=1.000 square=0123456/1234560/2340615/3056142/4562301/5601234/6415023 pi=5601234 rho-cycle-lengths-through-jp:777777737777777777777 flippable(x,y>=2)=0
DUMP size=240 p=0.500 square=0123456/1234560/2340615/3056142/4605231/5461023/6512304 pi=4601235 rho-cycle-lengths-through-jp:7773777377777773f77777 flippable(x,y>=2)=1
DUMP size=120 p=1.000 square=0123456/1234560/2340615/3456201/4561032/5602143/6015324 pi=5601234 rho-cycle-lengths-through-jp:7772f77772f2f77777777777 flippable(x,y>=2)=0
DUMP size=120 p=1.000 square=0123456/1234560/2340615/3465102/4651023/5016234/6502341 pi=6501243 rho-cycle-lengths-through-jp:772f2f77773f777777777777 flippable(x,y>=2)=0
DUMP size=120 p=0.000 square=0123456/1234560/2340615/3561024/4056231/5602143/6415302 pi=5601243 rho-cycle-lengths-through-jp:7777777772f77777777777 flippable(x,y>=2)=0
DUMP size=120 p=0.000 square=0123456/1234560/2340615/3562041/4056123/5601234/6415302 pi=5601243 rho-cycle-lengths-through-jp:7772f77777777777777777 flippable(x,y>=2)=0
DUMP size=120 p=0.000 square=0123456/1234560/2340615/3651042/4065321/5416203/6502134 pi=6501234 rho-cycle-lengths-through-jp:77773f7777777777777777 flippable(x,y>=2)=0
DUMP size=120 p=0.000 square=0123456/1234560/2345601/3056214/4602135/5461023/6510342 pi=4601235 rho-cycle-lengths-through-jp:777777777777777777777 flippable(x,y>=2)=0
DUMP size=120 p=1.000 square=0123456/1234560/2345601/3062145/4650213/5416032/6501324 pi=6501243 rho-cycle-lengths-through-jp:777777777777777777777 flippable(x,y>=2)=0
DUMP size=120 p=1.000 square=0123456/1234560/2345601/3406215/4650132/5061324/6512043 pi=3601245 rho-cycle-lengths-through-jp:777777777777777777777 flippable(x,y>=2)=0
DUMP size=120 p=1.000 square=0123456/1234560/2345601/3456012/4560123/5601234/6012345 pi=5601234 rho-cycle-lengths-through-jp:777777777777777777777 flippable(x,y>=2)=0
DUMP size=120 p=1.000 square=0123456/1234560/2345601/3506124/4062315/5610243/6451032 pi=3501264 rho-cycle-lengths-through-jp:777777777777777777777 flippable(x,y>=2)=0
DUMP size=120 p=1.000 square=0123456/1234560/2345601/3561024/4610235/5406312/6052143 pi=5401263 rho-cycle-lengths-through-jp:777777777777777777777 flippable(x,y>=2)=0
DUMP size=120 p=1.000 square=0123456/1234560/2345601/3651042/4016325/5460213/6502134 pi=6401235 rho-cycle-lengths-through-jp:777777777777777777777 flippable(x,y>=2)=0
DUMP size=120 p=0.000 square=0123456/1234560/2345601/3652014/4506132/5061243/6410325 pi=4601235 rho-cycle-lengths-through-jp:777777777777777777777 flippable(x,y>=2)=0
DUMP size=120 p=1.000 square=0123456/1234560/2346015/3405621/4560132/5612304/6051243 pi=3501264 rho-cycle-lengths-through-jp:7342f5f3f532f34f7777777777 flippable(x,y>=2)=0
DUMP size=120 p=1.000 square=0123456/1234560/2346015/3465201/4650123/5012634/6501342 pi=6501243 rho-cycle-lengths-through-jp:734f2f5354544f7777777777 flippable(x,y>=2)=0
DUMP size=120 p=1.000 square=0123456/1234560/2346105/3052641/4560312/5601234/6415023 pi=5601234 rho-cycle-lengths-through-jp:7772f77777777777777777 flippable(x,y>=2)=0
DUMP size=120 p=0.000 square=0123456/1234560/2346105/3052641/4605312/5461023/6510234 pi=4601235 rho-cycle-lengths-through-jp:777777777737777777777 flippable(x,y>=2)=0
DUMP size=120 p=1.000 square=0123456/1234560/2346105/3405612/4651023/5062341/6510234 pi=3601245 rho-cycle-lengths-through-jp:7772f77773f737777777777 flippable(x,y>=2)=0
DUMP size=120 p=1.000 square=0123456/1234560/2346105/3450621/4561032/5602314/6015243 pi=5601234 rho-cycle-lengths-through-jp:772f2f77772f777777777777 flippable(x,y>=2)=0
DUMP size=120 p=1.000 square=0123456/1234560/2346105/3502614/4065321/5610243/6451032 pi=3501264 rho-cycle-lengths-through-jp:773777777777777777777 flippable(x,y>=2)=0
DUMP size=120 p=1.000 square=0123456/1234560/2346105/3562041/4015623/5601234/6450312 pi=5401263 rho-cycle-lengths-through-jp:77777777772f7777777777 flippable(x,y>=2)=0
DUMP size=120 p=1.000 square=0123456/1234560/2350614/3065142/4516203/5642031/6401325 pi=6401523 rho-cycle-lengths-through-jp:752f5545554f3f7777777777 flippable(x,y>=2)=0
DUMP size=120 p=1.000 square=0123456/1234560/2350614/3462105/4615023/5046231/6501342 pi=6401523 rho-cycle-lengths-through-jp:7555f2f35553f4f7777777777 flippable(x,y>=2)=0
DUMP size=120 p=1.000 square=0123456/1234560/2350614/3465201/4612035/5046123/6501342 pi=6401523 rho-cycle-lengths-through-jp:754f5f535455f4f7777777777 flippable(x,y>=2)=0
DUMP size=120 p=1.000 square=0123456/1234560/2350614/3645102/4562031/5016243/6401325 pi=6501324 rho-cycle-lengths-through-jp:754f5f54542f53f7777777777 flippable(x,y>=2)=0
DUMP size=120 p=0.000 square=0123456/1234560/2350641/3046125/4562013/5601234/6415302 pi=5601324 rho-cycle-lengths-through-jp:7773f77777777777777777 flippable(x,y>=2)=0
DUMP size=120 p=1.000 square=0123456/1234560/2350641/3406215/4615032/5061324/6542103 pi=3401625 rho-cycle-lengths-through-jp:7773f77777777777777777 flippable(x,y>=2)=0
DUMP size=120 p=0.000 square=0123456/1234560/2350641/3462015/4516302/5601234/6045123 pi=5401623 rho-cycle-lengths-through-jp:777777737777777777777 flippable(x,y>=2)=0
DUMP size=120 p=1.000 square=0123456/1234560/2350641/3465102/4506213/5612034/6041325 pi=4501623 rho-cycle-lengths-through-jp:772f377772f777777777777 flippable(x,y>=2)=0
DUMP size=120 p=1.000 square=0123456/1234560/2350641/3506124/4061235/5642013/6415302 pi=3601524 rho-cycle-lengths-through-jp:777777772f777777777777 flippable(x,y>=2)=0
DUMP size=120 p=0.000 square=0123456/1234560/2350641/3645012/4061235/5406123/6512304 pi=5601324 rho-cycle-lengths-through-jp:777737772f2f77777777777 flippable(x,y>=2)=0
DUMP size=360 p=0.667 square=0123456/1234560/2351604/3546021/4062315/5610243/6405132 pi=6501324 rho-cycle-lengths-through-jp:737773777777777777737 flippable(x,y>=2)=0
DUMP size=120 p=0.000 square=0123456/1234560/2356014/3045621/4612305/5460132/6501243 pi=6401325 rho-cycle-lengths-through-jp:77772f77772f2f7777777777 flippable(x,y>=2)=0
DUMP size=120 p=0.000 square=0123456/1234560/2356014/3062145/4615203/5401632/6540321 pi=5401623 rho-cycle-lengths-through-jp:777777777777777777777 flippable(x,y>=2)=0
DUMP size=120 p=0.000 square=0123456/1234560/2356014/3461205/4605123/5042631/6510342 pi=4601523 rho-cycle-lengths-through-jp:777777772f777777777777 flippable(x,y>=2)=0
DUMP size=120 p=1.000 square=0123456/1234560/2356014/3542601/4601325/5460132/6015243 pi=4601325 rho-cycle-lengths-through-jp:77772f7773f2f77777777777 flippable(x,y>=2)=0
DUMP size=120 p=1.000 square=0123456/1234560/2356014/3601245/4560123/5042631/6415302 pi=3601524 rho-cycle-lengths-through-jp:777777777777777777777 flippable(x,y>=2)=0
DUMP size=120 p=1.000 square=0123456/1234560/2356014/3605142/4561203/5042631/6410325 pi=3601524 rho-cycle-lengths-through-jp:777777773f777777777777 flippable(x,y>=2)=0
DUMP size=120 p=1.000 square=0123456/1234560/2356041/3541602/4602315/5460123/6015234 pi=4601325 rho-cycle-lengths-through-jp:743f455533f5f37777777777 flippable(x,y>=2)=0
DUMP size=120 p=1.000 square=0123456/1234560/2356041/3645102/4560213/5012634/6401325 pi=6501324 rho-cycle-lengths-through-jp:744f55454543f7777777777 flippable(x,y>=2)=0
DUMP size=120 p=0.000 square=0123456/1234560/2356104/3045612/4561023/5602341/6410235 pi=5601324 rho-cycle-lengths-through-jp:733f5f53f455f437777777777 flippable(x,y>=2)=0
DUMP size=120 p=0.000 square=0123456/1234560/2356104/3061245/4502613/5640321/6415032 pi=4601523 rho-cycle-lengths-through-jp:734f555442f537777777777 flippable(x,y>=2)=0
DUMP size=120 p=1.000 square=0123456/1234560/2356104/3061245/4510623/5642031/6405312 pi=6401523 rho-cycle-lengths-through-jp:734f3f534444f5f7777777777 flippable(x,y>=2)=0
DUMP size=120 p=0.000 square=0123456/1234560/2356104/3061245/4615023/5402631/6540312 pi=5401623 rho-cycle-lengths-through-jp:734f5f4544555f7777777777 flippable(x,y>=2)=0
DUMP size=120 p=1.000 square=0123456/1234560/2356104/3402615/4615023/5061342/6540231 pi=3401625 rho-cycle-lengths-through-jp:7335f2f2f455557777777777 flippable(x,y>=2)=0
DUMP size=120 p=1.000 square=0123456/1234560/2356104/3502641/4061325/5640213/6415032 pi=3601524 rho-cycle-lengths-through-jp:7333f2f5435f3f37777777777 flippable(x,y>=2)=0
DUMP size=120 p=1.000 square=0123456/1234560/2356104/3645021/4502613/5061342/6410235 pi=4601325 rho-cycle-lengths-through-jp:73552f3f452f537777777777 flippable(x,y>=2)=0
DUMP size=120 p=0.000 square=0123456/1234560/2360145/3045621/4516302/5601234/6452013 pi=5401362 rho-cycle-lengths-through-jp:77777777773f7777777777 flippable(x,y>=2)=0
DUMP size=120 p=1.000 square=0123456/1234560/2360145/3456012/4502631/5641203/6015324 pi=4601532 rho-cycle-lengths-through-jp:77772f7777777777777777 flippable(x,y>=2)=0
DUMP size=120 p=1.000 square=0123456/1234560/2360145/3456012/4605231/5041623/6512304 pi=4601532 rho-cycle-lengths-through-jp:777377777777777777777 flippable(x,y>=2)=0
DUMP size=120 p=0.000 square=0123456/1234560/2360145/3456012/4615203/5042631/6501324 pi=6401532 rho-cycle-lengths-through-jp:777777777777777777777 flippable(x,y>=2)=0
DUMP size=120 p=1.000 square=0123456/1234560/2360145/3542601/4056312/5601234/6415023 pi=5601342 rho-cycle-lengths-through-jp:777777772f777777777777 flippable(x,y>=2)=0
DUMP size=120 p=1.000 square=0123456/1234560/2360145/3546021/4052613/5601234/6415302 pi=5601342 rho-cycle-lengths-through-jp:777777777777777777777 flippable(x,y>=2)=0
DUMP size=240 p=1.000 square=0123456/1234560/2361045/3506214/4015632/5640321/6452103 pi=3401562 rho-cycle-lengths-through-jp:755555555557777777773 flippable(x,y>=2)=0
DUMP size=120 p=0.000 square=0123456/1234560/2365014/3041625/4650231/5416302/6502143 pi=6501342 rho-cycle-lengths-through-jp:744f55f4434f32f7777777777 flippable(x,y>=2)=0
DUMP size=120 p=0.000 square=0123456/1234560/2365014/3051642/4516203/5640321/6402135 pi=6401532 rho-cycle-lengths-through-jp:744f555455557777777777 flippable(x,y>=2)=0
DUMP size=120 p=0.000 square=0123456/1234560/2365014/3452601/4506123/5610342/6041235 pi=4501632 rho-cycle-lengths-through-jp:74453f2f452f347777777777 flippable(x,y>=2)=0
DUMP size=120 p=0.000 square=0123456/1234560/2365014/3546201/4051623/5610342/6402135 pi=6501342 rho-cycle-lengths-through-jp:742f2f3f5455f357777777777 flippable(x,y>=2)=0
DUMP size=120 p=1.000 square=0123456/1234560/2365014/3602145/4051623/5416302/6540231 pi=3501642 rho-cycle-lengths-through-jp:7432f5f2f445f357777777777 flippable(x,y>=2)=0
DUMP size=120 p=1.000 square=0123456/1234560/2365014/3602145/4510623/5046231/6451302 pi=3401562 rho-cycle-lengths-through-jp:7433f2f44443f2f7777777777 flippable(x,y>=2)=0
DUMP size=120 p=1.000 square=0123456/1234560/2365014/3602145/4516203/5041632/6450321 pi=3401562 rho-cycle-lengths-through-jp:74353f2f44552f7777777777 flippable(x,y>=2)=0
DUMP size=120 p=1.000 square=0123456/1234560/2365041/3042615/4506132/5610324/6451203 pi=4501362 rho-cycle-lengths-through-jp:777777777377777777777 flippable(x,y>=2)=0
DUMP size=120 p=0.000 square=0123456/1234560/2365041/3042615/4516302/5601234/6450123 pi=5401362 rho-cycle-lengths-through-jp:777772f777777777777777 flippable(x,y>=2)=0
DUMP size=120 p=0.000 square=0123456/1234560/2365041/3046125/4512603/5601234/6450312 pi=5401362 rho-cycle-lengths-through-jp:77777777772f7777777777 flippable(x,y>=2)=0
DUMP size=120 p=1.000 square=0123456/1234560/2365041/3051624/4610235/5406312/6542103 pi=5401632 rho-cycle-lengths-through-jp:772f777777777777777777 flippable(x,y>=2)=0
DUMP size=120 p=0.000 square=0123456/1234560/2365041/3451602/4506213/5610324/6042135 pi=4501632 rho-cycle-lengths-through-jp:777377772f377777777777 flippable(x,y>=2)=0
DUMP size=240 p=1.000 square=0123456/1234560/2365041/3506124/4012635/5640312/6451203 pi=3401562 rho-cycle-lengths-through-jp:777777777777777777773 flippable(x,y>=2)=0
DUMP size=120 p=0.000 square=0123456/1234560/2365041/3540612/4612305/5406123/6051234 pi=5401362 rho-cycle-lengths-through-jp:773f7377772f77777777777 flippable(x,y>=2)=0
DUMP size=120 p=0.000 square=0123456/1234560/2365104/3042615/4516023/5601342/6450231 pi=5401362 rho-cycle-lengths-through-jp:7773f77777777777777777 flippable(x,y>=2)=0
DUMP size=120 p=0.000 square=0123456/1234560/2365104/3042615/4650321/5416032/6501243 pi=6501342 rho-cycle-lengths-through-jp:7772f77772f72f7777777777 flippable(x,y>=2)=0
DUMP size=120 p=0.000 square=0123456/1234560/2365104/3052641/4516023/5640312/6401235 pi=6401532 rho-cycle-lengths-through-jp:7773f77777777777777777 flippable(x,y>=2)=0
DUMP size=120 p=0.000 square=0123456/1234560/2365104/3052641/4601325/5416032/6540213 pi=4501632 rho-cycle-lengths-through-jp:777772f773f73f7777777777 flippable(x,y>=2)=0
DUMP size=120 p=1.000 square=0123456/1234560/2365104/3546021/4650213/5401632/6012345 pi=5601342 rho-cycle-lengths-through-jp:777777777777777777777 flippable(x,y>=2)=0
DUMP size=120 p=1.000 square=0123456/1234560/2365104/3601245/4052613/5416032/6540321 pi=3501642 rho-cycle-lengths-through-jp:777777777777777777777 flippable(x,y>=2)=0
DUMP size=120 p=0.000 square=0123456/1234560/2401635/3056241/4615023/5362104/6540312 pi=2401635 rho-cycle-lengths-through-jp:723f5f5f54f555f5f7777777777 flippable(x,y>=2)=0
DUMP size=120 p=0.000 square=0123456/1234560/2401635/3065142/4516203/5640321/6352014 pi=2401563 rho-cycle-lengths-through-jp:722f554f4f5555f7777777777 flippable(x,y>=2)=0
DUMP size=120 p=0.000 square=0123456/1234560/2401635/3546201/4065312/5612043/6350124 pi=2501364 rho-cycle-lengths-through-jp:722f2f4f2f4f55457777777777 flippable(x,y>=2)=0
DUMP size=120 p=0.000 square=0123456/1234560/2405613/3560241/4316025/5641302/6052134 pi=2401563 rho-cycle-lengths-through-jp:725f5f5f3f2f55447777777777 flippable(x,y>=2)=0
DUMP size=120 p=0.000 square=0123456/1234560/2405613/3640125/4356201/5061342/6512034 pi=2601345 rho-cycle-lengths-through-jp:725f42f4f2f53f537777777777 flippable(x,y>=2)=0
DUMP size=120 p=0.000 square=0123456/1234560/2405613/3641205/4056321/5360142/6512034 pi=2601345 rho-cycle-lengths-through-jp:722f2f2f4f2f32f5f37777777777 flippable(x,y>=2)=0
DUMP size=120 p=0.000 square=0123456/1234560/2406135/3652014/4315602/5061243/6540321 pi=2401635 rho-cycle-lengths-through-jp:727777777777777777777 flippable(x,y>=2)=0
DUMP size=120 p=0.000 square=0123456/1234560/2406315/3541602/4065231/5612043/6350124 pi=2501364 rho-cycle-lengths-through-jp:723f54f2f3f32f457777777777 flippable(x,y>=2)=0
DUMP size=120 p=0.000 square=0123456/1234560/2406315/3541602/4650231/5062143/6315024 pi=2601345 rho-cycle-lengths-through-jp:723f53f4f3f34f5f47777777777 flippable(x,y>=2)=0
DUMP size=120 p=0.000 square=0123456/1234560/2406315/3645102/4052631/5361024/6510243 pi=2601345 rho-cycle-lengths-through-jp:724f3f54f3f43f3f57777777777 flippable(x,y>=2)=0
DUMP size=120 p=0.000 square=0123456/1234560/2406315/3645102/4562031/5310624/6051243 pi=2501364 rho-cycle-lengths-through-jp:724f5f53f3f42f54f7777777777 flippable(x,y>=2)=0
DUMP size=120 p=1.000 square=0123456/1234560/2415603/3046125/4560312/5601234/6352041 pi=5201364 rho-cycle-lengths-through-jp:7772f77777777777777777 flippable(x,y>=2)=0
DUMP size=120 p=1.000 square=0123456/1234560/2415603/3056214/4602135/5361042/6540321 pi=4201635 rho-cycle-lengths-through-jp:77772f7777777777777777 flippable(x,y>=2)=0
DUMP size=120 p=1.000 square=0123456/1234560/2415603/3560214/4356021/5601342/6042135 pi=5201643 rho-cycle-lengths-through-jp:773f2f77737777777777777 flippable(x,y>=2)=0
DUMP size=600 p=0.600 square=0123456/1234560/2415603/3560214/4601325/5046132/6352041 pi=4201563 rho-cycle-lengths-through-jp:773f777733f3f77777773777 flippable(x,y>=2)=0
DUMP size=120 p=1.000 square=0123456/1234560/2415603/3562041/4056312/5601234/6340125 pi=5201643 rho-cycle-lengths-through-jp:777777772f777777777777 flippable(x,y>=2)=0
DUMP size=120 p=1.000 square=0123456/1234560/2415603/3650124/4061235/5346012/6502341 pi=6201534 rho-cycle-lengths-through-jp:772f777732f777777777777 flippable(x,y>=2)=0
DUMP size=240 p=1.000 square=0123456/1234560/2416035/3051642/4560321/5642103/6305214 pi=6201534 rho-cycle-lengths-through-jp:744f4f5f4554f5f5f7777777377 flippable(x,y>=2)=0
DUMP size=240 p=0.500 square=0123456/1234560/2416035/3052614/4605321/5360142/6541203 pi=4201635 rho-cycle-lengths-through-jp:74552f2f5455f5773f7777777 flippable(x,y>=2)=1
DUMP size=120 p=1.000 square=0123456/1234560/2416035/3065142/4502613/5640321/6351204 pi=4201563 rho-cycle-lengths-through-jp:742f555552f53f7777777777 flippable(x,y>=2)=0
DUMP size=120 p=1.000 square=0123456/1234560/2416035/3560241/4305612/5642103/6051324 pi=4201563 rho-cycle-lengths-through-jp:745f45f2f553f5f2f7777777777 flippable(x,y>=2)=0
DUMP size=120 p=1.000 square=0123456/1234560/2416035/3645102/4560321/5302614/6051243 pi=5201364 rho-cycle-lengths-through-jp:744f4f53f544f4f4f7777777777 flippable(x,y>=2)=0
DUMP size=120 p=1.000 square=0123456/1234560/2416305/3045621/4562013/5601234/6350142 pi=5201364 rho-cycle-lengths-through-jp:7773f77777777777777777 flippable(x,y>=2)=0
DUMP size=120 p=1.000 square=0123456/1234560/2416305/3045621/4650132/5362014/6501243 pi=6201345 rho-cycle-lengths-through-jp:77777777772f7777777777 flippable(x,y>=2)=0
DUMP size=120 p=1.000 square=0123456/1234560/2416305/3540612/4651023/5062134/6305241 pi=6201345 rho-cycle-lengths-through-jp:773f2f77773f2f77777777777 flippable(x,y>=2)=0
DUMP size=120 p=1.000 square=0123456/1234560/2416305/3560142/4052613/5601234/6345021 pi=5201643 rho-cycle-lengths-through-jp:772f777777777777777777 flippable(x,y>=2)=0
DUMP size=120 p=1.000 square=0123456/1234560/2416305/3560142/4305621/5642013/6051234 pi=4201563 rho-cycle-lengths-through-jp:772f777777777777777777 flippable(x,y>=2)=0
DUMP size=120 p=1.000 square=0123456/1234560/2416305/3562041/4350612/5601234/6045123 pi=5201643 rho-cycle-lengths-through-jp:777777777777777777777 flippable(x,y>=2)=0
DUMP size=120 p=1.000 square=0123456/1234560/2416305/3645012/4560123/5302641/6051234 pi=5201364 rho-cycle-lengths-through-jp:777777777777777777777 flippable(x,y>=2)=0
DUMP size=120 p=1.000 square=0123456/1234560/2416305/3650124/4365012/5042631/6501243 pi=6201534 rho-cycle-lengths-through-jp:772f2f7773772f7777777777 flippable(x,y>=2)=0
DUMP size=120 p=1.000 square=0123456/1234560/2416305/3651042/4305621/5062134/6540213 pi=4201635 rho-cycle-lengths-through-jp:777772f7772f3f7777777777 flippable(x,y>=2)=0
DUMP size=120 p=1.000 square=0123456/1234560/2416305/3652014/4065132/5340621/6501243 pi=6201534 rho-cycle-lengths-through-jp:7772f77772f72f7777777777 flippable(x,y>=2)=0
DUMP size=120 p=0.000 square=0123456/1234560/2450613/3046125/4562301/5601234/6315042 pi=5601324 rho-cycle-lengths-through-jp:777777777777777777777 flippable(x,y>=2)=0
DUMP size=360 p=0.333 square=0123456/1234560/2450613/3062145/4615032/5346201/6501324 pi=6401523 rho-cycle-lengths-through-jp:7773f2f77777777773f77777 flippable(x,y>=2)=1
DUMP size=120 p=1.000 square=0123456/1234560/2450613/3506124/4365201/5641032/6012345 pi=3601524 rho-cycle-lengths-through-jp:777777777777777777777 flippable(x,y>=2)=0
DUMP size=120 p=1.000 square=0123456/1234560/2450613/3506241/4362105/5641032/6015324 pi=3601524 rho-cycle-lengths-through-jp:777777737777777777777 flippable(x,y>=2)=0
DUMP size=120 p=0.000 square=0123456/1234560/2450613/3516204/4065321/5641032/6302145 pi=6301524 rho-cycle-lengths-through-jp:777777727777777777777 flippable(x,y>=2)=0
DUMP size=120 p=0.000 square=0123456/1234560/2450631/3046215/4615023/5362104/6501342 pi=6401325 rho-cycle-lengths-through-jp:742f5f5f33f455f4f7777777777 flippable(x,y>=2)=0
DUMP size=120 p=0.000 square=0123456/1234560/2450631/3046215/4615302/5361024/6502143 pi=6401325 rho-cycle-lengths-through-jp:742f3f543f443f2f7777777777 flippable(x,y>=2)=0
DUMP size=120 p=1.000 square=0123456/1234560/2450631/3061245/4506123/5612304/6345012 pi=4501623 rho-cycle-lengths-through-jp:744f55f43f42f35f7777777777 flippable(x,y>=2)=0
DUMP size=120 p=1.000 square=0123456/1234560/2450631/3061245/4615023/5346102/6502314 pi=6401523 rho-cycle-lengths-through-jp:744f5f5f53f455f5f7777777777 flippable(x,y>=2)=0
DUMP size=120 p=0.000 square=0123456/1234560/2450631/3615042/4361205/5046123/6502314 pi=6301524 rho-cycle-lengths-through-jp:743f5553f25f5f5f7777777777 flippable(x,y>=2)=0
DUMP size=120 p=0.000 square=0123456/1234560/2450631/3615204/4362015/5046123/6501342 pi=6301524 rho-cycle-lengths-through-jp:744f5f533f255f4f7777777777 flippable(x,y>=2)=0
DUMP size=120 p=1.000 square=0123456/1234560/2450631/3642015/4065123/5316204/6501342 pi=6501324 rho-cycle-lengths-through-jp:7444f5f33f54f44f7777777777 flippable(x,y>=2)=0
DUMP size=120 p=1.000 square=0123456/1234560/2451603/3046215/4605132/5362041/6510324 pi=4601325 rho-cycle-lengths-through-jp:732f54f3f4f44f4f57777777777 flippable(x,y>=2)=0
DUMP size=120 p=1.000 square=0123456/1234560/2451603/3046215/4605321/5360142/6512034 pi=4601325 rho-cycle-lengths-through-jp:732f52f4f4f455f37777777777 flippable(x,y>=2)=0
DUMP size=480 p=0.750 square=0123456/1234560/2451603/3506214/4610325/5362041/6045132 pi=3401625 rho-cycle-lengths-through-jp:7354f4f54f554f5777773f7777 flippable(x,y>=2)=1
DUMP size=120 p=0.000 square=0123456/1234560/2451603/3560124/4016235/5602341/6345012 pi=5401623 rho-cycle-lengths-through-jp:735f4544f5445f7777777777 flippable(x,y>=2)=0
DUMP size=120 p=1.000 square=0123456/1234560/2451603/3605241/4360125/5046312/6512034 pi=3601524 rho-cycle-lengths-through-jp:7353f4f4f4f33f537777777777 flippable(x,y>=2)=0
DUMP size=120 p=1.000 square=0123456/1234560/2451603/3640125/4065231/5316042/6502314 pi=6501324 rho-cycle-lengths-through-jp:735f54f54f52f55f7777777777 flippable(x,y>=2)=0
DUMP size=120 p=0.000 square=0123456/1234560/2451603/3640125/4065312/5306241/6512034 pi=5601324 rho-cycle-lengths-through-jp:735f2f44f4f55537777777777 flippable(x,y>=2)=0
DUMP size=120 p=0.000 square=0123456/1234560/2451603/3645021/4016235/5360142/6502314 pi=6401325 rho-cycle-lengths-through-jp:73542f54f545f5f7777777777 flippable(x,y>=2)=0
DUMP size=120 p=0.000 square=0123456/1234560/2456031/3042615/4560123/5601342/6315204 pi=5601324 rho-cycle-lengths-through-jp:777777777777777777777 flippable(x,y>=2)=0
DUMP size=120 p=0.000 square=0123456/1234560/2456031/3062145/4501623/5640312/6315204 pi=4601523 rho-cycle-lengths-through-jp:777777772f777777777777 flippable(x,y>=2)=0
DUMP size=120 p=1.000 square=0123456/1234560/2456031/3501642/4062315/5640123/6315204 pi=3601524 rho-cycle-lengths-through-jp:7777777773f77777777777 flippable(x,y>=2)=0
DUMP size=120 p=0.000 square=0123456/1234560/2456031/3560214/4315602/5602143/6041325 pi=5401623 rho-cycle-lengths-through-jp:773f7777372f77777777777 flippable(x,y>=2)=0
DUMP size=120 p=1.000 square=0123456/1234560/2456031/3560214/4601325/5012643/6345102 pi=4501623 rho-cycle-lengths-through-jp:773f777733f777777777777 flippable(x,y>=2)=0
DUMP size=120 p=1.000 square=0123456/1234560/2456031/3605214/4362105/5041623/6510342 pi=3601524 rho-cycle-lengths-through-jp:777777777777777777777 flippable(x,y>=2)=0
DUMP size=120 p=1.000 square=0123456/1234560/2456103/3042615/4561032/5610324/6305241 pi=6501324 rho-cycle-lengths-through-jp:7372f77772f377777777777 flippable(x,y>=2)=0
DUMP size=600 p=0.400 square=0123456/1234560/2456103/3042615/4615032/5360241/6501324 pi=6401325 rho-cycle-lengths-through-jp:7373f77777777777373f777 flippable(x,y>=2)=1
DUMP size=120 p=0.000 square=0123456/1234560/2456103/3045621/4561032/5602314/6310245 pi=5601324 rho-cycle-lengths-through-jp:7372f77772f777777777777 flippable(x,y>=2)=0
DUMP size=120 p=0.000 square=0123456/1234560/2456103/3510624/4062315/5641032/6305241 pi=6301524 rho-cycle-lengths-through-jp:733f777727777777777777 flippable(x,y>=2)=0
DUMP size=120 p=0.000 square=0123456/1234560/2456103/3560214/4012635/5601342/6345021 pi=5401623 rho-cycle-lengths-through-jp:733f777737777777777777 flippable(x,y>=2)=0
DUMP size=120 p=0.000 square=0123456/1234560/2456103/3560214/4601325/5042631/6315042 pi=4601523 rho-cycle-lengths-through-jp:733f777733f777777777777 flippable(x,y>=2)=0
DUMP size=120 p=1.000 square=0123456/1234560/2456103/3561024/4012635/5640312/6305241 pi=6401523 rho-cycle-lengths-through-jp:737777777777777777777 flippable(x,y>=2)=0
DUMP size=120 p=0.000 square=0123456/1234560/2456103/3561024/4605312/5042631/6310245 pi=4601523 rho-cycle-lengths-through-jp:737777777777777777777 flippable(x,y>=2)=0
DUMP size=120 p=1.000 square=0123456/1234560/2456103/3605214/4361025/5042631/6510342 pi=3601524 rho-cycle-lengths-through-jp:7373f77773f777777777777 flippable(x,y>=2)=0
DUMP size=120 p=1.000 square=0123456/1234560/2456301/3560124/4305612/5612043/6041235 pi=4501623 rho-cycle-lengths-through-jp:735f44f2f2f53f447777777777 flippable(x,y>=2)=0
DUMP size=120 p=1.000 square=0123456/1234560/2456301/3602145/4561023/5340612/6015234 pi=3601524 rho-cycle-lengths-through-jp:7335f3f52f45f4f37777777777 flippable(x,y>=2)=0
DUMP size=120 p=0.000 square=0123456/1234560/2460135/3051642/4605321/5316204/6542013 pi=4501632 rho-cycle-lengths-through-jp:754f55f52f5545f7777777777 flippable(x,y>=2)=0
DUMP size=120 p=0.000 square=0123456/1234560/2460135/3541602/4056321/5612043/6305214 pi=6501342 rho-cycle-lengths-through-jp:753f2f4f42f32f45f7777777777 flippable(x,y>=2)=0
DUMP size=120 p=1.000 square=0123456/1234560/2460135/3541602/4605321/5016243/6352014 pi=4501362 rho-cycle-lengths-through-jp:753f554f2f3555f7777777777 flippable(x,y>=2)=0
DUMP size=120 p=1.000 square=0123456/1234560/2460135/3546201/4305612/5612043/6051324 pi=4501362 rho-cycle-lengths-through-jp:752f44f2f2f53f42f7777777777 flippable(x,y>=2)=0
DUMP size=120 p=1.000 square=0123456/1234560/2460135/3605241/4351602/5016324/6542013 pi=3501642 rho-cycle-lengths-through-jp:7555452f35f35f7777777777 flippable(x,y>=2)=0
DUMP size=120 p=0.000 square=0123456/1234560/2460135/3615042/4056321/5302614/6541203 pi=5301642 rho-cycle-lengths-through-jp:753f2f52f2f22f4f57777777777 flippable(x,y>=2)=0
DUMP size=120 p=0.000 square=0123456/1234560/2460135/3652041/4305612/5016324/6541203 pi=4501632 rho-cycle-lengths-through-jp:755442f2f43f357777777777 flippable(x,y>=2)=0
DUMP size=120 p=1.000 square=0123456/1234560/2460315/3052641/4516023/5601234/6345102 pi=5401632 rho-cycle-lengths-through-jp:7773f77777777777777777 flippable(x,y>=2)=0
DUMP size=120 p=1.000 square=0123456/1234560/2460315/3056142/4512603/5601234/6345021 pi=5401632 rho-cycle-lengths-through-jp:777777737777777777777 flippable(x,y>=2)=0
DUMP size=360 p=0.667 square=0123456/1234560/2460315/3056142/4605231/5312604/6541023 pi=4501632 rho-cycle-lengths-through-jp:77733f77377777773f77777 flippable(x,y>=2)=1
DUMP size=120 p=0.000 square=0123456/1234560/2460315/3516042/4352601/5601234/6045123 pi=5301642 rho-cycle-lengths-through-jp:777777727777777777777 flippable(x,y>=2)=0
DUMP size=120 p=1.000 square=0123456/1234560/2460315/3542601/4056123/5601234/6315042 pi=5601342 rho-cycle-lengths-through-jp:7772f77777777777777777 flippable(x,y>=2)=0
DUMP size=120 p=0.000 square=0123456/1234560/2460315/3546102/4015623/5601234/6352041 pi=5401362 rho-cycle-lengths-through-jp:777777777777777777777 flippable(x,y>=2)=0
DUMP size=120 p=0.000 square=0123456/1234560/2460315/3651042/4305621/5016234/6542103 pi=4501632 rho-cycle-lengths-through-jp:777777777777777777777 flippable(x,y>=2)=0
DUMP size=120 p=1.000 square=0123456/1234560/2461035/3605214/4356102/5012643/6540321 pi=3501642 rho-cycle-lengths-through-jp:7777772f77777777777777 flippable(x,y>=2)=0
DUMP size=120 p=1.000 square=0123456/1234560/2461305/3052614/4605132/5346021/6510243 pi=4601532 rho-cycle-lengths-through-jp:745544f4f44f4f57777777777 flippable(x,y>=2)=0
DUMP size=120 p=0.000 square=0123456/1234560/2461305/3540621/4056132/5612043/6305214 pi=6501342 rho-cycle-lengths-through-jp:745f4f4f44f4545f7777777777 flippable(x,y>=2)=0
DUMP size=120 p=1.000 square=0123456/1234560/2465013/3052641/4516302/5601234/6340125 pi=5401632 rho-cycle-lengths-through-jp:777777777777777777777 flippable(x,y>=2)=0
DUMP size=120 p=1.000 square=0123456/1234560/2465013/3651204/4012635/5306142/6540321 pi=5401632 rho-cycle-lengths-through-jp:7777777773f77777777777 flippable(x,y>=2)=0
DUMP size=120 p=0.000 square=0123456/1234560/2465013/3651204/4310625/5046132/6502341 pi=6401532 rho-cycle-lengths-through-jp:7777777773f77777777777 flippable(x,y>=2)=0
DUMP size=120 p=1.000 square=0123456/1234560/2465013/3651204/4506132/5340621/6012345 pi=4601532 rho-cycle-lengths-through-jp:777777777777777777777 flippable(x,y>=2)=0
DUMP size=120 p=0.000 square=0123456/1234560/2465031/3510642/4602315/5046123/6351204 pi=4301562 rho-cycle-lengths-through-jp:755f4552f23f5f3f7777777777 flippable(x,y>=2)=0
DUMP size=120 p=1.000 square=0123456/1234560/2465031/3541602/4602315/5016243/6350124 pi=4501362 rho-cycle-lengths-through-jp:753f452f2f33f557777777777 flippable(x,y>=2)=0
DUMP size=120 p=1.000 square=0123456/1234560/2465031/3602145/4051623/5316204/6540312 pi=3501642 rho-cycle-lengths-through-jp:7532f5f52f45f45f7777777777 flippable(x,y>=2)=0
DUMP size=120 p=1.000 square=0123456/1234560/2465031/3602145/4516203/5340612/6051324 pi=3401562 rho-cycle-lengths-through-jp:75353f2f2f454f2f7777777777 flippable(x,y>=2)=0
DUMP size=120 p=1.000 square=0123456/1234560/2465103/3041625/4650312/5306241/6512034 pi=5601342 rho-cycle-lengths-through-jp:754f4f44f3f32f537777777777 flippable(x,y>=2)=0
DUMP size=120 p=0.000 square=0123456/1234560/2465103/3516024/4602315/5041632/6350241 pi=4301562 rho-cycle-lengths-through-jp:753f43f3f3f23f53f7777777777 flippable(x,y>=2)=0
DUMP size=120 p=0.000 square=0123456/1234560/2465301/3042615/4516023/5601234/6350142 pi=5401362 rho-cycle-lengths-through-jp:7773f77777777777777777 flippable(x,y>=2)=0
DUMP size=120 p=0.000 square=0123456/1234560/2465301/3042615/4650132/5316024/6501243 pi=6501342 rho-cycle-lengths-through-jp:77777777772f7777777777 flippable(x,y>=2)=0
DUMP size=240 p=0.500 square=0123456/1234560/2465301/3501642/4650213/5316024/6042135 pi=3501642 rho-cycle-lengths-through-jp:77777777777777773f7777 flippable(x,y>=2)=1
DUMP size=120 p=0.000 square=0123456/1234560/2465301/3516042/4052613/5601234/6340125 pi=5301642 rho-cycle-lengths-through-jp:777777727777777777777 flippable(x,y>=2)=0
DUMP size=120 p=0.000 square=0123456/1234560/2465301/3540612/4651023/5016234/6302145 pi=6501342 rho-cycle-lengths-through-jp:773f2f77773f777777777777 flippable(x,y>=2)=0
DUMP size=120 p=0.000 square=0123456/1234560/2465301/3650124/4012635/5346012/6501243 pi=6401532 rho-cycle-lengths-through-jp:772f77773772f7777777777 flippable(x,y>=2)=0
DUMP size=120 p=0.000 square=0123456/1234560/2465301/3651042/4310625/5046213/6502134 pi=6401532 rho-cycle-lengths-through-jp:77772f7777777777777777 flippable(x,y>=2)=0
DUMP size=120 p=0.000 square=0123456/1234560/2501634/3456012/4612305/5360241/6045123 pi=2401635 rho-cycle-lengths-through-jp:727777777777777777777 flippable(x,y>=2)=0
DUMP size=120 p=0.000 square=0123456/1234560/2501634/3456012/4615203/5062341/6340125 pi=2401635 rho-cycle-lengths-through-jp:727777777777777777777 flippable(x,y>=2)=0
DUMP size=120 p=0.000 square=0123456/1234560/2501643/3465201/4612035/5046312/6350124 pi=2401563 rho-cycle-lengths-through-jp:724f5f4f2f2f45557777777777 flippable(x,y>=2)=0
DUMP size=120 p=0.000 square=0123456/1234560/2501643/3640125/4065312/5316204/6452031 pi=2501364 rho-cycle-lengths-through-jp:725f2f5f3f2f55457777777777 flippable(x,y>=2)=0
DUMP size=120 p=0.000 square=0123456/1234560/2501643/3640125/4356201/5062314/6415032 pi=2601345 rho-cycle-lengths-through-jp:725f44f52f53f437777777777 flippable(x,y>=2)=0
DUMP size=240 p=0.500 square=0123456/1234560/2501643/3650214/4316025/5462301/6045132 pi=2401635 rho-cycle-lengths-through-jp:725f5f5f52f555573f77777777 flippable(x,y>=2)=1
DUMP size=120 p=0.000 square=0123456/1234560/2506134/3465201/4610325/5042613/6351042 pi=2401563 rho-cycle-lengths-through-jp:724f4f4f54f454f4f7777777777 flippable(x,y>=2)=0
DUMP size=120 p=0.000 square=0123456/1234560/2506134/3652041/4061325/5340612/6415203 pi=2601534 rho-cycle-lengths-through-jp:7253f3f3f4f45f4f47777777777 flippable(x,y>=2)=0
DUMP size=120 p=0.000 square=0123456/1234560/2506143/3042615/4365201/5610324/6451032 pi=2501364 rho-cycle-lengths-through-jp:7277772f77377777777777 flippable(x,y>=2)=0
DUMP size=120 p=0.000 square=0123456/1234560/2506143/3450621/4062315/5641032/6315204 pi=2601534 rho-cycle-lengths-through-jp:722f7772f77777777777777 flippable(x,y>=2)=0
DUMP size=120 p=0.000 square=0123456/1234560/2506143/3651204/4365012/5042631/6410325 pi=2601534 rho-cycle-lengths-through-jp:7272f772f77777777777777 flippable(x,y>=2)=0
DUMP size=120 p=0.000 square=0123456/1234560/2506143/3652014/4061235/5340621/6415302 pi=2601534 rho-cycle-lengths-through-jp:7277772f72f777777777777 flippable(x,y>=2)=0
DUMP size=480 p=0.250 square=0123456/1234560/2506143/3652014/4310625/5461302/6045231 pi=2401635 rho-cycle-lengths-through-jp:72772f2f2f777773f77777777 flippable(x,y>=2)=1
DUMP size=120 p=0.000 square=0123456/1234560/2506314/3045621/4362105/5610243/6451032 pi=2501364 rho-cycle-lengths-through-jp:727777777777777777777 flippable(x,y>=2)=0
DUMP size=120 p=1.000 square=0123456/1234560/2510634/3056241/4362015/5641302/6405123 pi=6201534 rho-cycle-lengths-through-jp:753f5f5f555542f7777777777 flippable(x,y>=2)=0
DUMP size=120 p=1.000 square=0123456/1234560/2510634/3465201/4602315/5046123/6351042 pi=4201563 rho-cycle-lengths-through-jp:754f455543f5f4f7777777777 flippable(x,y>=2)=0
DUMP size=120 p=1.000 square=0123456/1234560/2510634/3642015/4356201/5061342/6405123 pi=6201345 rho-cycle-lengths-through-jp:75442f5553f52f7777777777 flippable(x,y>=2)=0
DUMP size=120 p=1.000 square=0123456/1234560/2510643/3046125/4365201/5602314/6451032 pi=5201364 rho-cycle-lengths-through-jp:777777777777777777777 flippable(x,y>=2)=0
DUMP size=480 p=0.500 square=0123456/1234560/2510643/3056214/4361025/5642301/6405132 pi=6201534 rho-cycle-lengths-through-jp:7773f3f3773f7773f77777777 flippable(x,y>=2)=1
DUMP size=120 p=1.000 square=0123456/1234560/2510643/3056214/4602135/5461302/6345021 pi=4201635 rho-cycle-lengths-through-jp:77772f7777777777777777 flippable(x,y>=2)=0
DUMP size=120 p=1.000 square=0123456/1234560/2510643/3456201/4062315/5641032/6305124 pi=6201534 rho-cycle-lengths-through-jp:777777777777777777777 flippable(x,y>=2)=0
DUMP size=120 p=1.000 square=0123456/1234560/2510643/3465021/4651302/5306214/6042135 pi=5201643 rho-cycle-lengths-through-jp:777777772f777777777777 flippable(x,y>=2)=0
DUMP size=120 p=1.000 square=0123456/1234560/2516034/3042615/4365201/5601342/6450123 pi=5201364 rho-cycle-lengths-through-jp:777772f777777777777777 flippable(x,y>=2)=0
DUMP size=120 p=1.000 square=0123456/1234560/2516034/3052641/4601325/5460213/6345102 pi=4201635 rho-cycle-lengths-through-jp:777777773f777777777777 flippable(x,y>=2)=0
DUMP size=120 p=1.000 square=0123456/1234560/2516034/3451602/4062315/5640123/6305241 pi=6201534 rho-cycle-lengths-through-jp:7777777773f77777777777 flippable(x,y>=2)=0
DUMP size=120 p=1.000 square=0123456/1234560/2516034/3465102/4650213/5302641/6041325 pi=5201643 rho-cycle-lengths-through-jp:772f777777777777777777 flippable(x,y>=2)=0
DUMP size=240 p=0.500 square=0123456/1234560/2516043/3052614/4360125/5641302/6405231 pi=6201534 rho-cycle-lengths-through-jp:7553f5f5543f4473f77777777 flippable(x,y>=2)=1
DUMP size=120 p=1.000 square=0123456/1234560/2516043/3465201/4602315/5041632/6350124 pi=4201563 rho-cycle-lengths-through-jp:754f43f2f543f557777777777 flippable(x,y>=2)=0
DUMP size=120 p=1.000 square=0123456/1234560/2516043/3640125/4065231/5302614/6451302 pi=5201364 rho-cycle-lengths-through-jp:755f554552f4f2f7777777777 flippable(x,y>=2)=0
DUMP size=120 p=1.000 square=0123456/1234560/2516043/3640125/4351602/5062314/6405231 pi=6201345 rho-cycle-lengths-through-jp:755f54f5555f447777777777 flippable(x,y>=2)=0
DUMP size=480 p=0.750 square=0123456/1234560/2516043/3645102/4052631/5360214/6401325 pi=6201345 rho-cycle-lengths-through-jp:754f3f3f4543f53f3f777777777 flippable(x,y>=2)=1
DUMP size=120 p=1.000 square=0123456/1234560/2540613/3461025/4615302/5306241/6052134 pi=5401263 rho-cycle-lengths-through-jp:753f3f43f3f54547777777777 flippable(x,y>=2)=0
DUMP size=120 p=0.000 square=0123456/1234560/2540613/3615204/4056132/5362041/6401325 pi=6301245 rho-cycle-lengths-through-jp:754f4f4f43f254f3f7777777777 flippable(x,y>=2)=0
DUMP size=120 p=1.000 square=0123456/1234560/2540631/3056214/4361025/5602143/6415302 pi=5601234 rho-cycle-lengths-through-jp:7773f77773f2f77777777777 flippable(x,y>=2)=0
DUMP size=120 p=1.000 square=0123456/1234560/2540631/3056214/4362105/5601342/6415023 pi=5601234 rho-cycle-lengths-through-jp:777777777777777777777 flippable(x,y>=2)=0
DUMP size=120 p=0.000 square=0123456/1234560/2540631/3056214/4601325/5462103/6315042 pi=4601235 rho-cycle-lengths-through-jp:77773f7773f3f77777777777 flippable(x,y>=2)=0
DUMP size=120 p=0.000 square=0123456/1234560/2540631/3461205/4056123/5602314/6315042 pi=5601243 rho-cycle-lengths-through-jp:7772f77777777777777777 flippable(x,y>=2)=0
DUMP size=120 p=1.000 square=0123456/1234560/2540631/3601245/4056123/5362014/6415302 pi=3601245 rho-cycle-lengths-through-jp:7772f77777777777777777 flippable(x,y>=2)=0
DUMP size=120 p=1.000 square=0123456/1234560/2540631/3605214/4356102/5461023/6012345 pi=3601245 rho-cycle-lengths-through-jp:777777777777777777777 flippable(x,y>=2)=0
DUMP size=120 p=1.000 square=0123456/1234560/2541603/3406215/4065132/5610324/6352041 pi=3501264 rho-cycle-lengths-through-jp:7772f77772f377777777777 flippable(x,y>=2)=0
DUMP size=120 p=1.000 square=0123456/1234560/2541603/3406215/4065321/5612034/6350142 pi=3501264 rho-cycle-lengths-through-jp:777777777777777777777 flippable(x,y>=2)=0
DUMP size=120 p=1.000 square=0123456/1234560/2541603/3406215/4650321/5062134/6315042 pi=3601245 rho-cycle-lengths-through-jp:7772f77772f2f77777777777 flippable(x,y>=2)=0
DUMP size=120 p=0.000 square=0123456/1234560/2541603/3460125/4056231/5602314/6315042 pi=5601243 rho-cycle-lengths-through-jp:773f777777777777777777 flippable(x,y>=2)=0
DUMP size=120 p=0.000 square=0123456/1234560/2541603/3460125/4605312/5016234/6352041 pi=4501263 rho-cycle-lengths-through-jp:773f777777777777777777 flippable(x,y>=2)=0
DUMP size=120 p=0.000 square=0123456/1234560/2541603/3465021/4650132/5306214/6012345 pi=5601243 rho-cycle-lengths-through-jp:777777777777777777777 flippable(x,y>=2)=0
DUMP size=120 p=0.000 square=0123456/1234560/2546013/3052641/4601325/5460132/6315204 pi=4601235 rho-cycle-lengths-through-jp:73772f7773f2f77777777777 flippable(x,y>=2)=0
DUMP size=120 p=0.000 square=0123456/1234560/2546013/3062145/4650321/5401632/6315204 pi=5601243 rho-cycle-lengths-through-jp:7372f77772f777777777777 flippable(x,y>=2)=0
DUMP size=120 p=1.000 square=0123456/1234560/2546013/3401625/4650132/5062341/6315204 pi=3601245 rho-cycle-lengths-through-jp:737777777777777777777 flippable(x,y>=2)=0
DUMP size=120 p=0.000 square=0123456/1234560/2546013/3461205/4650132/5302641/6015324 pi=5601243 rho-cycle-lengths-through-jp:737777777777777777777 flippable(x,y>=2)=0
DUMP size=120 p=1.000 square=0123456/1234560/2546013/3601245/4352601/5460132/6015324 pi=3601245 rho-cycle-lengths-through-jp:73772f77772f77777777777 flippable(x,y>=2)=0
DUMP size=120 p=1.000 square=0123456/1234560/2546013/3650124/4061235/5302641/6415302 pi=5601234 rho-cycle-lengths-through-jp:732f777732f777777777777 flippable(x,y>=2)=0
DUMP size=120 p=1.000 square=0123456/1234560/2546013/3650124/4315602/5062341/6401235 pi=6401235 rho-cycle-lengths-through-jp:732f777737777777777777 flippable(x,y>=2)=0
DUMP size=120 p=1.000 square=0123456/1234560/2546013/3651204/4065132/5302641/6410325 pi=5601234 rho-cycle-lengths-through-jp:7372f77772f777777777777 flippable(x,y>=2)=0
DUMP size=120 p=0.000 square=0123456/1234560/2546031/3052614/4361205/5610342/6405123 pi=6501234 rho-cycle-lengths-through-jp:73553f53f45f32f7777777777 flippable(x,y>=2)=0
DUMP size=120 p=1.000 square=0123456/1234560/2546031/3052614/4610325/5461203/6305142 pi=6401235 rho-cycle-lengths-through-jp:7354f5f33f453f3f7777777777 flippable(x,y>=2)=0
DUMP size=120 p=1.000 square=0123456/1234560/2546031/3402615/4065123/5610342/6351204 pi=3501264 rho-cycle-lengths-through-jp:7334f3f53f54f33f7777777777 flippable(x,y>=2)=0
DUMP size=120 p=0.000 square=0123456/1234560/2546031/3415602/4650123/5062314/6301245 pi=6301245 rho-cycle-lengths-through-jp:734f2f4f53f2544f7777777777 flippable(x,y>=2)=0
DUMP size=120 p=1.000 square=0123456/1234560/2546031/3462105/4051623/5610342/6305214 pi=6501243 rho-cycle-lengths-through-jp:7352f3f43f55f35f7777777777 flippable(x,y>=2)=0
DUMP size=120 p=0.000 square=0123456/1234560/2546031/3610245/4051623/5362104/6405312 pi=6301245 rho-cycle-lengths-through-jp:735f2f5f33f25f5f5f7777777777 flippable(x,y>=2)=0
DUMP size=120 p=0.000 square=0123456/1234560/2546031/3610245/4351602/5062314/6405123 pi=6301245 rho-cycle-lengths-through-jp:735f54f53f25f42f7777777777 flippable(x,y>=2)=0
DUMP size=120 p=0.000 square=0123456/1234560/2546103/3061245/4650312/5402631/6315024 pi=5601243 rho-cycle-lengths-through-jp:754f4f44f4f42f547777777777 flippable(x,y>=2)=0
DUMP size=120 p=1.000 square=0123456/1234560/2546103/3461025/4052631/5610342/6305214 pi=6501243 rho-cycle-lengths-through-jp:753f3f3f44f53f35f7777777777 flippable(x,y>=2)=0
DUMP size=120 p=1.000 square=0123456/1234560/2546301/3401625/4650213/5062134/6315042 pi=3601245 rho-cycle-lengths-through-jp:7777777772f77777777777 flippable(x,y>=2)=0
DUMP size=120 p=1.000 square=0123456/1234560/2546301/3405612/4651023/5062134/6310245 pi=3601245 rho-cycle-lengths-through-jp:7772f77773f2f77777777777 flippable(x,y>=2)=0
DUMP size=120 p=0.000 square=0123456/1234560/2546301/3460125/4052613/5601234/6315042 pi=5601243 rho-cycle-lengths-through-jp:773f777777777777777777 flippable(x,y>=2)=0
DUMP size=120 p=1.000 square=0123456/1234560/2546301/3462015/4015623/5601234/6350142 pi=5401263 rho-cycle-lengths-through-jp:777777737777777777777 flippable(x,y>=2)=0
DUMP size=120 p=0.000 square=0123456/1234560/2546301/3650124/4365012/5012643/6401235 pi=6501234 rho-cycle-lengths-through-jp:772f2f77737777777777777 flippable(x,y>=2)=0
DUMP size=120 p=1.000 square=0123456/1234560/2546301/3652014/4310625/5061243/6405132 pi=6401235 rho-cycle-lengths-through-jp:777773777777777777777 flippable(x,y>=2)=0
DUMP size=120 p=0.000 square=0123456/1234560/2560134/3451602/4016325/5642013/6305241 pi=6401532 rho-cycle-lengths-through-jp:7777772f77777777777777 flippable(x,y>=2)=0
DUMP size=120 p=0.000 square=0123456/1234560/2560134/3456012/4612305/5041623/6305241 pi=6401532 rho-cycle-lengths-through-jp:7777772f77777777777777 flippable(x,y>=2)=0
DUMP size=120 p=1.000 square=0123456/1234560/2560134/3456012/4615203/5302641/6041325 pi=5401632 rho-cycle-lengths-through-jp:7777772f77777777777777 flippable(x,y>=2)=0
DUMP size=120 p=0.000 square=0123456/1234560/2560134/3645012/4016325/5302641/6451203 pi=5401362 rho-cycle-lengths-through-jp:7777772f77777777777777 flippable(x,y>=2)=0
DUMP size=120 p=1.000 square=0123456/1234560/2560143/3405621/4016235/5641302/6352014 pi=3401562 rho-cycle-lengths-through-jp:74445f4f4f3445f7777777777 flippable(x,y>=2)=0
DUMP size=120 p=1.000 square=0123456/1234560/2560143/3641205/4305612/5016324/6452031 pi=4501362 rho-cycle-lengths-through-jp:742f443f4f33f357777777777 flippable(x,y>=2)=0
DUMP size=120 p=0.000 square=0123456/1234560/2560314/3051642/4316025/5642103/6405231 pi=6401532 rho-cycle-lengths-through-jp:754f5f5f55555f47777777777 flippable(x,y>=2)=0
DUMP size=120 p=1.000 square=0123456/1234560/2560314/3405621/4016235/5642103/6351042 pi=3401562 rho-cycle-lengths-through-jp:75445f55345f4f7777777777 flippable(x,y>=2)=0
DUMP size=120 p=1.000 square=0123456/1234560/2560314/3405621/4612035/5346102/6051243 pi=3401562 rho-cycle-lengths-through-jp:7545f5f3f5355f4f7777777777 flippable(x,y>=2)=0
DUMP size=240 p=0.500 square=0123456/1234560/2560314/3605241/4316025/5041632/6452103 pi=3401562 rho-cycle-lengths-through-jp:7555f3f5535553f777777777 flippable(x,y>=2)=1
DUMP size=120 p=0.000 square=0123456/1234560/2560314/3615042/4301625/5046231/6452103 pi=4301562 rho-cycle-lengths-through-jp:753f52f5525f3f57777777777 flippable(x,y>=2)=0
DUMP size=120 p=0.000 square=0123456/1234560/2560314/3645021/4016235/5301642/6452103 pi=5401362 rho-cycle-lengths-through-jp:7554555543f57777777777 flippable(x,y>=2)=0
DUMP size=120 p=1.000 square=0123456/1234560/2560314/3645102/4301625/5016243/6452031 pi=4501362 rho-cycle-lengths-through-jp:754f553f545f557777777777 flippable(x,y>=2)=0
DUMP size=120 p=0.000 square=0123456/1234560/2560314/3645102/4316025/5402631/6051243 pi=5401362 rho-cycle-lengths-through-jp:754f5f43f54554f7777777777 flippable(x,y>=2)=0
DUMP size=120 p=1.000 square=0123456/1234560/2560341/3042615/4356102/5601234/6415023 pi=5601342 rho-cycle-lengths-through-jp:777777777777777777777 flippable(x,y>=2)=0
DUMP size=120 p=0.000 square=0123456/1234560/2560341/3046125/4315602/5601234/6452013 pi=5401362 rho-cycle-lengths-through-jp:77777777773f7777777777 flippable(x,y>=2)=0
DUMP size=120 p=0.000 square=0123456/1234560/2560341/3416025/4052613/5601234/6345102 pi=5301642 rho-cycle-lengths-through-jp:777777727777777777777 flippable(x,y>=2)=0
DUMP size=120 p=0.000 square=0123456/1234560/2560341/3456012/4012635/5641203/6305124 pi=6401532 rho-cycle-lengths-through-jp:77772f7777777777777777 flippable(x,y>=2)=0
DUMP size=120 p=1.000 square=0123456/1234560/2560341/3456012/4602135/5041623/6315204 pi=4601532 rho-cycle-lengths-through-jp:777777777777777777777 flippable(x,y>=2)=0
DUMP size=120 p=1.000 square=0123456/1234560/2560341/3456012/4615203/5301624/6042135 pi=5401632 rho-cycle-lengths-through-jp:777737777777777777777 flippable(x,y>=2)=0
DUMP size=360 p=0.333 square=0123456/1234560/2561304/3056142/4605231/5410623/6342015 pi=4501632 rho-cycle-lengths-through-jp:77737773773f77773f77777 flippable(x,y>=2)=1
DUMP size=120 p=0.000 square=0123456/1234560/2561304/3456012/4012635/5640123/6305241 pi=6401532 rho-cycle-lengths-through-jp:7777777773f77777777777 flippable(x,y>=2)=0
DUMP size=120 p=0.000 square=0123456/1234560/2561304/3456012/4015623/5640231/6302145 pi=6401532 rho-cycle-lengths-through-jp:77772f7777777777777777 flippable(x,y>=2)=0
DUMP size=120 p=1.000 square=0123456/1234560/2561304/3456012/4605123/5042631/6310245 pi=4601532 rho-cycle-lengths-through-jp:777777772f777777777777 flippable(x,y>=2)=0
DUMP size=120 p=0.000 square=0123456/1234560/2561304/3456012/4605231/5012643/6340125 pi=4501632 rho-cycle-lengths-through-jp:777377777777777777777 flippable(x,y>=2)=0
DUMP size=120 p=1.000 square=0123456/1234560/2561304/3456012/4610235/5302641/6045123 pi=5401632 rho-cycle-lengths-through-jp:777777777777777777777 flippable(x,y>=2)=0
DUMP size=120 p=0.000 square=0123456/1234560/2561304/3645012/4310625/5406231/6052143 pi=5401362 rho-cycle-lengths-through-jp:777777777777777777777 flippable(x,y>=2)=0
DUMP size=120 p=0.000 square=0123456/1234560/2601345/3045612/4356201/5460123/6512034 pi=2601345 rho-cycle-lengths-through-jp:723f454f3f53f5f37777777777 flippable(x,y>=2)=0
DUMP size=120 p=0.000 square=0123456/1234560/2605134/3456012/4512603/5360241/6041325 pi=2401635 rho-cycle-lengths-through-jp:727777777777777777777 flippable(x,y>=2)=0
DUMP size=120 p=0.000 square=0123456/1234560/2605134/3456012/4562301/5041623/6310245 pi=2601534 rho-cycle-lengths-through-jp:727777777777777777777 flippable(x,y>=2)=0
DUMP size=240 p=0.000 square=0123456/1234560/2605143/3046215/4561302/5310624/6452031 pi=2501364 rho-cycle-lengths-through-jp:722f2f53f2f45f557777777737 flippable(x,y>=2)=0
DUMP size=120 p=0.000 square=0123456/1234560/2605143/3052614/4561302/5346021/6410235 pi=2601534 rho-cycle-lengths-through-jp:7252f43f2f45f4f37777777777 flippable(x,y>=2)=0
DUMP size=120 p=0.000 square=0123456/1234560/2605314/3051642/4562103/5346021/6410235 pi=2601534 rho-cycle-lengths-through-jp:724f3f43f4f53f4f37777777777 flippable(x,y>=2)=0
DUMP size=120 p=0.000 square=0123456/1234560/2605314/3462105/4051623/5316042/6540231 pi=2501643 rho-cycle-lengths-through-jp:7252f4f2f4f55f557777777777 flippable(x,y>=2)=0
DUMP size=120 p=1.000 square=0123456/1234560/2610345/3451602/4506213/5062134/6345021 pi=4201635 rho-cycle-lengths-through-jp:777377772f2f77777777777 flippable(x,y>=2)=0
DUMP size=120 p=1.000 square=0123456/1234560/2610345/3456012/4502631/5361204/6045123 pi=4201635 rho-cycle-lengths-through-jp:77773f7777777777777777 flippable(x,y>=2)=0
DUMP size=120 p=1.000 square=0123456/1234560/2610345/3456012/4561203/5042631/6305124 pi=6201534 rho-cycle-lengths-through-jp:777777773f777777777777 flippable(x,y>=2)=0
DUMP size=120 p=1.000 square=0123456/1234560/2610345/3465021/4051632/5306214/6542103 pi=5201643 rho-cycle-lengths-through-jp:777777773f777777777777 flippable(x,y>=2)=0
DUMP size=120 p=1.000 square=0123456/1234560/2610345/3542601/4365012/5406123/6051234 pi=5201364 rho-cycle-lengths-through-jp:7772f377772f77777777777 flippable(x,y>=2)=0
DUMP size=240 p=1.000 square=0123456/1234560/2615034/3046215/4560321/5301642/6452103 pi=5201364 rho-cycle-lengths-through-jp:752f4f55444f3f57777777737 flippable(x,y>=2)=0
DUMP size=120 p=1.000 square=0123456/1234560/2615034/3056241/4562103/5340612/6401325 pi=6201534 rho-cycle-lengths-through-jp:753f3f3f4453f4f3f7777777777 flippable(x,y>=2)=0
DUMP size=120 p=1.000 square=0123456/1234560/2615034/3061245/4502613/5346102/6450321 pi=4201563 rho-cycle-lengths-through-jp:754f55f2f442f5f2f7777777777 flippable(x,y>=2)=0
DUMP size=120 p=1.000 square=0123456/1234560/2615034/3560241/4301625/5046312/6452103 pi=4201563 rho-cycle-lengths-through-jp:755f54f5455f557777777777 flippable(x,y>=2)=0
DUMP size=120 p=1.000 square=0123456/1234560/2615304/3042615/4356021/5460132/6501243 pi=6201345 rho-cycle-lengths-through-jp:7772f2f77772f2f7777777777 flippable(x,y>=2)=0
DUMP size=120 p=1.000 square=0123456/1234560/2615304/3052641/4560123/5346012/6401235 pi=6201534 rho-cycle-lengths-through-jp:777777777777777777777 flippable(x,y>=2)=0
DUMP size=120 p=1.000 square=0123456/1234560/2615304/3062145/4356021/5401632/6540213 pi=5201643 rho-cycle-lengths-through-jp:7772f72f77773f7777777777 flippable(x,y>=2)=0
DUMP size=120 p=1.000 square=0123456/1234560/2615304/3062145/4501623/5346012/6450231 pi=4201563 rho-cycle-lengths-through-jp:777777772f777777777777 flippable(x,y>=2)=0
DUMP size=120 p=1.000 square=0123456/1234560/2615304/3456012/4501623/5360241/6042135 pi=4201635 rho-cycle-lengths-through-jp:777777772f777777777777 flippable(x,y>=2)=0
DUMP size=120 p=1.000 square=0123456/1234560/2615304/3456012/4502631/5061243/6340125 pi=4201635 rho-cycle-lengths-through-jp:777777777777777777777 flippable(x,y>=2)=0
DUMP size=120 p=1.000 square=0123456/1234560/2615304/3456012/4560231/5041623/6302145 pi=6201534 rho-cycle-lengths-through-jp:777777772f777777777777 flippable(x,y>=2)=0
DUMP size=120 p=1.000 square=0123456/1234560/2615304/3540612/4056231/5461023/6302145 pi=6201345 rho-cycle-lengths-through-jp:773f777777777777777777 flippable(x,y>=2)=0
DUMP size=120 p=1.000 square=0123456/1234560/2615304/3540612/4061235/5406123/6352041 pi=5201364 rho-cycle-lengths-through-jp:773f737772f2f77777777777 flippable(x,y>=2)=0
DUMP size=120 p=1.000 square=0123456/1234560/2615304/3540612/4361025/5406231/6052143 pi=5201364 rho-cycle-lengths-through-jp:773f3f77773f777777777777 flippable(x,y>=2)=0
DUMP size=360 p=0.333 square=0123456/1234560/2640135/3451602/4065213/5316024/6502341 pi=6501234 rho-cycle-lengths-through-jp:777777777777777773f777 flippable(x,y>=2)=1
DUMP size=120 p=1.000 square=0123456/1234560/2640135/3451602/4065321/5306214/6512043 pi=5601234 rho-cycle-lengths-through-jp:777777777777777777777 flippable(x,y>=2)=0
DUMP size=120 p=1.000 square=0123456/1234560/2640135/3456012/4015623/5361204/6502341 pi=6401235 rho-cycle-lengths-through-jp:77773f7777777777777777 flippable(x,y>=2)=0
DUMP size=120 p=0.000 square=0123456/1234560/2640135/3456012/4501623/5062341/6315204 pi=4601235 rho-cycle-lengths-through-jp:777777772f777777777777 flippable(x,y>=2)=0
DUMP size=120 p=1.000 square=0123456/1234560/2640135/3456012/4512603/5061324/6305241 pi=6401235 rho-cycle-lengths-through-jp:777777777777777777777 flippable(x,y>=2)=0
DUMP size=120 p=1.000 square=0123456/1234560/2640135/3456012/4561203/5302641/6015324 pi=5601234 rho-cycle-lengths-through-jp:777777773f777777777777 flippable(x,y>=2)=0
DUMP size=120 p=1.000 square=0123456/1234560/2640135/3456012/4562301/5301624/6015243 pi=5601234 rho-cycle-lengths-through-jp:777737777777777777777 flippable(x,y>=2)=0
DUMP size=120 p=1.000 square=0123456/1234560/2640315/3501624/4356201/5062143/6415032 pi=3601245 rho-cycle-lengths-through-jp:74543f54f43f5f37777777777 flippable(x,y>=2)=0
DUMP size=120 p=0.000 square=0123456/1234560/2640315/3516024/4365102/5402631/6051243 pi=5301264 rho-cycle-lengths-through-jp:743f2f43f4f24f54f7777777777 flippable(x,y>=2)=0
DUMP size=120 p=1.000 square=0123456/1234560/2641035/3502641/4365102/5016324/6450213 pi=3501264 rho-cycle-lengths-through-jp:7332f44f534f35f7777777777 flippable(x,y>=2)=0
DUMP size=120 p=1.000 square=0123456/1234560/2641035/3506142/4350621/5062314/6415203 pi=3601245 rho-cycle-lengths-through-jp:7342f4f3f554f447777777777 flippable(x,y>=2)=0
DUMP size=120 p=0.000 square=0123456/1234560/2641035/3510642/4356201/5062314/6405123 pi=6301245 rho-cycle-lengths-through-jp:735f44f5523f42f7777777777 flippable(x,y>=2)=0
DUMP size=120 p=0.000 square=0123456/1234560/2641035/3560241/4305612/5016324/6452103 pi=4501263 rho-cycle-lengths-through-jp:735f445553f357777777777 flippable(x,y>=2)=0
DUMP size=120 p=1.000 square=0123456/1234560/2641305/3052641/4365012/5406123/6510234 pi=5601234 rho-cycle-lengths-through-jp:7772f377772f37777777777 flippable(x,y>=2)=0
DUMP size=120 p=1.000 square=0123456/1234560/2641305/3405612/4056231/5360124/6512043 pi=3601245 rho-cycle-lengths-through-jp:7777777773f77777777777 flippable(x,y>=2)=0
DUMP size=120 p=1.000 square=0123456/1234560/2641305/3405612/4560123/5016234/6352041 pi=3501264 rho-cycle-lengths-through-jp:777777777777777777777 flippable(x,y>=2)=0
DUMP size=120 p=1.000 square=0123456/1234560/2641305/3405612/4560231/5316024/6052143 pi=3501264 rho-cycle-lengths-through-jp:777777772f777777777777 flippable(x,y>=2)=0
DUMP size=120 p=1.000 square=0123456/1234560/2641305/3450621/4065132/5306214/6512043 pi=5601234 rho-cycle-lengths-through-jp:772f2f77772f777777777777 flippable(x,y>=2)=0
DUMP size=120 p=0.000 square=0123456/1234560/2641305/3450621/4506132/5362014/6015243 pi=4601235 rho-cycle-lengths-through-jp:772f777777777777777777 flippable(x,y>=2)=0
DUMP size=120 p=0.000 square=0123456/1234560/2641305/3450621/4506213/5062134/6315042 pi=4601235 rho-cycle-lengths-through-jp:772f377772f2f77777777777 flippable(x,y>=2)=0
DUMP size=120 p=1.000 square=0123456/1234560/2641305/3456012/4015623/5360241/6502134 pi=6401235 rho-cycle-lengths-through-jp:777777777777777777777 flippable(x,y>=2)=0
DUMP size=120 p=0.000 square=0123456/1234560/2641305/3456012/4502631/5360124/6015243 pi=4601235 rho-cycle-lengths-through-jp:7777777773f77777777777 flippable(x,y>=2)=0
DUMP size=120 p=0.000 square=0123456/1234560/2641305/3456012/4560231/5012643/6305124 pi=6501234 rho-cycle-lengths-through-jp:777777772f777777777777 flippable(x,y>=2)=0
DUMP size=120 p=1.000 square=0123456/1234560/2641305/3506124/4365012/5012643/6450231 pi=3501264 rho-cycle-lengths-through-jp:7772f77777777777777777 flippable(x,y>=2)=0
DUMP size=120 p=0.000 square=0123456/1234560/2641305/3510624/4365012/5406231/6052143 pi=5301264 rho-cycle-lengths-through-jp:773f2f77727777777777777 flippable(x,y>=2)=0
DUMP size=120 p=0.000 square=0123456/1234560/2645013/3056241/4561302/5310624/6402135 pi=6501234 rho-cycle-lengths-through-jp:733f2f554f55f557777777777 flippable(x,y>=2)=0
DUMP size=120 p=0.000 square=0123456/1234560/2645013/3410625/4561302/5306241/6052134 pi=5301264 rho-cycle-lengths-through-jp:735f2f43f4f25f547777777777 flippable(x,y>=2)=0
DUMP size=120 p=0.000 square=0123456/1234560/2645013/3416205/4560321/5301642/6052134 pi=5301264 rho-cycle-lengths-through-jp:733f4f53f4f24f3f47777777777 flippable(x,y>=2)=0
DUMP size=120 p=0.000 square=0123456/1234560/2645013/3452601/4560132/5016324/6301245 pi=6501234 rho-cycle-lengths-through-jp:7342f454f52f34f7777777777 flippable(x,y>=2)=0
DUMP size=120 p=1.000 square=0123456/1234560/2645013/3501624/4062135/5416302/6350241 pi=3501264 rho-cycle-lengths-through-jp:7354f5f3f4f42f33f7777777777 flippable(x,y>=2)=0
DUMP size=120 p=0.000 square=0123456/1234560/2645013/3560241/4301625/5416302/6052134 pi=4501263 rho-cycle-lengths-through-jp:735f55f3f4f55f347777777777 flippable(x,y>=2)=0
DUMP size=120 p=1.000 square=0123456/1234560/2645013/3560241/4351602/5016324/6402135 pi=6501243 rho-cycle-lengths-through-jp:735f5454f55f357777777777 flippable(x,y>=2)=0
DUMP size=120 p=1.000 square=0123456/1234560/2645103/3052641/4361025/5406312/6510234 pi=5601234 rho-cycle-lengths-through-jp:7773f77773f737777777777 flippable(x,y>=2)=0
DUMP size=120 p=0.000 square=0123456/1234560/2645103/3052641/4560312/5316024/6401235 pi=6501234 rho-cycle-lengths-through-jp:7772f77777777777777777 flippable(x,y>=2)=0
DUMP size=120 p=1.000 square=0123456/1234560/2645103/3401625/4560312/5016234/6352041 pi=3501264 rho-cycle-lengths-through-jp:7772f77777777777777777 flippable(x,y>=2)=0
DUMP size=120 p=0.000 square=0123456/1234560/2645103/3510624/4061235/5406312/6352041 pi=5301264 rho-cycle-lengths-through-jp:773f777722f777777777777 flippable(x,y>=2)=0
DUMP size=120 p=0.000 square=0123456/1234560/2645103/3561024/4350612/5406231/6012345 pi=5601243 rho-cycle-lengths-through-jp:777777777777777777777 flippable(x,y>=2)=0
DUMP size=120 p=1.000 square=0123456/1234560/2645103/3562041/4310625/5406312/6051234 pi=5401263 rho-cycle-lengths-through-jp:777777777777777777777 flippable(x,y>=2)=0
DUMP size=120 p=0.000 square=0123456/1234560/2650314/3546021/4362105/5401632/6015243 pi=5601324 rho-cycle-lengths-through-jp:7777772f77777777777777 flippable(x,y>=2)=0
DUMP size=120 p=1.000 square=0123456/1234560/2651034/3405612/4016325/5360241/6542103 pi=3401625 rho-cycle-lengths-through-jp:777777777777777777777 flippable(x,y>=2)=0
DUMP size=120 p=0.000 square=0123456/1234560/2651034/3465102/4016325/5302641/6540213 pi=5401623 rho-cycle-lengths-through-jp:772f772f77773f7777777777 flippable(x,y>=2)=0
DUMP size=120 p=0.000 square=0123456/1234560/2651034/3540612/4016325/5462103/6305241 pi=6401325 rho-cycle-lengths-through-jp:773f73f77773f77777777777 flippable(x,y>=2)=0
DUMP size=120 p=0.000 square=0123456/1234560/2651034/3546102/4065321/5402613/6310245 pi=5601324 rho-cycle-lengths-through-jp:7777777772f77777777777 flippable(x,y>=2)=0
DUMP size=120 p=1.000 square=0123456/1234560/2651034/3546102/4305621/5460213/6012345 pi=4601325 rho-cycle-lengths-through-jp:777777777777777777777 flippable(x,y>=2)=0
DUMP size=120 p=0.000 square=0123456/1234560/2651034/3546102/4310625/5062341/6405213 pi=6401325 rho-cycle-lengths-through-jp:77777777772f7777777777 flippable(x,y>=2)=0
DUMP size=120 p=0.000 square=0123456/1234560/2651304/3065142/4502613/5346021/6410235 pi=4601523 rho-cycle-lengths-through-jp:732f543f2f52f4f37777777777 flippable(x,y>=2)=0
DUMP size=120 p=1.000 square=0123456/1234560/2651304/3405621/4016235/5360142/6542013 pi=3401625 rho-cycle-lengths-through-jp:73442f52f345f5f7777777777 flippable(x,y>=2)=0
DUMP size=120 p=1.000 square=0123456/1234560/2651304/3506142/4365021/5042613/6410235 pi=3601524 rho-cycle-lengths-through-jp:7345f4f3f2f53f4f37777777777 flippable(x,y>=2)=0
DUMP size=120 p=0.000 square=0123456/1234560/2651304/3540621/4016235/5462013/6305142 pi=6401325 rho-cycle-lengths-through-jp:735f43f32f4453f7777777777 flippable(x,y>=2)=0
  + 411 smaller components, total size 52200 (0.00795 of S(R)), largest 360, contributing 0.007426 to the LHS

== move set B (both trades + turns): 399 components, LHS of Question = 0.007443
  |K| =  6517800 (0.99260 of S(R))  p(K) = 0.4968  row-parity-1 fraction = 0.529  (row,col,sym,sgnpi) bins: 0010:768000 0011:766080 0100:768000 0101:766080 1000:864300 1001:860520 1110:864300 1111:860520
  |K| =      240 (0.00004 of S(R))  p(K) = 1.0000  row-parity-1 fraction = 1.000  (row,col,sym,sgnpi) bins: 1000:120 1110:120
  |K| =      240 (0.00004 of S(R))  p(K) = 1.0000  row-parity-1 fraction = 1.000  (row,col,sym,sgnpi) bins: 1000:120 1110:120
  |K| =      240 (0.00004 of S(R))  p(K) = 0.0000  row-parity-1 fraction = 1.000  (row,col,sym,sgnpi) bins: 1001:120 1111:120
  |K| =      240 (0.00004 of S(R))  p(K) = 1.0000  row-parity-1 fraction = 0.000  (row,col,sym,sgnpi) bins: 0010:120 0100:120
  |K| =      240 (0.00004 of S(R))  p(K) = 1.0000  row-parity-1 fraction = 0.000  (row,col,sym,sgnpi) bins: 0010:120 0100:120
  |K| =      240 (0.00004 of S(R))  p(K) = 1.0000  row-parity-1 fraction = 1.000  (row,col,sym,sgnpi) bins: 1000:120 1110:120
  |K| =      240 (0.00004 of S(R))  p(K) = 0.0000  row-parity-1 fraction = 1.000  (row,col,sym,sgnpi) bins: 1001:120 1111:120
  |K| =      120 (0.00002 of S(R))  p(K) = 0.0000  row-parity-1 fraction = 0.000  (row,col,sym,sgnpi) bins: 0011:60 0101:60
  |K| =      120 (0.00002 of S(R))  p(K) = 0.0000  row-parity-1 fraction = 0.000  (row,col,sym,sgnpi) bins: 0011:60 0101:60
  |K| =      120 (0.00002 of S(R))  p(K) = 1.0000  row-parity-1 fraction = 0.000  (row,col,sym,sgnpi) bins: 0010:60 0100:60
  |K| =      120 (0.00002 of S(R))  p(K) = 0.0000  row-parity-1 fraction = 0.000  (row,col,sym,sgnpi) bins: 0011:60 0101:60
  + 387 smaller components, total size 46440 (0.00707 of S(R)), largest 120, contributing 0.007072 to the LHS
