R = 0123456 / 1234560, j=0 jp=2, sigma(j)=6 sigma(jp)=1, hypothesis (1): holds
  jp = sigma^5(j) (same sigma-cycle)
|S(R)| = 6566400 completions
moves: 23596800 flippable trades, 42067200 non-flippable, 1647360 turns (393600 of odd cycles)
P[beta=1 | R] = 0.497076

== move set A (jp-trades + turns): 423 components, LHS of Question = 0.007566
  |K| =  6508560 (0.99119 of S(R))  p(K) = 0.4968  row-parity-1 fraction = 0.530  (row,col,sym,sgnpi) bins: 0010:766500 0011:764160 0100:766500 0101:764160 1000:863580 1001:860040 1110:863580 1111:860040
  |K| =      960 (0.00015 of S(R))  p(K) = 0.5000  row-parity-1 fraction = 0.000  (row,col,sym,sgnpi) bins: 0010:240 0011:240 0100:240 0101:240
  |K| =      600 (0.00009 of S(R))  p(K) = 0.6000  row-parity-1 fraction = 0.000  (row,col,sym,sgnpi) bins: 0010:180 0011:120 0100:180 0101:120
  |K| =      600 (0.00009 of S(R))  p(K) = 0.4000  row-parity-1 fraction = 0.000  (row,col,sym,sgnpi) bins: 0010:120 0011:180 0100:120 0101:180
  |K| =      480 (0.00007 of S(R))  p(K) = 0.7500  row-parity-1 fraction = 1.000  (row,col,sym,sgnpi) bins: 1000:180 1001:60 1110:180 1111:60
  |K| =      480 (0.00007 of S(R))  p(K) = 0.2500  row-parity-1 fraction = 0.000  (row,col,sym,sgnpi) bins: 0010:60 0011:180 0100:60 0101:180
  |K| =      480 (0.00007 of S(R))  p(K) = 0.5000  row-parity-1 fraction = 0.000  (row,col,sym,sgnpi) bins: 0010:120 0011:120 0100:120 0101:120
  |K| =      480 (0.00007 of S(R))  p(K) = 0.2500  row-parity-1 fraction = 0.000  (row,col,sym,sgnpi) bins: 0010:60 0011:180 0100:60 0101:180
  |K| =      480 (0.00007 of S(R))  p(K) = 0.7500  row-parity-1 fraction = 1.000  (row,col,sym,sgnpi) bins: 1000:180 1001:60 1110:180 1111:60
  |K| =      360 (0.00005 of S(R))  p(K) = 0.6667  row-parity-1 fraction = 0.000  (row,col,sym,sgnpi) bins: 0010:120 0011:60 0100:120 0101:60
  |K| =      360 (0.00005 of S(R))  p(K) = 0.6667  row-parity-1 fraction = 0.000  (row,col,sym,sgnpi) bins: 0010:120 0011:60 0100:120 0101:60
  |K| =      360 (0.00005 of S(R))  p(K) = 0.3333  row-parity-1 fraction = 0.000  (row,col,sym,sgnpi) bins: 0010:60 0011:120 0100:60 0101:120
  + 411 smaller components, total size 52200 (0.00795 of S(R)), largest 360, contributing 0.007426 to the LHS

== move set B (both trades + turns): 399 components, LHS of Question = 0.007443
  |K| =  6517800 (0.99260 of S(R))  p(K) = 0.4968  row-parity-1 fraction = 0.529  (row,col,sym,sgnpi) bins: 0010:768000 0011:766080 0100:768000 0101:766080 1000:864300 1001:860520 1110:864300 1111:860520
  |K| =      240 (0.00004 of S(R))  p(K) = 1.0000  row-parity-1 fraction = 1.000  (row,col,sym,sgnpi) bins: 1000:120 1110:120
  |K| =      240 (0.00004 of S(R))  p(K) = 1.0000  row-parity-1 fraction = 1.000  (row,col,sym,sgnpi) bins: 1000:120 1110:120
  |K| =      240 (0.00004 of S(R))  p(K) = 0.0000  row-parity-1 fraction = 1.000  (row,col,sym,sgnpi) bins: 1001:120 1111:120
  |K| =      240 (0.00004 of S(R))  p(K) = 1.0000  row-parity-1 fraction = 0.000  (row,col,sym,sgnpi) bins: 0010:120 0100:120
  |K| =      240 (0.00004 of S(R))  p(K) = 1.0000  row-parity-1 fraction = 0.000  (row,col,sym,sgnpi) bins: 0010:120 0100:120
  |K| =      240 (0.00004 of S(R))  p(K) = 1.0000  row-parity-1 fraction = 1.000  (row,col,sym,sgnpi) bins: 1000:120 1110:120
  |K| =      240 (0.00004 of S(R))  p(K) = 0.0000  row-parity-1 fraction = 1.000  (row,col,sym,sgnpi) bins: 1001:120 1111:120
  |K| =      120 (0.00002 of S(R))  p(K) = 0.0000  row-parity-1 fraction = 0.000  (row,col,sym,sgnpi) bins: 0011:60 0101:60
  |K| =      120 (0.00002 of S(R))  p(K) = 0.0000  row-parity-1 fraction = 0.000  (row,col,sym,sgnpi) bins: 0011:60 0101:60
  |K| =      120 (0.00002 of S(R))  p(K) = 1.0000  row-parity-1 fraction = 0.000  (row,col,sym,sgnpi) bins: 0010:60 0100:60
  |K| =      120 (0.00002 of S(R))  p(K) = 0.0000  row-parity-1 fraction = 0.000  (row,col,sym,sgnpi) bins: 0011:60 0101:60
  + 387 smaller components, total size 46440 (0.00707 of S(R)), largest 120, contributing 0.007072 to the LHS
