# which=0 nsamp=400000000: per k: a_k total, then for B=1..7,>=8: P(B_k=b)  E[(-1)^tau_k; B_k=b]
k= 1 a_k=-0.40038 | B=1: 0.0000 +0.00000 | B=2: 0.5768 -0.57683 | B=3: 0.2516 +0.25165 | B=4: 0.1056 -0.10558 | B=5: 0.0419 +0.04193 | B=6: 0.0157 -0.01570 | B=7: 0.0056 +0.00556 | B>=8: 0.0027 -0.00141 |
k= 2 a_k=+0.15276 | B=1: 0.3332 +0.33324 | B=2: 0.3049 -0.30492 | B=3: 0.1919 +0.19190 | B=4: 0.0987 -0.09867 | B=5: 0.0440 +0.04403 | B=6: 0.0176 -0.01759 | B=7: 0.0064 +0.00643 | B>=8: 0.0032 -0.00166 |
k= 3 a_k=-0.06689 | B=1: 0.0000 +0.00000 | B=2: 0.2154 -0.21542 | B=3: 0.2880 +0.28797 | B=4: 0.2320 -0.23200 | B=5: 0.1420 +0.14197 | B=6: 0.0720 -0.07196 | B=7: 0.0316 +0.03164 | B>=8: 0.0190 -0.00909 |
k= 4 a_k=+0.03336 | B=1: 0.1525 +0.15247 | B=2: 0.2583 -0.25829 | B=3: 0.2465 +0.24649 | B=4: 0.1714 -0.17143 | B=5: 0.0960 +0.09595 | B=6: 0.0456 -0.04557 | B=7: 0.0190 +0.01903 | B>=8: 0.0108 -0.00529 |
k= 5 a_k=-0.01846 | B=1: 0.0000 +0.00000 | B=2: 0.1152 -0.11517 | B=3: 0.2299 +0.22989 | B=4: 0.2486 -0.24856 | B=5: 0.1908 +0.19080 | B=6: 0.1156 -0.11565 | B=7: 0.0586 +0.05865 | B>=8: 0.0413 -0.01842 |
k= 6 a_k=+0.01121 | B=1: 0.0912 +0.09123 | B=2: 0.2054 -0.20545 | B=3: 0.2447 +0.24471 | B=4: 0.2033 -0.20328 | B=5: 0.1317 +0.13165 | B=6: 0.0706 -0.07058 | B=7: 0.0326 +0.03255 | B>=8: 0.0205 -0.00963 |
k= 7 a_k=-0.00715 | B=1: 0.0000 +0.00000 | B=2: 0.0749 -0.07486 | B=3: 0.1851 +0.18508 | B=4: 0.2381 -0.23808 | B=5: 0.2111 +0.21113 | B=6: 0.1446 -0.14455 | B=7: 0.0813 +0.08132 | B>=8: 0.0650 -0.02718 |
k= 8 a_k=+0.00492 | B=1: 0.0631 +0.06311 | B=2: 0.1681 -0.16806 | B=3: 0.2304 +0.23036 | B=4: 0.2158 -0.21578 | B=5: 0.1550 +0.15498 | B=6: 0.0909 -0.09090 | B=7: 0.0453 +0.04533 | B>=8: 0.0315 -0.01412 |
k= 9 a_k=-0.00348 | B=1: 0.0000 +0.00000 | B=2: 0.0544 -0.05435 | B=3: 0.1538 +0.15383 | B=4: 0.2223 -0.22230 | B=5: 0.2182 +0.21822 | B=6: 0.1634 -0.16340 | B=7: 0.0995 +0.09950 | B>=8: 0.0884 -0.03496 |
k=10 a_k=+0.00260 | B=1: 0.0476 +0.04760 | B=2: 0.1418 -0.14178 | B=3: 0.2144 +0.21442 | B=4: 0.2192 -0.21917 | B=5: 0.1702 +0.17022 | B=6: 0.1071 -0.10712 | B=7: 0.0569 +0.05686 | B>=8: 0.0428 -0.01844 |
k=11 a_k=-0.00207 | B=1: 0.0000 +0.00000 | B=2: 0.0423 -0.04227 | B=3: 0.1315 +0.13150 | B=4: 0.2068 -0.20683 | B=5: 0.2190 +0.21904 | B=6: 0.1758 -0.17575 | B=7: 0.1139 +0.11389 | B>=8: 0.1107 -0.04165 |
k=12 a_k=+0.00157 | B=1: 0.0380 +0.03796 | B=2: 0.1226 -0.12261 | B=3: 0.1996 +0.19963 | B=4: 0.2182 -0.21821 | B=5: 0.1802 +0.18022 | B=6: 0.1200 -0.12000 | B=7: 0.0671 +0.06709 | B>=8: 0.0543 -0.02250 |
k=13 a_k=-0.00126 | B=1: 0.0000 +0.00000 | B=2: 0.0344 -0.03440 | B=3: 0.1149 +0.11491 | B=4: 0.1928 -0.19284 | B=5: 0.2169 +0.21686 | B=6: 0.1839 -0.18390 | B=7: 0.1254 +0.12544 | B>=8: 0.1317 -0.04732 |
k=14 a_k=+0.00105 | B=1: 0.0314 +0.03143 | B=2: 0.1081 -0.10813 | B=3: 0.1865 +0.18652 | B=4: 0.2151 -0.21514 | B=5: 0.1869 +0.18685 | B=6: 0.1303 -0.13031 | B=7: 0.0761 +0.07608 | B>=8: 0.0655 -0.02625 |
k=15 a_k=-0.00078 | B=1: 0.0000 +0.00000 | B=2: 0.0289 -0.02892 | B=3: 0.1021 +0.10214 | B=4: 0.1806 -0.18056 | B=5: 0.2132 +0.21321 | B=6: 0.1892 -0.18922 | B=7: 0.1347 +0.13474 | B>=8: 0.1512 -0.05217 |
k=16 a_k=+0.00064 | B=1: 0.0268 +0.02677 | B=2: 0.0968 -0.09681 | B=3: 0.1750 +0.17498 | B=4: 0.2111 -0.21108 | B=5: 0.1911 +0.19114 | B=6: 0.1387 -0.13870 | B=7: 0.0840 +0.08402 | B>=8: 0.0765 -0.02968 |
k=17 a_k=-0.00066 | B=1: 0.0000 +0.00000 | B=2: 0.0249 -0.02491 | B=3: 0.0920 +0.09200 | B=4: 0.1698 -0.16981 | B=5: 0.2089 +0.20887 | B=6: 0.1926 -0.19265 | B=7: 0.1422 +0.14225 | B>=8: 0.1695 -0.05639 |
k=18 a_k=+0.00047 | B=1: 0.0233 +0.02329 | B=2: 0.0877 -0.08771 | B=3: 0.1649 +0.16494 | B=4: 0.2065 -0.20654 | B=5: 0.1938 +0.19383 | B=6: 0.1455 -0.14554 | B=7: 0.0910 +0.09104 | B>=8: 0.0871 -0.03283 |
k=19 a_k=-0.00046 | B=1: 0.0000 +0.00000 | B=2: 0.0218 -0.02184 | B=3: 0.0838 +0.08382 | B=4: 0.1604 -0.16039 | B=5: 0.2042 +0.20423 | B=6: 0.1947 -0.19473 | B=7: 0.1484 +0.14843 | B>=8: 0.1865 -0.05997 |
k=20 a_k=+0.00041 | B=1: 0.0206 +0.02057 | B=2: 0.0803 -0.08029 | B=3: 0.1561 +0.15610 | B=4: 0.2019 -0.20190 | B=5: 0.1954 +0.19542 | B=6: 0.1511 -0.15107 | B=7: 0.0973 +0.09730 | B>=8: 0.0974 -0.03571 |
k=21 a_k=-0.00039 | B=1: 0.0000 +0.00000 | B=2: 0.0194 -0.01944 | B=3: 0.0770 +0.07702 | B=4: 0.1521 -0.15213 | B=5: 0.1996 +0.19956 | B=6: 0.1959 -0.19588 | B=7: 0.1535 +0.15352 | B>=8: 0.2025 -0.06304 |
k=22 a_k=+0.00034 | B=1: 0.0184 +0.01841 | B=2: 0.0741 -0.07407 | B=3: 0.1483 +0.14832 | B=4: 0.1973 -0.19725 | B=5: 0.1962 +0.19621 | B=6: 0.1557 -0.15572 | B=7: 0.1028 +0.10283 | B>=8: 0.1072 -0.03838 |
k=23 a_k=-0.00037 | B=1: 0.0000 +0.00000 | B=2: 0.0175 -0.01748 | B=3: 0.0713 +0.07132 | B=4: 0.1447 -0.14474 | B=5: 0.1950 +0.19498 | B=6: 0.1964 -0.19639 | B=7: 0.1577 +0.15773 | B>=8: 0.2174 -0.06578 |
k=24 a_k=+0.00027 | B=1: 0.0167 +0.01665 | B=2: 0.0688 -0.06879 | B=3: 0.1414 +0.14136 | B=4: 0.1927 -0.19274 | B=5: 0.1964 +0.19641 | B=6: 0.1596 -0.15961 | B=7: 0.1078 +0.10780 | B>=8: 0.1166 -0.04081 |
k=25 a_k=-0.00030 | B=1: 0.0000 +0.00000 | B=2: 0.0159 -0.01589 | B=3: 0.0664 +0.06644 | B=4: 0.1382 -0.13816 | B=5: 0.1905 +0.19051 | B=6: 0.1964 -0.19636 | B=7: 0.1613 +0.16129 | B>=8: 0.2313 -0.06813 |
k=26 a_k=+0.00027 | B=1: 0.0152 +0.01520 | B=2: 0.0643 -0.06425 | B=3: 0.1351 +0.13513 | B=4: 0.1884 -0.18836 | B=5: 0.1962 +0.19619 | B=6: 0.1628 -0.16282 | B=7: 0.1123 +0.11226 | B>=8: 0.1258 -0.04307 |
k=27 a_k=-0.00022 | B=1: 0.0000 +0.00000 | B=2: 0.0146 -0.01457 | B=3: 0.0622 +0.06223 | B=4: 0.1322 -0.13222 | B=5: 0.1863 +0.18628 | B=6: 0.1959 -0.19594 | B=7: 0.1642 +0.16423 | B>=8: 0.2445 -0.07023 |
k=28 a_k=+0.00016 | B=1: 0.0140 +0.01397 | B=2: 0.0604 -0.06036 | B=3: 0.1295 +0.12948 | B=4: 0.1842 -0.18419 | B=5: 0.1956 +0.19564 | B=6: 0.1655 -0.16554 | B=7: 0.1163 +0.11627 | B>=8: 0.1345 -0.04510 |
k=29 a_k=-0.00012 | B=1: 0.0000 +0.00000 | B=2: 0.0134 -0.01342 | B=3: 0.0586 +0.05857 | B=4: 0.1269 -0.12690 | B=5: 0.1822 +0.18222 | B=6: 0.1953 -0.19527 | B=7: 0.1667 +0.16674 | B>=8: 0.2569 -0.07205 |
k=30 a_k=+0.00009 | B=1: 0.0129 +0.01292 | B=2: 0.0569 -0.05692 | B=3: 0.1244 +0.12439 | B=4: 0.1803 -0.18027 | B=5: 0.1948 +0.19484 | B=6: 0.1678 -0.16779 | B=7: 0.1199 +0.11992 | B>=8: 0.1429 -0.04701 |
k=31 a_k=-0.00019 | B=1: 0.0000 +0.00000 | B=2: 0.0125 -0.01245 | B=3: 0.0553 +0.05533 | B=4: 0.1220 -0.12203 | B=5: 0.1783 +0.17834 | B=6: 0.1944 -0.19443 | B=7: 0.1688 +0.16878 | B>=8: 0.2686 -0.07372 |
k=32 a_k=+0.00012 | B=1: 0.0120 +0.01203 | B=2: 0.0539 -0.05385 | B=3: 0.1197 +0.11974 | B=4: 0.1765 -0.17647 | B=5: 0.1939 +0.19395 | B=6: 0.1697 -0.16970 | B=7: 0.1232 +0.12319 | B>=8: 0.1511 -0.04877 |
