# which=7 nsamp=100000000: per k: a_k total, then for B=1..7,>=8: P(B_k=b)  E[(-1)^tau_k; B_k=b]
k= 1 a_k=-0.09987 | B=1: 0.0001 +0.00014 | B=2: 0.0008 -0.00077 | B=3: 0.0023 +0.00231 | B=4: 0.0049 -0.00491 | B=5: 0.0085 +0.00851 | B=6: 0.0130 -0.01302 | B=7: 0.0186 +0.01859 | B>=8: 0.9517 -0.11071 |
k= 2 a_k=+0.00812 | B=1: 0.0000 +0.00000 | B=2: 0.0006 -0.00061 | B=3: 0.0034 +0.00340 | B=4: 0.0099 -0.00986 | B=5: 0.0200 +0.02004 | B=6: 0.0326 -0.03262 | B=7: 0.0461 +0.04609 | B>=8: 0.8874 -0.01832 |
k= 3 a_k=-0.00053 | B=1: 0.0015 +0.00152 | B=2: 0.0082 -0.00824 | B=3: 0.0229 +0.02289 | B=4: 0.0441 -0.04412 | B=5: 0.0670 +0.06703 | B=6: 0.0868 -0.08677 | B=7: 0.1005 +0.10055 | B>=8: 0.6689 -0.05340 |
k= 4 a_k=-0.00007 | B=1: 0.0000 +0.00000 | B=2: 0.0029 -0.00288 | B=3: 0.0151 +0.01506 | B=4: 0.0401 -0.04007 | B=5: 0.0729 +0.07292 | B=6: 0.1034 -0.10341 | B=7: 0.1228 +0.12277 | B>=8: 0.6429 -0.06446 |
k= 5 a_k=+0.00001 | B=1: 0.0046 +0.00463 | B=2: 0.0233 -0.02327 | B=3: 0.0592 +0.05922 | B=4: 0.1021 -0.10214 | B=5: 0.1354 +0.13535 | B=6: 0.1482 -0.14823 | B=7: 0.1407 +0.14065 | B>=8: 0.3865 -0.06621 |
k= 6 a_k=-0.00001 | B=1: 0.0000 +0.00000 | B=2: 0.0066 -0.00661 | B=3: 0.0321 +0.03209 | B=4: 0.0784 -0.07836 | B=5: 0.1285 +0.12846 | B=6: 0.1601 -0.16009 | B=7: 0.1628 +0.16276 | B>=8: 0.4316 -0.07826 |
k= 7 a_k=-0.00005 | B=1: 0.0087 +0.00865 | B=2: 0.0408 -0.04079 | B=3: 0.0959 +0.09588 | B=4: 0.1503 -0.15028 | B=5: 0.1774 +0.17737 | B=6: 0.1690 -0.16898 | B=7: 0.1359 +0.13594 | B>=8: 0.2221 -0.05784 |
k= 8 a_k=+0.00009 | B=1: 0.0000 +0.00000 | B=2: 0.0106 -0.01063 | B=3: 0.0488 +0.04878 | B=4: 0.1108 -0.11082 | B=5: 0.1671 +0.16713 | B=6: 0.1884 -0.18844 | B=7: 0.1700 +0.17004 | B>=8: 0.3042 -0.07598 |
k= 9 a_k=+0.00010 | B=1: 0.0124 +0.01242 | B=2: 0.0556 -0.05556 | B=3: 0.1229 +0.12291 | B=4: 0.1795 -0.17952 | B=5: 0.1949 +0.19494 | B=6: 0.1684 -0.16840 | B=7: 0.1207 +0.12070 | B>=8: 0.1456 -0.04739 |
k=10 a_k=-0.00000 | B=1: 0.0000 +0.00000 | B=2: 0.0139 -0.01394 | B=3: 0.0611 +0.06111 | B=4: 0.1321 -0.13207 | B=5: 0.1881 +0.18811 | B=6: 0.1984 -0.19844 | B=7: 0.1658 +0.16576 | B>=8: 0.2406 -0.07054 |
k=11 a_k=+0.00029 | B=1: 0.0151 +0.01515 | B=2: 0.0653 -0.06534 | B=3: 0.1388 +0.13876 | B=4: 0.1937 -0.19369 | B=5: 0.2000 +0.19997 | B=6: 0.1632 -0.16316 | B=7: 0.1097 +0.10968 | B>=8: 0.1143 -0.04107 |
k=12 a_k=-0.00026 | B=1: 0.0000 +0.00000 | B=2: 0.0161 -0.01606 | B=3: 0.0683 +0.06835 | B=4: 0.1432 -0.14318 | B=5: 0.1971 +0.19712 | B=6: 0.2006 -0.20057 | B=7: 0.1610 +0.16098 | B>=8: 0.2138 -0.06690 |
k=13 a_k=+0.00031 | B=1: 0.0167 +0.01666 | B=2: 0.0703 -0.07028 | B=3: 0.1460 +0.14596 | B=4: 0.1989 -0.19889 | B=5: 0.2005 +0.20049 | B=6: 0.1594 -0.15943 | B=7: 0.1044 +0.10437 | B>=8: 0.1039 -0.03858 |
k=14 a_k=-0.00006 | B=1: 0.0000 +0.00000 | B=2: 0.0170 -0.01701 | B=3: 0.0713 +0.07132 | B=4: 0.1472 -0.14722 | B=5: 0.1997 +0.19966 | B=6: 0.2001 -0.20010 | B=7: 0.1585 +0.15853 | B>=8: 0.2062 -0.06524 |
k=15 a_k=+0.00017 | B=1: 0.0172 +0.01716 | B=2: 0.0716 -0.07162 | B=3: 0.1474 +0.14742 | B=4: 0.1994 -0.19945 | B=5: 0.1997 +0.19973 | B=6: 0.1582 -0.15823 | B=7: 0.1033 +0.10328 | B>=8: 0.1031 -0.03812 |
k=16 a_k=-0.00030 | B=1: 0.0000 +0.00000 | B=2: 0.0171 -0.01710 | B=3: 0.0714 +0.07138 | B=4: 0.1468 -0.14681 | B=5: 0.1988 +0.19877 | B=6: 0.1994 -0.19939 | B=7: 0.1583 +0.15828 | B>=8: 0.2083 -0.06542 |
k=17 a_k=+0.00026 | B=1: 0.0169 +0.01692 | B=2: 0.0706 -0.07065 | B=3: 0.1456 +0.14557 | B=4: 0.1977 -0.19767 | B=5: 0.1991 +0.19905 | B=6: 0.1587 -0.15871 | B=7: 0.1046 +0.10460 | B>=8: 0.1068 -0.03886 |
k=18 a_k=-0.00014 | B=1: 0.0000 +0.00000 | B=2: 0.0166 -0.01663 | B=3: 0.0696 +0.06964 | B=4: 0.1440 -0.14395 | B=5: 0.1963 +0.19631 | B=6: 0.1986 -0.19860 | B=7: 0.1594 +0.15942 | B>=8: 0.2155 -0.06633 |
k=19 a_k=+0.00014 | B=1: 0.0163 +0.01626 | B=2: 0.0684 -0.06837 | B=3: 0.1420 +0.14201 | B=4: 0.1947 -0.19474 | B=5: 0.1983 +0.19830 | B=6: 0.1603 -0.16029 | B=7: 0.1072 +0.10721 | B>=8: 0.1128 -0.04024 |
k=20 a_k=-0.00018 | B=1: 0.0000 +0.00000 | B=2: 0.0159 -0.01586 | B=3: 0.0670 +0.06698 | B=4: 0.1399 -0.13988 | B=5: 0.1930 +0.19301 | B=6: 0.1980 -0.19799 | B=7: 0.1612 +0.16125 | B>=8: 0.2250 -0.06769 |
k=21 a_k=+0.00015 | B=1: 0.0154 +0.01540 | B=2: 0.0655 -0.06550 | B=3: 0.1376 +0.13759 | B=4: 0.1913 -0.19126 | B=5: 0.1977 +0.19768 | B=6: 0.1622 -0.16223 | B=7: 0.1104 +0.11039 | B>=8: 0.1199 -0.04191 |
k=22 a_k=-0.00041 | B=1: 0.0000 +0.00000 | B=2: 0.0149 -0.01494 | B=3: 0.0639 +0.06393 | B=4: 0.1353 -0.13529 | B=5: 0.1893 +0.18935 | B=6: 0.1974 -0.19742 | B=7: 0.1633 +0.16329 | B>=8: 0.2358 -0.06932 |
k=23 a_k=+0.00013 | B=1: 0.0145 +0.01447 | B=2: 0.0624 -0.06239 | B=3: 0.1329 +0.13288 | B=4: 0.1875 -0.18754 | B=5: 0.1970 +0.19698 | B=6: 0.1644 -0.16440 | B=7: 0.1137 +0.11375 | B>=8: 0.1276 -0.04362 |
k=24 a_k=-0.00015 | B=1: 0.0000 +0.00000 | B=2: 0.0140 -0.01402 | B=3: 0.0608 +0.06081 | B=4: 0.1306 -0.13057 | B=5: 0.1856 +0.18562 | B=6: 0.1966 -0.19659 | B=7: 0.1654 +0.16545 | B>=8: 0.2469 -0.07084 |
k=25 a_k=+0.00016 | B=1: 0.0136 +0.01357 | B=2: 0.0593 -0.05926 | B=3: 0.1282 +0.12824 | B=4: 0.1838 -0.18378 | B=5: 0.1962 +0.19621 | B=6: 0.1665 -0.16645 | B=7: 0.1171 +0.11707 | B>=8: 0.1354 -0.04543 |
k=26 a_k=-0.00019 | B=1: 0.0000 +0.00000 | B=2: 0.0131 -0.01313 | B=3: 0.0577 +0.05774 | B=4: 0.1260 -0.12600 | B=5: 0.1819 +0.18189 | B=6: 0.1957 -0.19574 | B=7: 0.1674 +0.16744 | B>=8: 0.2581 -0.07239 |
k=27 a_k=+0.00014 | B=1: 0.0127 +0.01272 | B=2: 0.0563 -0.05628 | B=3: 0.1237 +0.12374 | B=4: 0.1800 -0.18003 | B=5: 0.1952 +0.19521 | B=6: 0.1684 -0.16840 | B=7: 0.1204 +0.12038 | B>=8: 0.1432 -0.04720 |
k=28 a_k=-0.00010 | B=1: 0.0000 +0.00000 | B=2: 0.0123 -0.01230 | B=3: 0.0549 +0.05487 | B=4: 0.1215 -0.12153 | B=5: 0.1783 +0.17827 | B=6: 0.1947 -0.19475 | B=7: 0.1692 +0.16922 | B>=8: 0.2691 -0.07388 |
k=29 a_k=+0.00034 | B=1: 0.0119 +0.01191 | B=2: 0.0535 -0.05351 | B=3: 0.1194 +0.11942 | B=4: 0.1764 -0.17637 | B=5: 0.1943 +0.19429 | B=6: 0.1700 -0.17000 | B=7: 0.1234 +0.12343 | B>=8: 0.1511 -0.04882 |
k=30 a_k=+0.00001 | B=1: 0.0000 +0.00000 | B=2: 0.0115 -0.01155 | B=3: 0.0522 +0.05224 | B=4: 0.1173 -0.11730 | B=5: 0.1748 +0.17475 | B=6: 0.1937 -0.19368 | B=7: 0.1708 +0.17076 | B>=8: 0.2797 -0.07521 |
k=31 a_k=+0.00011 | B=1: 0.0112 +0.01120 | B=2: 0.0510 -0.05101 | B=3: 0.1154 +0.11535 | B=4: 0.1729 -0.17289 | B=5: 0.1931 +0.19308 | B=6: 0.1715 -0.17148 | B=7: 0.1263 +0.12634 | B>=8: 0.1587 -0.05047 |
k=32 a_k=-0.00015 | B=1: 0.0000 +0.00000 | B=2: 0.0109 -0.01086 | B=3: 0.0498 +0.04979 | B=4: 0.1134 -0.11345 | B=5: 0.1712 +0.17118 | B=6: 0.1925 -0.19255 | B=7: 0.1722 +0.17216 | B>=8: 0.2900 -0.07643 |
k=33 a_k=+0.00012 | B=1: 0.0105 +0.01052 | B=2: 0.0487 -0.04866 | B=3: 0.1116 +0.11157 | B=4: 0.1695 -0.16952 | B=5: 0.1919 +0.19193 | B=6: 0.1728 -0.17279 | B=7: 0.1290 +0.12897 | B>=8: 0.1660 -0.05191 |
k=34 a_k=-0.00011 | B=1: 0.0000 +0.00000 | B=2: 0.0102 -0.01023 | B=3: 0.0476 +0.04757 | B=4: 0.1098 -0.10979 | B=5: 0.1679 +0.16789 | B=6: 0.1913 -0.19133 | B=7: 0.1734 +0.17336 | B>=8: 0.2998 -0.07760 |
k=35 a_k=+0.00025 | B=1: 0.0099 +0.00993 | B=2: 0.0465 -0.04650 | B=3: 0.1081 +0.10811 | B=4: 0.1663 -0.16628 | B=5: 0.1907 +0.19070 | B=6: 0.1738 -0.17384 | B=7: 0.1315 +0.13146 | B>=8: 0.1732 -0.05334 |
k=36 a_k=-0.00014 | B=1: 0.0000 +0.00000 | B=2: 0.0097 -0.00965 | B=3: 0.0455 +0.04548 | B=4: 0.1064 -0.10644 | B=5: 0.1647 +0.16475 | B=6: 0.1900 -0.19004 | B=7: 0.1743 +0.17434 | B>=8: 0.3093 -0.07857 |
k=37 a_k=+0.00025 | B=1: 0.0094 +0.00940 | B=2: 0.0445 -0.04454 | B=3: 0.1048 +0.10480 | B=4: 0.1632 -0.16316 | B=5: 0.1894 +0.18944 | B=6: 0.1748 -0.17478 | B=7: 0.1337 +0.13375 | B>=8: 0.1801 -0.05465 |
k=38 a_k=-0.00021 | B=1: 0.0000 +0.00000 | B=2: 0.0092 -0.00916 | B=3: 0.0436 +0.04363 | B=4: 0.1032 -0.10323 | B=5: 0.1616 +0.16164 | B=6: 0.1888 -0.18878 | B=7: 0.1752 +0.17519 | B>=8: 0.3184 -0.07950 |
k=39 a_k=-0.00007 | B=1: 0.0089 +0.00893 | B=2: 0.0428 -0.04276 | B=3: 0.1017 +0.10168 | B=4: 0.1602 -0.16023 | B=5: 0.1880 +0.18805 | B=6: 0.1756 -0.17562 | B=7: 0.1358 +0.13580 | B>=8: 0.1869 -0.05591 |
k=40 a_k=-0.00002 | B=1: 0.0000 +0.00000 | B=2: 0.0087 -0.00869 | B=3: 0.0419 +0.04191 | B=4: 0.1003 -0.10026 | B=5: 0.1588 +0.15881 | B=6: 0.1874 -0.18744 | B=7: 0.1759 +0.17590 | B>=8: 0.3270 -0.08025 |
