# which=6 nsamp=100000000: per k: a_k total, then for B=1..7,>=8: P(B_k=b)  E[(-1)^tau_k; B_k=b]
k= 1 a_k=-0.09662 | B=1: 0.0042 +0.00418 | B=2: 0.0201 -0.02006 | B=3: 0.0507 +0.05068 | B=4: 0.0915 -0.09151 | B=5: 0.1358 +0.13580 | B=6: 0.1786 -0.17863 | B=7: 0.2175 +0.21750 | B>=8: 0.3016 -0.21458 |
k= 2 a_k=+0.00713 | B=1: 0.0000 +0.00000 | B=2: 0.0135 -0.01354 | B=3: 0.0573 +0.05730 | B=4: 0.1222 -0.12224 | B=5: 0.1774 +0.17738 | B=6: 0.1982 -0.19822 | B=7: 0.1815 +0.18153 | B>=8: 0.2498 -0.07508 |
k= 3 a_k=-0.00008 | B=1: 0.0241 +0.02407 | B=2: 0.0923 -0.09230 | B=3: 0.1746 +0.17462 | B=4: 0.2181 -0.21806 | B=5: 0.2020 +0.20199 | B=6: 0.1471 -0.14710 | B=7: 0.0858 +0.08584 | B>=8: 0.0560 -0.02914 |
k= 4 a_k=-0.00078 | B=1: 0.0000 +0.00000 | B=2: 0.0326 -0.03259 | B=3: 0.1165 +0.11652 | B=4: 0.2033 -0.20335 | B=5: 0.2308 +0.23077 | B=6: 0.1914 -0.19140 | B=7: 0.1231 +0.12306 | B>=8: 0.1023 -0.04380 |
k= 5 a_k=+0.00106 | B=1: 0.0380 +0.03801 | B=2: 0.1298 -0.12978 | B=3: 0.2155 +0.21549 | B=4: 0.2322 -0.23219 | B=5: 0.1826 +0.18259 | B=6: 0.1117 -0.11170 | B=7: 0.0554 +0.05543 | B>=8: 0.0348 -0.01678 |
k= 6 a_k=-0.00126 | B=1: 0.0000 +0.00000 | B=2: 0.0405 -0.04051 | B=3: 0.1347 +0.13471 | B=4: 0.2183 -0.21832 | B=5: 0.2302 +0.23023 | B=6: 0.1782 -0.17819 | B=7: 0.1083 +0.10828 | B>=8: 0.0898 -0.03747 |
k= 7 a_k=+0.00134 | B=1: 0.0409 +0.04087 | B=2: 0.1343 -0.13430 | B=3: 0.2162 +0.21617 | B=4: 0.2277 -0.22771 | B=5: 0.1772 +0.17725 | B=6: 0.1092 -0.10922 | B=7: 0.0558 +0.05581 | B>=8: 0.0387 -0.01752 |
k= 8 a_k=-0.00117 | B=1: 0.0000 +0.00000 | B=2: 0.0398 -0.03982 | B=3: 0.1309 +0.13085 | B=4: 0.2116 -0.21159 | B=5: 0.2254 +0.22539 | B=6: 0.1783 -0.17827 | B=7: 0.1123 +0.11234 | B>=8: 0.1017 -0.04007 |
k= 9 a_k=+0.00130 | B=1: 0.0380 +0.03795 | B=2: 0.1258 -0.12580 | B=3: 0.2061 +0.20609 | B=4: 0.2232 -0.22321 | B=5: 0.1804 +0.18041 | B=6: 0.1163 -0.11635 | B=7: 0.0627 +0.06267 | B>=8: 0.0475 -0.02046 |
k=10 a_k=-0.00121 | B=1: 0.0000 +0.00000 | B=2: 0.0357 -0.03570 | B=3: 0.1201 +0.12009 | B=4: 0.2002 -0.20016 | B=5: 0.2211 +0.22112 | B=6: 0.1828 -0.18279 | B=7: 0.1208 +0.12082 | B>=8: 0.1193 -0.04459 |
k=11 a_k=+0.00109 | B=1: 0.0334 +0.03342 | B=2: 0.1142 -0.11423 | B=3: 0.1941 +0.19413 | B=4: 0.2191 -0.21909 | B=5: 0.1852 +0.18517 | B=6: 0.1253 -0.12530 | B=7: 0.0709 +0.07086 | B>=8: 0.0578 -0.02387 |
k=12 a_k=-0.00083 | B=1: 0.0000 +0.00000 | B=2: 0.0312 -0.03117 | B=3: 0.1085 +0.10852 | B=4: 0.1883 -0.18825 | B=5: 0.2170 +0.21700 | B=6: 0.1874 -0.18740 | B=7: 0.1297 +0.12967 | B>=8: 0.1380 -0.04919 |
k=13 a_k=+0.00079 | B=1: 0.0290 +0.02905 | B=2: 0.1031 -0.10314 | B=3: 0.1825 +0.18252 | B=4: 0.2148 -0.21479 | B=5: 0.1894 +0.18944 | B=6: 0.1337 -0.13374 | B=7: 0.0788 +0.07880 | B>=8: 0.0685 -0.02733 |
k=14 a_k=-0.00089 | B=1: 0.0000 +0.00000 | B=2: 0.0271 -0.02712 | B=3: 0.0981 +0.09810 | B=4: 0.1771 -0.17710 | B=5: 0.2125 +0.21248 | B=6: 0.1912 -0.19121 | B=7: 0.1376 +0.13757 | B>=8: 0.1564 -0.05361 |
k=15 a_k=+0.00063 | B=1: 0.0254 +0.02535 | B=2: 0.0935 -0.09348 | B=3: 0.1719 +0.17191 | B=4: 0.2102 -0.21022 | B=5: 0.1926 +0.19263 | B=6: 0.1411 -0.14108 | B=7: 0.0861 +0.08614 | B>=8: 0.0792 -0.03062 |
k=16 a_k=-0.00047 | B=1: 0.0000 +0.00000 | B=2: 0.0238 -0.02377 | B=3: 0.0892 +0.08921 | B=4: 0.1670 -0.16699 | B=5: 0.2080 +0.20796 | B=6: 0.1938 -0.19378 | B=7: 0.1443 +0.14432 | B>=8: 0.1740 -0.05743 |
k=17 a_k=+0.00053 | B=1: 0.0223 +0.02231 | B=2: 0.0853 -0.08527 | B=3: 0.1624 +0.16245 | B=4: 0.2056 -0.20560 | B=5: 0.1947 +0.19470 | B=6: 0.1473 -0.14727 | B=7: 0.0928 +0.09280 | B>=8: 0.0896 -0.03359 |
k=18 a_k=-0.00037 | B=1: 0.0000 +0.00000 | B=2: 0.0210 -0.02100 | B=3: 0.0818 +0.08177 | B=4: 0.1581 -0.15809 | B=5: 0.2032 +0.20320 | B=6: 0.1954 -0.19542 | B=7: 0.1500 +0.15000 | B>=8: 0.1905 -0.06082 |
k=19 a_k=+0.00031 | B=1: 0.0198 +0.01985 | B=2: 0.0784 -0.07843 | B=3: 0.1540 +0.15399 | B=4: 0.2009 -0.20088 | B=5: 0.1959 +0.19590 | B=6: 0.1525 -0.15246 | B=7: 0.0988 +0.09879 | B>=8: 0.0997 -0.03644 |
k=20 a_k=-0.00032 | B=1: 0.0000 +0.00000 | B=2: 0.0188 -0.01882 | B=3: 0.0754 +0.07537 | B=4: 0.1501 -0.15008 | B=5: 0.1986 +0.19855 | B=6: 0.1963 -0.19629 | B=7: 0.1548 +0.15479 | B>=8: 0.2061 -0.06384 |
k=21 a_k=+0.00029 | B=1: 0.0179 +0.01787 | B=2: 0.0726 -0.07257 | B=3: 0.1464 +0.14644 | B=4: 0.1962 -0.19620 | B=5: 0.1965 +0.19648 | B=6: 0.1569 -0.15688 | B=7: 0.1042 +0.10416 | B>=8: 0.1094 -0.03901 |
k=22 a_k=-0.00024 | B=1: 0.0000 +0.00000 | B=2: 0.0170 -0.01703 | B=3: 0.0699 +0.06995 | B=4: 0.1430 -0.14299 | B=5: 0.1940 +0.19399 | B=6: 0.1965 -0.19654 | B=7: 0.1587 +0.15874 | B>=8: 0.2208 -0.06636 |
k=23 a_k=+0.00025 | B=1: 0.0162 +0.01624 | B=2: 0.0675 -0.06751 | B=3: 0.1397 +0.13968 | B=4: 0.1918 -0.19178 | B=5: 0.1965 +0.19653 | B=6: 0.1605 -0.16047 | B=7: 0.1089 +0.10893 | B>=8: 0.1189 -0.04138 |
k=24 a_k=-0.00013 | B=1: 0.0000 +0.00000 | B=2: 0.0155 -0.01551 | B=3: 0.0653 +0.06529 | B=4: 0.1366 -0.13663 | B=5: 0.1895 +0.18955 | B=6: 0.1964 -0.19638 | B=7: 0.1622 +0.16217 | B>=8: 0.2345 -0.06862 |
k=25 a_k=+0.00027 | B=1: 0.0148 +0.01483 | B=2: 0.0632 -0.06320 | B=3: 0.1337 +0.13366 | B=4: 0.1874 -0.18743 | B=5: 0.1962 +0.19617 | B=6: 0.1636 -0.16359 | B=7: 0.1133 +0.11332 | B>=8: 0.1278 -0.04350 |
k=26 a_k=-0.00003 | B=1: 0.0000 +0.00000 | B=2: 0.0142 -0.01424 | B=3: 0.0613 +0.06126 | B=4: 0.1308 -0.13081 | B=5: 0.1853 +0.18533 | B=6: 0.1958 -0.19584 | B=7: 0.1650 +0.16496 | B>=8: 0.2475 -0.07069 |
k=27 a_k=+0.00001 | B=1: 0.0137 +0.01368 | B=2: 0.0594 -0.05943 | B=3: 0.1282 +0.12821 | B=4: 0.1833 -0.18327 | B=5: 0.1955 +0.19548 | B=6: 0.1662 -0.16624 | B=7: 0.1172 +0.11719 | B>=8: 0.1365 -0.04562 |
k=28 a_k=-0.00008 | B=1: 0.0000 +0.00000 | B=2: 0.0132 -0.01316 | B=3: 0.0577 +0.05771 | B=4: 0.1257 -0.12565 | B=5: 0.1813 +0.18130 | B=6: 0.1952 -0.19516 | B=7: 0.1673 +0.16731 | B>=8: 0.2597 -0.07243 |
k=29 a_k=+0.00023 | B=1: 0.0127 +0.01268 | B=2: 0.0561 -0.05607 | B=3: 0.1232 +0.12321 | B=4: 0.1793 -0.17934 | B=5: 0.1948 +0.19475 | B=6: 0.1683 -0.16835 | B=7: 0.1208 +0.12079 | B>=8: 0.1448 -0.04745 |
k=30 a_k=-0.00004 | B=1: 0.0000 +0.00000 | B=2: 0.0122 -0.01222 | B=3: 0.0546 +0.05457 | B=4: 0.1209 -0.12089 | B=5: 0.1775 +0.17748 | B=6: 0.1942 -0.19422 | B=7: 0.1693 +0.16928 | B>=8: 0.2713 -0.07404 |
k=31 a_k=+0.00012 | B=1: 0.0118 +0.01181 | B=2: 0.0531 -0.05311 | B=3: 0.1187 +0.11869 | B=4: 0.1756 -0.17558 | B=5: 0.1937 +0.19375 | B=6: 0.1702 -0.17017 | B=7: 0.1240 +0.12398 | B>=8: 0.1529 -0.04924 |
k=32 a_k=+0.00011 | B=1: 0.0000 +0.00000 | B=2: 0.0114 -0.01142 | B=3: 0.0518 +0.05177 | B=4: 0.1165 -0.11651 | B=5: 0.1737 +0.17374 | B=6: 0.1932 -0.19322 | B=7: 0.1711 +0.17108 | B>=8: 0.2823 -0.07533 |
k=33 a_k=+0.00019 | B=1: 0.0111 +0.01106 | B=2: 0.0505 -0.05049 | B=3: 0.1145 +0.11454 | B=4: 0.1720 -0.17196 | B=5: 0.1926 +0.19264 | B=6: 0.1718 -0.17176 | B=7: 0.1270 +0.12695 | B>=8: 0.1606 -0.05080 |
k=34 a_k=-0.00015 | B=1: 0.0000 +0.00000 | B=2: 0.0107 -0.01072 | B=3: 0.0493 +0.04930 | B=4: 0.1126 -0.11260 | B=5: 0.1702 +0.17022 | B=6: 0.1921 -0.19207 | B=7: 0.1724 +0.17238 | B>=8: 0.2927 -0.07667 |
k=35 a_k=+0.00014 | B=1: 0.0104 +0.01039 | B=2: 0.0481 -0.04812 | B=3: 0.1107 +0.11071 | B=4: 0.1686 -0.16858 | B=5: 0.1914 +0.19144 | B=6: 0.1730 -0.17304 | B=7: 0.1296 +0.12961 | B>=8: 0.1681 -0.05226 |
k=36 a_k=+0.00006 | B=1: 0.0000 +0.00000 | B=2: 0.0101 -0.01010 | B=3: 0.0470 +0.04704 | B=4: 0.1088 -0.10883 | B=5: 0.1670 +0.16701 | B=6: 0.1909 -0.19085 | B=7: 0.1736 +0.17358 | B>=8: 0.3026 -0.07778 |
k=37 a_k=-0.00004 | B=1: 0.0098 +0.00980 | B=2: 0.0460 -0.04599 | B=3: 0.1071 +0.10714 | B=4: 0.1654 -0.16536 | B=5: 0.1902 +0.19023 | B=6: 0.1741 -0.17407 | B=7: 0.1320 +0.13201 | B>=8: 0.1754 -0.05380 |
k=38 a_k=-0.00016 | B=1: 0.0000 +0.00000 | B=2: 0.0095 -0.00954 | B=3: 0.0450 +0.04497 | B=4: 0.1055 -0.10550 | B=5: 0.1637 +0.16375 | B=6: 0.1896 -0.18962 | B=7: 0.1746 +0.17456 | B>=8: 0.3121 -0.07877 |
k=39 a_k=+0.00014 | B=1: 0.0093 +0.00928 | B=2: 0.0440 -0.04402 | B=3: 0.1039 +0.10389 | B=4: 0.1622 -0.16225 | B=5: 0.1890 +0.18898 | B=6: 0.1750 -0.17499 | B=7: 0.1343 +0.13431 | B>=8: 0.1823 -0.05506 |
k=40 a_k=+0.00007 | B=1: 0.0000 +0.00000 | B=2: 0.0090 -0.00904 | B=3: 0.0431 +0.04314 | B=4: 0.1023 -0.10227 | B=5: 0.1608 +0.16079 | B=6: 0.1883 -0.18831 | B=7: 0.1754 +0.17538 | B>=8: 0.3211 -0.07961 |
