n=100 squares=60 triples/square=600
  X1: 353
  X2: 323
  X3: 342
  Y3: 30880
  a_eta_type1: 342
  a_gamma_avoids_r2r3: 342
  a_intercalate: 342
  b_inverse: 724
  b_legal: 724
  b_reversed: 724
  b_rowset_same: 724
  b_toggle: 724
  b_tried: 724
  b_uv_good_skip: 743
  c_g_increase: 578
  c_inverse: 578
  c_legal: 578
  c_nogood: 30
  c_others_same: 578
  c_split_ok: 578
  c_stays_X3: 578
  c_tried: 578
  c_xi_leaves: 0
  d_Lpp_in_X3: 155
  d_case1: 166
  d_case2: 155
  d_colswitch_legal: 155
  d_inverse: 321
  d_lands_Y2_minus_X3: 321
  d_rho_avoids_c2: 155
  d_rpp_is_x: 321
  d_tried: 321
  notY: 4102
  g/f over X3 instances: N=342 mean=0.246 min=0.000 10%=0.032 median=0.202  (bound 1/30=0.033)
