n=30 squares=200 triples/square=300
  X1: 2034
  X2: 1751
  X3: 1485
  Y3: 34417
  a_eta_type1: 1485
  a_gamma_avoids_r2r3: 1485
  a_intercalate: 1485
  b_inverse: 1864
  b_legal: 1864
  b_reversed: 1864
  b_rowset_same: 1864
  b_toggle: 1864
  b_tried: 1864
  b_uv_good_skip: 1966
  c_g_increase: 2135
  c_inverse: 2135
  c_legal: 2135
  c_nogood: 417
  c_others_same: 2135
  c_split_ok: 2135
  c_stays_X3: 2135
  c_tried: 2135
  c_xi_leaves: 0
  d_Lpp_in_X3: 548
  d_case1: 537
  d_case2: 548
  d_colswitch_legal: 548
  d_inverse: 1085
  d_lands_Y2_minus_X3: 1085
  d_rho_avoids_c2: 548
  d_rpp_is_x: 1085
  d_tried: 1085
  notY: 20313
  g/f over X3 instances: N=1485 mean=0.227 min=0.000 10%=0.000 median=0.167  (bound 1/30=0.033)
