n=50 squares=150 triples/square=400
  X1: 1228
  X2: 1095
  X3: 1039
  Y3: 43653
  a_eta_type1: 1039
  a_gamma_avoids_r2r3: 1039
  a_intercalate: 1039
  b_inverse: 1750
  b_legal: 1750
  b_reversed: 1750
  b_rowset_same: 1750
  b_toggle: 1750
  b_tried: 1750
  b_uv_good_skip: 1903
  c_g_increase: 1665
  c_inverse: 1665
  c_legal: 1665
  c_nogood: 187
  c_others_same: 1665
  c_split_ok: 1665
  c_stays_X3: 1665
  c_tried: 1665
  c_xi_leaves: 0
  d_Lpp_in_X3: 437
  d_case1: 448
  d_case2: 437
  d_colswitch_legal: 437
  d_inverse: 885
  d_lands_Y2_minus_X3: 885
  d_rho_avoids_c2: 437
  d_rpp_is_x: 885
  d_tried: 885
  notY: 12985
  g/f over X3 instances: N=1039 mean=0.234 min=0.000 10%=0.000 median=0.182  (bound 1/30=0.033)
